Component: ARM Compiler 5.06 update 6 (build 750) Tool: armlink [4d35ed]

==============================================================================

Section Cross References

    main.o(i.CheckRetCode) refers to _printf_percent.o(.ARM.Collect$$_printf_percent$$00000000) for _printf_percent
    main.o(i.CheckRetCode) refers to _printf_d.o(.ARM.Collect$$_printf_percent$$00000009) for _printf_d
    main.o(i.CheckRetCode) refers to _printf_dec.o(.text) for _printf_int_dec
    main.o(i.CheckRetCode) refers to _printf_s.o(.ARM.Collect$$_printf_percent$$00000014) for _printf_s
    main.o(i.CheckRetCode) refers to _printf_str.o(.text) for _printf_str
    main.o(i.CheckRetCode) refers to noretval__2printf.o(.text) for __2printf
    main.o(i.DebugFrame) refers to putc.o(.text) for putc
    main.o(i.DebugFrame) refers to stdio_streams.o(.bss) for __stdout
    main.o(i.DebugMacFrame) refers to putc.o(.text) for putc
    main.o(i.DebugMacFrame) refers to stdio_streams.o(.bss) for __stdout
    main.o(i.HAL_GetTick) refers to rtx_kernel.o(i.osKernelGetTickCount) for osKernelGetTickCount
    main.o(i.SystemClock_Config) refers to stm32f7xx_hal_rcc.o(i.HAL_RCC_OscConfig) for HAL_RCC_OscConfig
    main.o(i.SystemClock_Config) refers to stm32f7xx_hal_pwr_ex.o(i.HAL_PWREx_EnableOverDrive) for HAL_PWREx_EnableOverDrive
    main.o(i.SystemClock_Config) refers to stm32f7xx_hal_rcc.o(i.HAL_RCC_ClockConfig) for HAL_RCC_ClockConfig
    main.o(i.SystemClock_Config) refers to stm32f7xx_hal_rcc_ex.o(i.HAL_RCCEx_GetPeriphCLKConfig) for HAL_RCCEx_GetPeriphCLKConfig
    main.o(i.SystemClock_Config) refers to stm32f7xx_hal_rcc_ex.o(i.HAL_RCCEx_PeriphCLKConfig) for HAL_RCCEx_PeriphCLKConfig
    main.o(i.main) refers to main.o(i.SystemClock_Config) for SystemClock_Config
    main.o(i.main) refers to eventrecorder.o(i.EventRecorderInitialize) for EventRecorderInitialize
    main.o(i.main) refers to eventrecorder.o(i.EventRecorderDisable) for EventRecorderDisable
    main.o(i.main) refers to eventrecorder.o(i.EventRecorderStart) for EventRecorderStart
    main.o(i.main) refers to rtx_kernel.o(i.osKernelInitialize) for osKernelInitialize
    main.o(i.main) refers to ext_led.o(i.Ext_LED_Init) for Ext_LED_Init
    main.o(i.main) refers to ext_uart.o(i.Ext_UART_Init) for Ext_UART_Init
    main.o(i.main) refers to ext_led.o(i.Ext_LED_PWM) for Ext_LED_PWM
    main.o(i.main) refers to rtx_mempool.o(i.osMemoryPoolNew) for osMemoryPoolNew
    main.o(i.main) refers to rtx_evflags.o(i.osEventFlagsNew) for osEventFlagsNew
    main.o(i.main) refers to rtx_msgqueue.o(i.osMessageQueueNew) for osMessageQueueNew
    main.o(i.main) refers to rtx_thread.o(i.osThreadNew) for osThreadNew
    main.o(i.main) refers to rtx_kernel.o(i.osKernelStart) for osKernelStart
    main.o(i.main) refers to main.o(.bss) for gTokenInterface
    main.o(i.main) refers to main.o(.data) for memPool
    main.o(i.main) refers to main.o(.constdata) for queue_macSBuffer_attr
    main.o(i.main) refers to debug.o(i.DebugStation) for DebugStation
    main.o(i.main) refers to phy_receiver.o(i.PhReceiver) for PhReceiver
    main.o(i.main) refers to phy_sender.o(i.PhSender) for PhSender
    main.o(i.main) refers to mac_receiver.o(i.MacReceiver) for MacReceiver
    main.o(i.main) refers to mac_sender.o(i.MacSender) for MacSender
    main.o(i.main) refers to time_receiver.o(i.TimeReceiver) for TimeReceiver
    main.o(i.main) refers to time_sender.o(i.TimeSender) for TimeSender
    main.o(i.main) refers to chat_receiver.o(i.ChatReceiver) for ChatReceiver
    main.o(i.main) refers to chat_sender.o(i.ChatSender) for ChatSender
    main.o(i.main) refers to touch.o(i.Touch) for Touch
    main.o(i.main) refers to lcd.o(i.LCD) for LCD
    main.o(.constdata) refers to main.o(.conststring) for .conststring
    lcd.o(i.LCD) refers to _printf_percent.o(.ARM.Collect$$_printf_percent$$00000000) for _printf_percent
    lcd.o(i.LCD) refers to _printf_d.o(.ARM.Collect$$_printf_percent$$00000009) for _printf_d
    lcd.o(i.LCD) refers to _printf_dec.o(.text) for _printf_int_dec
    lcd.o(i.LCD) refers to _printf_s.o(.ARM.Collect$$_printf_percent$$00000014) for _printf_s
    lcd.o(i.LCD) refers to _printf_str.o(.text) for _printf_str
    lcd.o(i.LCD) refers to gfx.o(i.gfxInit) for gfxInit
    lcd.o(i.LCD) refers to gdisp.o(i.gdispGClear) for gdispGClear
    lcd.o(i.LCD) refers to gdisp_fonts.o(i.gdispOpenFont) for gdispOpenFont
    lcd.o(i.LCD) refers to gwin.o(i.gwinSetDefaultFont) for gwinSetDefaultFont
    lcd.o(i.LCD) refers to gwin_widget.o(i.gwinSetDefaultStyle) for gwinSetDefaultStyle
    lcd.o(i.LCD) refers to gui.o(i.guiInit) for guiInit
    lcd.o(i.LCD) refers to gevent.o(i.geventListenerInit) for geventListenerInit
    lcd.o(i.LCD) refers to gwin_widget.o(i.gwinAttachListener) for gwinAttachListener
    lcd.o(i.LCD) refers to gui.o(i.guiShowPage) for guiShowPage
    lcd.o(i.LCD) refers to noretval__2sprintf.o(.text) for __2sprintf
[...]
    0x08003a3c   0x08003a3c   0x0000001c   Code   RO         1304    i.EvrRtxMemoryInit  rtx_evr.o
    0x08003a58   0x08003a58   0x00000018   Code   RO         1305    i.EvrRtxMemoryPoolAlloc  rtx_evr.o
    0x08003a70   0x08003a70   0x00000014   Code   RO         1306    i.EvrRtxMemoryPoolAllocFailed  rtx_evr.o
    0x08003a84   0x08003a84   0x00000018   Code   RO         1307    i.EvrRtxMemoryPoolAllocPending  rtx_evr.o
    0x08003a9c   0x08003a9c   0x00000014   Code   RO         1308    i.EvrRtxMemoryPoolAllocTimeout  rtx_evr.o
    0x08003ab0   0x08003ab0   0x00000018   Code   RO         1309    i.EvrRtxMemoryPoolAllocated  rtx_evr.o
    0x08003ac8   0x08003ac8   0x00000018   Code   RO         1310    i.EvrRtxMemoryPoolCreated  rtx_evr.o
    0x08003ae0   0x08003ae0   0x00000018   Code   RO         1311    i.EvrRtxMemoryPoolDeallocated  rtx_evr.o
    0x08003af8   0x08003af8   0x00000014   Code   RO         1314    i.EvrRtxMemoryPoolError  rtx_evr.o
    0x08003b0c   0x08003b0c   0x00000018   Code   RO         1315    i.EvrRtxMemoryPoolFree  rtx_evr.o
    0x08003b24   0x08003b24   0x00000018   Code   RO         1316    i.EvrRtxMemoryPoolFreeFailed  rtx_evr.o
    0x08003b3c   0x08003b3c   0x00000020   Code   RO         1322    i.EvrRtxMemoryPoolNew  rtx_evr.o
    0x08003b5c   0x08003b5c   0x00000018   Code   RO         1323    i.EvrRtxMessageQueueCreated  rtx_evr.o
    0x08003b74   0x08003b74   0x00000014   Code   RO         1326    i.EvrRtxMessageQueueError  rtx_evr.o
    0x08003b88   0x08003b88   0x00000020   Code   RO         1327    i.EvrRtxMessageQueueGet  rtx_evr.o
    0x08003ba8   0x08003ba8   0x00000020   Code   RO         1332    i.EvrRtxMessageQueueGetPending  rtx_evr.o
    0x08003bc8   0x08003bc8   0x00000014   Code   RO         1334    i.EvrRtxMessageQueueGetTimeout  rtx_evr.o
    0x08003bdc   0x08003bdc   0x00000018   Code   RO         1335    i.EvrRtxMessageQueueInsertPending  rtx_evr.o
    0x08003bf4   0x08003bf4   0x00000018   Code   RO         1336    i.EvrRtxMessageQueueInserted  rtx_evr.o
    0x08003c0c   0x08003c0c   0x00000020   Code   RO         1337    i.EvrRtxMessageQueueNew  rtx_evr.o
    0x08003c2c   0x08003c2c   0x00000018   Code   RO         1338    i.EvrRtxMessageQueueNotInserted  rtx_evr.o
    0x08003c44   0x08003c44   0x00000018   Code   RO         1339    i.EvrRtxMessageQueueNotRetrieved  rtx_evr.o
    0x08003c5c   0x08003c5c   0x00000020   Code   RO         1340    i.EvrRtxMessageQueuePut  rtx_evr.o
    0x08003c7c   0x08003c7c   0x00000020   Code   RO         1341    i.EvrRtxMessageQueuePutPending  rtx_evr.o
    0x08003c9c   0x08003c9c   0x00000014   Code   RO         1342    i.EvrRtxMessageQueuePutTimeout  rtx_evr.o
    0x08003cb0   0x08003cb0   0x00000018   Code   RO         1345    i.EvrRtxMessageQueueRetrieved  rtx_evr.o
    0x08003cc8   0x08003cc8   0x00000018   Code   RO         1346    i.EvrRtxThreadBlocked  rtx_evr.o
    0x08003ce0   0x08003ce0   0x00000028   Code   RO         1347    i.EvrRtxThreadCreated  rtx_evr.o
    0x08003d08   0x08003d08   0x00000014   Code   RO         1348    i.EvrRtxThreadDestroyed  rtx_evr.o
    0x08003d1c   0x08003d1c   0x00000014   Code   RO         1352    i.EvrRtxThreadError  rtx_evr.o
    0x08003d30   0x08003d30   0x00000014   Code   RO         1353    i.EvrRtxThreadExit  rtx_evr.o
    0x08003d44   0x08003d44   0x00000020   Code   RO         1361    i.EvrRtxThreadFlagsWaitCompleted  rtx_evr.o
    0x08003d64   0x08003d64   0x00000014   Code   RO         1364    i.EvrRtxThreadFlagsWaitTimeout  rtx_evr.o
    0x08003d78   0x08003d78   0x00000014   Code   RO         1366    i.EvrRtxThreadGetId  rtx_evr.o
    0x08003d8c   0x08003d8c   0x00000014   Code   RO         1374    i.EvrRtxThreadJoined  rtx_evr.o
    0x08003da0   0x08003da0   0x00000020   Code   RO         1375    i.EvrRtxThreadNew   rtx_evr.o
    0x08003dc0   0x08003dc0   0x00000014   Code   RO         1376    i.EvrRtxThreadPreempted  rtx_evr.o
    0x08003dd4   0x08003dd4   0x00000014   Code   RO         1383    i.EvrRtxThreadSwitched  rtx_evr.o
    0x08003de8   0x08003de8   0x00000018   Code   RO         1385    i.EvrRtxThreadUnblocked  rtx_evr.o
    0x08003e00   0x08003e00   0x00000014   Code   RO         1386    i.EvrRtxThreadYield  rtx_evr.o
    0x08003e14   0x08003e14   0x00000018   Code   RO         1387    i.EvrRtxTimerCallback  rtx_evr.o
    0x08003e2c   0x08003e2c   0x0000016c   Code   RO         6420    i.Ext_Keyboard_Init  ext_keyboard.o
    0x08003f98   0x08003f98   0x0000025c   Code   RO         6468    i.Ext_LED_Init      ext_led.o
    0x080041f4   0x080041f4   0x00000058   Code   RO         6469    i.Ext_LED_Off       ext_led.o
    0x0800424c   0x0800424c   0x00000058   Code   RO         6471    i.Ext_LED_PWM       ext_led.o
    0x080042a4   0x080042a4   0x00000048   Code   RO         6527    i.Ext_UART_Init     ext_uart.o
    0x080042ec   0x080042ec   0x00000124   Code   RO        11214    i.GTimerThreadHandler  gtimer.o
    0x08004410   0x08004410   0x00000010   Code   RO         4135    i.GetContext        eventrecorder.o
    0x08004420   0x08004420   0x0000044c   Code   RO        10287    i.GetMouseReading   ginput_mouse.o
    0x0800486c   0x0800486c   0x000000aa   Code   RO         4668    i.HAL_DMA_Abort     stm32f7xx_hal_dma.o
    0x08004916   0x08004916   0x00000028   Code   RO         4669    i.HAL_DMA_Abort_IT  stm32f7xx_hal_dma.o
    0x0800493e   0x0800493e   0x0000006e   Code   RO         4670    i.HAL_DMA_DeInit    stm32f7xx_hal_dma.o
    0x080049ac   0x080049ac   0x00000240   Code   RO         4673    i.HAL_DMA_IRQHandler  stm32f7xx_hal_dma.o
    0x08004bec   0x08004bec   0x000000ec   Code   RO         4674    i.HAL_DMA_Init      stm32f7xx_hal_dma.o
    0x08004cd8   0x08004cd8   0x0000009e   Code   RO         4678    i.HAL_DMA_Start_IT  stm32f7xx_hal_dma.o
    0x08004d76   0x08004d76   0x00000002   PAD
    0x08004d78   0x08004d78   0x00000028   Code   RO         4334    i.HAL_Delay         stm32f7xx_hal.o
    0x08004da0   0x08004da0   0x00000180   Code   RO         4812    i.HAL_GPIO_DeInit   stm32f7xx_hal_gpio.o
    0x08004f20   0x08004f20   0x00000050   Code   RO          442    i.HAL_GPIO_EXTI_Callback  chat_sender.o
    0x08004f70   0x08004f70   0x0000001c   Code   RO         4814    i.HAL_GPIO_EXTI_IRQHandler  stm32f7xx_hal_gpio.o
    0x08004f8c   0x08004f8c   0x00000218   Code   RO         4815    i.HAL_GPIO_Init     stm32f7xx_hal_gpio.o
    0x080051a4   0x080051a4   0x00000010   Code   RO         4817    i.HAL_GPIO_ReadPin  stm32f7xx_hal_gpio.o
    0x080051b4   0x080051b4   0x0000000c   Code   RO         4819    i.HAL_GPIO_WritePin  stm32f7xx_hal_gpio.o
    0x080051c0   0x080051c0   0x00000008   Code   RO            7    i.HAL_GetTick       main.o
    0x080051c8   0x080051c8   0x0000004c   Code   RO         4350    i.HAL_InitTick      stm32f7xx_hal.o
    0x08005214   0x08005214   0x00000024   Code   RO         4528    i.HAL_NVIC_ClearPendingIRQ  stm32f7xx_hal_cortex.o
    0x08005238   0x08005238   0x00000044   Code   RO         4529    i.HAL_NVIC_DisableIRQ  stm32f7xx_hal_cortex.o
    0x0800527c   0x0800527c   0x00000020   Code   RO         4530    i.HAL_NVIC_EnableIRQ  stm32f7xx_hal_cortex.o
    0x0800529c   0x0800529c   0x0000007c   Code   RO         4536    i.HAL_NVIC_SetPriority  stm32f7xx_hal_cortex.o
    0x08005318   0x08005318   0x00000090   Code   RO         5008    i.HAL_PWREx_EnableOverDrive  stm32f7xx_hal_pwr_ex.o
    0x080053a8   0x080053a8   0x000001a4   Code   RO         5200    i.HAL_RCCEx_GetPeriphCLKConfig  stm32f7xx_hal_rcc_ex.o
    0x0800554c   0x0800554c   0x000001cc   Code   RO         5201    i.HAL_RCCEx_GetPeriphCLKFreq  stm32f7xx_hal_rcc_ex.o
    0x08005718   0x08005718   0x000006e0   Code   RO         5202    i.HAL_RCCEx_PeriphCLKConfig  stm32f7xx_hal_rcc_ex.o
    0x08005df8   0x08005df8   0x00000194   Code   RO         5095    i.HAL_RCC_ClockConfig  stm32f7xx_hal_rcc.o
    0x08005f8c   0x08005f8c   0x0000000c   Code   RO         5100    i.HAL_RCC_GetHCLKFreq  stm32f7xx_hal_rcc.o
    0x08005f98   0x08005f98   0x00000020   Code   RO         5102    i.HAL_RCC_GetPCLK1Freq  stm32f7xx_hal_rcc.o
    0x08005fb8   0x08005fb8   0x00000020   Code   RO         5103    i.HAL_RCC_GetPCLK2Freq  stm32f7xx_hal_rcc.o
    0x08005fd8   0x08005fd8   0x000000b0   Code   RO         5104    i.HAL_RCC_GetSysClockFreq  stm32f7xx_hal_rcc.o
    0x08006088   0x08006088   0x00000504   Code   RO         5107    i.HAL_RCC_OscConfig  stm32f7xx_hal_rcc.o
    0x0800658c   0x0800658c   0x000000f2   Code   RO         5423    i.HAL_SPI_Init      stm32f7xx_hal_spi.o
    0x0800667e   0x0800667e   0x00000002   Code   RO         5425    i.HAL_SPI_MspInit   stm32f7xx_hal_spi.o
    0x08006680   0x08006680   0x00000288   Code   RO         5426    i.HAL_SPI_Receive   stm32f7xx_hal_spi.o
    0x08006908   0x08006908   0x000003d2   Code   RO         5432    i.HAL_SPI_TransmitReceive  stm32f7xx_hal_spi.o
    0x08006cda   0x08006cda   0x00000034   Code   RO         4541    i.HAL_SYSTICK_Config  stm32f7xx_hal_cortex.o
    0x08006d0e   0x08006d0e   0x00000002   Code   RO         5807    i.HAL_UART_ErrorCallback  stm32f7xx_hal_uart.o
    0x08006d10   0x08006d10   0x00000198   Code   RO         5810    i.HAL_UART_IRQHandler  stm32f7xx_hal_uart.o
    0x08006ea8   0x08006ea8   0x00000074   Code   RO         5811    i.HAL_UART_Init     stm32f7xx_hal_uart.o
    0x08006f1c   0x08006f1c   0x00000078   Code   RO         6528    i.HAL_UART_MspInit  ext_uart.o
    0x08006f94   0x08006f94   0x000000e4   Code   RO         5816    i.HAL_UART_Receive_IT  stm32f7xx_hal_uart.o
    0x08007078   0x08007078   0x00000104   Code   RO          602    i.HAL_UART_RxCpltCallback  phy_receiver.o
    0x0800717c   0x0800717c   0x00000014   Code   RO          636    i.HAL_UART_TxCpltCallback  phy_sender.o
    0x08007190   0x08007190   0x00000018   Code   RO         3753    i.I2C3_Control      i2c_stm32f7xx.o
    0x080071a8   0x080071a8   0x00000010   Code   RO         3754    i.I2C3_ER_IRQHandler  i2c_stm32f7xx.o
    0x080071b8   0x080071b8   0x00000010   Code   RO         3755    i.I2C3_EV_IRQHandler  i2c_stm32f7xx.o
    0x080071c8   0x080071c8   0x00000010   Code   RO         3756    i.I2C3_GetDataCount  i2c_stm32f7xx.o
    0x080071d8   0x080071d8   0x00000010   Code   RO         3757    i.I2C3_GetStatus    i2c_stm32f7xx.o
    0x080071e8   0x080071e8   0x00000014   Code   RO         3758    i.I2C3_Initialize   i2c_stm32f7xx.o
    0x080071fc   0x080071fc   0x00000020   Code   RO         3759    i.I2C3_MasterReceive  i2c_stm32f7xx.o
    0x0800721c   0x0800721c   0x00000020   Code   RO         3760    i.I2C3_MasterTransmit  i2c_stm32f7xx.o
    0x0800723c   0x0800723c   0x00000014   Code   RO         3761    i.I2C3_PowerControl  i2c_stm32f7xx.o
    0x08007250   0x08007250   0x00000018   Code   RO         3762    i.I2C3_SlaveReceive  i2c_stm32f7xx.o
    0x08007268   0x08007268   0x00000018   Code   RO         3763    i.I2C3_SlaveTransmit  i2c_stm32f7xx.o
    0x08007280   0x08007280   0x00000010   Code   RO         3764    i.I2C3_Uninitialize  i2c_stm32f7xx.o
    0x08007290   0x08007290   0x0000000c   Code   RO         3765    i.I2CX_GetCapabilities  i2c_stm32f7xx.o
    0x0800729c   0x0800729c   0x00000010   Code   RO         3766    i.I2CX_GetVersion   i2c_stm32f7xx.o
    0x080072ac   0x080072ac   0x00000304   Code   RO         3767    i.I2C_Control       i2c_stm32f7xx.o
    0x080075b0   0x080075b0   0x00000096   Code   RO         3768    i.I2C_ER_IRQHandler  i2c_stm32f7xx.o
    0x08007646   0x08007646   0x00000002   PAD
    0x08007648   0x08007648   0x00000278   Code   RO         3769    i.I2C_EV_IRQHandler  i2c_stm32f7xx.o
    0x080078c0   0x080078c0   0x00000008   Code   RO         3770    i.I2C_GetDataCount  i2c_stm32f7xx.o
    0x080078c8   0x080078c8   0x000000cc   Code   RO         3771    i.I2C_GetSCLRatio   i2c_stm32f7xx.o
    0x08007994   0x08007994   0x00000008   Code   RO         3772    i.I2C_GetStatus     i2c_stm32f7xx.o
    0x0800799c   0x0800799c   0x00000130   Code   RO         3773    i.I2C_GetTimingValue  i2c_stm32f7xx.o
    0x08007acc   0x08007acc   0x000001e4   Code   RO         3774    i.I2C_Initialize    i2c_stm32f7xx.o
    0x08007cb0   0x08007cb0   0x0000015c   Code   RO         3775    i.I2C_MasterReceive  i2c_stm32f7xx.o
    0x08007e0c   0x08007e0c   0x00000152   Code   RO         3776    i.I2C_MasterTransmit  i2c_stm32f7xx.o
    0x08007f5e   0x08007f5e   0x00000002   PAD
    0x08007f60   0x08007f60   0x000003a4   Code   RO         3777    i.I2C_PowerControl  i2c_stm32f7xx.o
    0x08008304   0x08008304   0x0000005c   Code   RO         3778    i.I2C_SlaveReceive  i2c_stm32f7xx.o
    0x08008360   0x08008360   0x00000088   Code   RO         3779    i.I2C_SlaveTransmit  i2c_stm32f7xx.o
    0x080083e8   0x080083e8   0x00000034   Code   RO         3780    i.I2C_Uninitialize  i2c_stm32f7xx.o
    0x0800841c   0x0800841c   0x00000030   Code   RO         4243    i.ITM_SendChar      retarget_io.o
    0x0800844c   0x0800844c   0x00000018   Code   RO        12323    i.ImageDestroy      gwin_image.o
    0x08008464   0x08008464   0x00000152   Code   RO        12324    i.ImageRedraw       gwin_image.o
    0x080085b6   0x080085b6   0x00000018   Code   RO         1035    i.IsIrqMasked       rtx_delay.o
    0x080085ce   0x080085ce   0x00000018   Code   RO         1122    i.IsIrqMasked       rtx_evflags.o
    0x080085e6   0x080085e6   0x00000018   Code   RO         2141    i.IsIrqMasked       rtx_kernel.o
    0x080085fe   0x080085fe   0x00000018   Code   RO         2486    i.IsIrqMasked       rtx_mempool.o
    0x08008616   0x08008616   0x00000018   Code   RO         2648    i.IsIrqMasked       rtx_msgqueue.o
    0x0800862e   0x0800862e   0x00000018   Code   RO         2826    i.IsIrqMasked       rtx_mutex.o
    0x08008646   0x08008646   0x00000018   Code   RO         2933    i.IsIrqMasked       rtx_semaphore.o
    0x0800865e   0x0800865e   0x00000018   Code   RO         3105    i.IsIrqMasked       rtx_thread.o
    0x08008676   0x08008676   0x00000010   Code   RO         1036    i.IsIrqMode         rtx_delay.o
    0x08008686   0x08008686   0x00000010   Code   RO         1123    i.IsIrqMode         rtx_evflags.o
    0x08008696   0x08008696   0x00000010   Code   RO         2142    i.IsIrqMode         rtx_kernel.o
    0x080086a6   0x080086a6   0x00000010   Code   RO         2487    i.IsIrqMode         rtx_mempool.o
    0x080086b6   0x080086b6   0x00000010   Code   RO         2649    i.IsIrqMode         rtx_msgqueue.o
    0x080086c6   0x080086c6   0x00000010   Code   RO         2827    i.IsIrqMode         rtx_mutex.o
    0x080086d6   0x080086d6   0x00000010   Code   RO         2934    i.IsIrqMode         rtx_semaphore.o
    0x080086e6   0x080086e6   0x00000010   Code   RO         3106    i.IsIrqMode         rtx_thread.o
    0x080086f6   0x080086f6   0x00000010   Code   RO         2143    i.IsPrivileged      rtx_kernel.o
    0x08008706   0x08008706   0x00000002   PAD
    0x08008708   0x08008708   0x00000704   Code   RO          379    i.LCD               lcd.o
    0x08008e0c   0x08008e0c   0x00000200   Code   RO          578    i.MacReceiver       mac_receiver.o
    0x0800900c   0x0800900c   0x0000042c   Code   RO          554    i.MacSender         mac_sender.o
    0x08009438   0x08009438   0x0000000a   Code   RO         2435    i.MemBlockPtr       rtx_memory.o
    0x08009442   0x08009442   0x00000034   Code   RO         2650    i.MessageQueueGet   rtx_msgqueue.o
    0x08009476   0x08009476   0x0000004c   Code   RO         2651    i.MessageQueuePut   rtx_msgqueue.o
    0x080094c2   0x080094c2   0x00000022   Code   RO         2652    i.MessageQueueRemove  rtx_msgqueue.o
    0x080094e4   0x080094e4   0x00000038   Code   RO        10288    i.MousePoll         ginput_mouse.o
    0x0800951c   0x0800951c   0x00000008   Code   RO         3648    i.OS_Tick_AcknowledgeIRQ  os_systick.o
    0x08009524   0x08009524   0x00000030   Code   RO         3650    i.OS_Tick_Enable    os_systick.o
    0x08009554   0x08009554   0x00000006   Code   RO         3653    i.OS_Tick_GetIRQn   os_systick.o
    0x0800955a   0x0800955a   0x00000002   PAD
    0x0800955c   0x0800955c   0x00000050   Code   RO         3656    i.OS_Tick_Setup     os_systick.o
    0x080095ac   0x080095ac   0x00000114   Code   RO          603    i.PhReceiver        phy_receiver.o
    0x080096c0   0x080096c0   0x00000070   Code   RO          637    i.PhSender          phy_sender.o
    0x08009730   0x08009730   0x00000002   Code   RO         9769    i.ROMClose          gfile_fs_rom.o
    0x08009732   0x08009732   0x00000014   Code   RO         9770    i.ROMEof            gfile_fs_rom.o
    0x08009746   0x08009746   0x00000014   Code   RO         9771    i.ROMExists         gfile_fs_rom.o
    0x0800975a   0x0800975a   0x00000016   Code   RO         9772    i.ROMFilesize       gfile_fs_rom.o
    0x08009770   0x08009770   0x00000030   Code   RO         9773    i.ROMFindFile       gfile_fs_rom.o
    0x080097a0   0x080097a0   0x00000008   Code   RO         9774    i.ROMGetsize        gfile_fs_rom.o
    0x080097a8   0x080097a8   0x00000018   Code   RO         9775    i.ROMOpen           gfile_fs_rom.o
    0x080097c0   0x080097c0   0x00000038   Code   RO         9776    i.ROMRead           gfile_fs_rom.o
    0x080097f8   0x080097f8   0x00000012   Code   RO         9777    i.ROMSetpos         gfile_fs_rom.o
    0x0800980a   0x0800980a   0x00000010   Code   RO        12438    i.RadioMouseDown    gwin_radio.o
    0x0800981a   0x0800981a   0x0000000c   Code   RO        12683    i.RedrawTimerFn     gwin_wm.o
    0x08009826   0x08009826   0x00000002   PAD
    0x08009828   0x08009828   0x00000010   Code   RO         3930    i.SAI2_A_DMA_Complete  sai_stm32f7xx.o
    0x08009838   0x08009838   0x00000010   Code   RO         3931    i.SAI2_B_DMA_Complete  sai_stm32f7xx.o
    0x08009848   0x08009848   0x0000001c   Code   RO         3932    i.SAI2_Control      sai_stm32f7xx.o
    0x08009864   0x08009864   0x00000010   Code   RO         3933    i.SAI2_GetCapabilities  sai_stm32f7xx.o
    0x08009874   0x08009874   0x00000010   Code   RO         3934    i.SAI2_GetRxCount   sai_stm32f7xx.o
    0x08009884   0x08009884   0x00000010   Code   RO         3935    i.SAI2_GetStatus    sai_stm32f7xx.o
    0x08009894   0x08009894   0x00000010   Code   RO         3936    i.SAI2_GetTxCount   sai_stm32f7xx.o
    0x080098a4   0x080098a4   0x00000010   Code   RO         3937    i.SAI2_IRQHandler   sai_stm32f7xx.o
    0x080098b4   0x080098b4   0x00000014   Code   RO         3938    i.SAI2_Initialize   sai_stm32f7xx.o
    0x080098c8   0x080098c8   0x00000014   Code   RO         3939    i.SAI2_PowerControl  sai_stm32f7xx.o
    0x080098dc   0x080098dc   0x00000018   Code   RO         3940    i.SAI2_Receive      sai_stm32f7xx.o
    0x080098f4   0x080098f4   0x00000018   Code   RO         3941    i.SAI2_Send         sai_stm32f7xx.o
    0x0800990c   0x0800990c   0x00000010   Code   RO         3942    i.SAI2_Uninitialize  sai_stm32f7xx.o
    0x0800991c   0x0800991c   0x000007f2   Code   RO         3943    i.SAI_Control       sai_stm32f7xx.o
    0x0800a10e   0x0800a10e   0x00000006   Code   RO         3944    i.SAI_GetCapabilities  sai_stm32f7xx.o
    0x0800a114   0x0800a114   0x00000024   Code   RO         3945    i.SAI_GetRxCount    sai_stm32f7xx.o
    0x0800a138   0x0800a138   0x0000008a   Code   RO         3946    i.SAI_GetStatus     sai_stm32f7xx.o
    0x0800a1c2   0x0800a1c2   0x00000024   Code   RO         3947    i.SAI_GetTxCount    sai_stm32f7xx.o
    0x0800a1e6   0x0800a1e6   0x00000002   PAD
    0x0800a1e8   0x0800a1e8   0x00000010   Code   RO         3948    i.SAI_GetVersion    sai_stm32f7xx.o
    0x0800a1f8   0x0800a1f8   0x00000208   Code   RO         3949    i.SAI_IRQHandler    sai_stm32f7xx.o
    0x0800a400   0x0800a400   0x000003b8   Code   RO         3950    i.SAI_Initialize    sai_stm32f7xx.o
    0x0800a7b8   0x0800a7b8   0x000002c0   Code   RO         3951    i.SAI_PowerControl  sai_stm32f7xx.o
    0x0800aa78   0x0800aa78   0x0000003e   Code   RO         3952    i.SAI_RX_DMA_Complete  sai_stm32f7xx.o
    0x0800aab6   0x0800aab6   0x00000112   Code   RO         3953    i.SAI_Receive       sai_stm32f7xx.o
    0x0800abc8   0x0800abc8   0x00000112   Code   RO         3954    i.SAI_Send          sai_stm32f7xx.o
    0x0800acda   0x0800acda   0x0000003e   Code   RO         3955    i.SAI_TX_DMA_Complete  sai_stm32f7xx.o
    0x0800ad18   0x0800ad18   0x000000dc   Code   RO         3956    i.SAI_Uninitialize  sai_stm32f7xx.o
    0x0800adf4   0x0800adf4   0x00000082   Code   RO         5462    i.SPI_EndRxTransaction  stm32f7xx_hal_spi.o
    0x0800ae76   0x0800ae76   0x00000064   Code   RO         5463    i.SPI_EndRxTxTransaction  stm32f7xx_hal_spi.o
    0x0800aeda   0x0800aeda   0x000000aa   Code   RO         5470    i.SPI_WaitFifoStateUntilTimeout  stm32f7xx_hal_spi.o
    0x0800af84   0x0800af84   0x000000a8   Code   RO         5471    i.SPI_WaitFlagStateUntilTimeout  stm32f7xx_hal_spi.o
    0x0800b02c   0x0800b02c   0x00000838   Code   RO         6422    i.ScanCodeAnalyse   ext_keyboard.o
    0x0800b864   0x0800b864   0x00000018   Code   RO         2935    i.SemaphoreTokenDecrement  rtx_semaphore.o
    0x0800b87c   0x0800b87c   0x0000001e   Code   RO         2936    i.SemaphoreTokenIncrement  rtx_semaphore.o
    0x0800b89a   0x0800b89a   0x00000002   PAD
    0x0800b89c   0x0800b89c   0x00000054   Code   RO        12070    i.SendCheckboxEvent  gwin_checkbox.o
    0x0800b8f0   0x0800b8f0   0x000000d4   Code   RO        10289    i.SendMouseEvent    ginput_mouse.o
    0x0800b9c4   0x0800b9c4   0x00000040   Code   RO        12439    i.SendRadioEvent    gwin_radio.o
    0x0800ba04   0x0800ba04   0x00000080   Code   RO            8    i.SystemClock_Config  main.o
    0x0800ba84   0x0800ba84   0x00000064   Code   RO         6350    i.SystemInit        system_stm32f7xx.o
    0x0800bae8   0x0800bae8   0x00000056   Code   RO         3107    i.ThreadFlagsCheck  rtx_thread.o
    0x0800bb3e   0x0800bb3e   0x00000002   PAD
    0x0800bb40   0x0800bb40   0x00000060   Code   RO          530    i.TimeReceiver      time_receiver.o
    0x0800bba0   0x0800bba0   0x000000d4   Code   RO          502    i.TimeSender        time_sender.o
    0x0800bc74   0x0800bc74   0x00000040   Code   RO         3524    i.TimerInsert       rtx_timer.o
    0x0800bcb4   0x0800bcb4   0x00000018   Code   RO         3526    i.TimerUnlink       rtx_timer.o
    0x0800bccc   0x0800bccc   0x00000184   Code   RO          413    i.Touch             touch.o
    0x0800be50   0x0800be50   0x000000f8   Code   RO         5825    i.UART_AdvFeatureConfig  stm32f7xx_hal_uart.o
    0x0800bf48   0x0800bf48   0x00000048   Code   RO         5826    i.UART_CheckIdleState  stm32f7xx_hal_uart.o
    0x0800bf90   0x0800bf90   0x00000018   Code   RO         5827    i.UART_DMAAbortOnError  stm32f7xx_hal_uart.o
    0x0800bfa8   0x0800bfa8   0x00000022   Code   RO         5837    i.UART_EndRxTransfer  stm32f7xx_hal_uart.o
    0x0800bfca   0x0800bfca   0x00000020   Code   RO         5838    i.UART_EndTransmit_IT  stm32f7xx_hal_uart.o
    0x0800bfea   0x0800bfea   0x0000006c   Code   RO         5840    i.UART_RxISR_16BIT  stm32f7xx_hal_uart.o
    0x0800c056   0x0800c056   0x00000068   Code   RO         5841    i.UART_RxISR_8BIT   stm32f7xx_hal_uart.o
    0x0800c0be   0x0800c0be   0x00000002   PAD
    0x0800c0c0   0x0800c0c0   0x000003a8   Code   RO         5842    i.UART_SetConfig    stm32f7xx_hal_uart.o
    0x0800c468   0x0800c468   0x000000b4   Code   RO         5845    i.UART_WaitOnFlagUntilTimeout  stm32f7xx_hal_uart.o
    0x0800c51c   0x0800c51c   0x00000010   Code   RO         6529    i.USART6_IRQHandler  ext_uart.o
    0x0800c52c   0x0800c52c   0x00000040   Code   RO        12684    i.WM_Add            gwin_wm.o
    0x0800c56c   0x0800c56c   0x00000002   Code   RO        12685    i.WM_DeInit         gwin_wm.o
    0x0800c56e   0x0800c56e   0x00000002   PAD
    0x0800c570   0x0800c570   0x00000028   Code   RO        12686    i.WM_Delete         gwin_wm.o
    0x0800c598   0x0800c598   0x00000002   Code   RO        12687    i.WM_Init           gwin_wm.o
    0x0800c59a   0x0800c59a   0x00000002   Code   RO        12688    i.WM_MinMax         gwin_wm.o
    0x0800c59c   0x0800c59c   0x000001f2   Code   RO        12689    i.WM_Move           gwin_wm.o
    0x0800c78e   0x0800c78e   0x00000002   PAD
    0x0800c790   0x0800c790   0x0000009c   Code   RO        12690    i.WM_Raise          gwin_wm.o
    0x0800c82c   0x0800c82c   0x00000178   Code   RO        12691    i.WM_Redraw         gwin_wm.o
    0x0800c9a4   0x0800c9a4   0x000001a4   Code   RO        12692    i.WM_Size           gwin_wm.o
    0x0800cb48   0x0800cb48   0x00000074   Code   RO         6572    i._FMC_SDRAM_Init   stm32f746g_discovery_sdram.o
    0x0800cbbc   0x0800cbbc   0x0000000e   Code   RO         6573    i._FMC_SDRAM_ProgramRefreshRate  stm32f746g_discovery_sdram.o
    0x0800cbca   0x0800cbca   0x00000056   Code   RO         6574    i._FMC_SDRAM_SendCommand  stm32f746g_discovery_sdram.o
    0x0800cc20   0x0800cc20   0x00000098   Code   RO         6575    i._FMC_SDRAM_Timing_Init  stm32f746g_discovery_sdram.o
    0x0800ccb8   0x0800ccb8   0x00000f5c   Code   RO         6576    i._HAL_DMA_DeInit   stm32f746g_discovery_sdram.o
    0x0800dc14   0x0800dc14   0x00000078   Code   RO         6577    i._HAL_DMA_Init     stm32f746g_discovery_sdram.o
    0x0800dc8c   0x0800dc8c   0x00000038   Code   RO         6578    i._HAL_SDRAM_Init   stm32f746g_discovery_sdram.o
    0x0800dcc4   0x0800dcc4   0x00000028   Code   RO         6579    i._HAL_SDRAM_ProgramRefreshRate  stm32f746g_discovery_sdram.o
    0x0800dcec   0x0800dcec   0x0000003a   Code   RO         6580    i._HAL_SDRAM_SendCommand  stm32f746g_discovery_sdram.o
    0x0800dd26   0x0800dd26   0x00000002   PAD
    0x0800dd28   0x0800dd28   0x0000001c   Code   RO         3957    i.__NVIC_ClearPendingIRQ  sai_stm32f7xx.o
    0x0800dd44   0x0800dd44   0x0000001a   Code   RO         3958    i.__NVIC_EnableIRQ  sai_stm32f7xx.o
    0x0800dd5e   0x0800dd5e   0x00000002   PAD
    0x0800dd60   0x0800dd60   0x00000010   Code   RO         4543    i.__NVIC_GetPriorityGrouping  stm32f7xx_hal_cortex.o
    0x0800dd70   0x0800dd70   0x00000028   Code   RO         4544    i.__NVIC_SetPriority  stm32f7xx_hal_cortex.o
    0x0800dd98   0x0800dd98   0x00000058   Code   RO         2359    i.__user_perthread_libspace  rtx_lib.o
    0x0800ddf0   0x0800ddf0   0x00000828   Code   RO          876    i._createPageaddressSelectDisplay  gui.o
    0x0800e618   0x0800e618   0x000008e4   Code   RO          877    i._createPageconfigDisplay  gui.o
    0x0800eefc   0x0800eefc   0x00000400   Code   RO          878    i._createPagemainDisplay  gui.o
    0x0800f2fc   0x0800f2fc   0x000002ac   Code   RO          879    i._createPagestartup  gui.o
    0x0800f5a8   0x0800f5a8   0x0000002c   Code   RO        12192    i._gcontainerCreate  gwin_container.o
    0x0800f5d4   0x0800f5d4   0x0000001e   Code   RO        12194    i._gcontainerDestroy  gwin_container.o
    0x0800f5f2   0x0800f5f2   0x00000002   Code   RO        12195    i._gcontainerInit   gwin_container.o
    0x0800f5f4   0x0800f5f4   0x00000044   Code   RO         7441    i._gdispDeInitDriver  gdisp.o
    0x0800f638   0x0800f638   0x0000002c   Code   RO         7443    i._gdispInit        gdisp.o
    0x0800f664   0x0800f664   0x0000003e   Code   RO         7444    i._gdispInitDriver  gdisp.o
    0x0800f6a2   0x0800f6a2   0x00000002   PAD
    0x0800f6a4   0x0800f6a4   0x00000040   Code   RO         7445    i._gdispPostInitDriver  gdisp.o
    0x0800f6e4   0x0800f6e4   0x00000002   Code   RO         8914    i._gdriverInit      gdriver.o
    0x0800f6e6   0x0800f6e6   0x00000002   PAD
    0x0800f6e8   0x0800f6e8   0x00000010   Code   RO         9147    i._geventInit       gevent.o
    0x0800f6f8   0x0800f6f8   0x000000f8   Code   RO         9412    i._gfileFindSlot    gfile.o
    0x0800f7f0   0x0800f7f0   0x00000002   Code   RO         9413    i._gfileInit        gfile.o
    0x0800f7f2   0x0800f7f2   0x00000008   Code   RO        10078    i._ginputInit       ginput.o
    0x0800f7fa   0x0800f7fa   0x00000002   Code   RO        10290    i._gmouseDeInitDriver  ginput_mouse.o
    0x0800f7fc   0x0800f7fc   0x00000020   Code   RO        10292    i._gmouseInit       ginput_mouse.o
    0x0800f81c   0x0800f81c   0x00000054   Code   RO        10293    i._gmouseInitDriver  ginput_mouse.o
    0x0800f870   0x0800f870   0x0000003c   Code   RO        10294    i._gmousePostInitDriver  ginput_mouse.o
    0x0800f8ac   0x0800f8ac   0x00000014   Code   RO        10893    i._gosHeapInit      gos_x_heap.o
    0x0800f8c0   0x0800f8c0   0x00000008   Code   RO        10792    i._gosInit          gos_cmsis2.o
    0x0800f8c8   0x0800f8c8   0x00000002   Code   RO        10793    i._gosPostInit      gos_cmsis2.o
    0x0800f8ca   0x0800f8ca   0x00000002   Code   RO        10945    i._gqueueInit       gqueue.o
    0x0800f8cc   0x0800f8cc   0x00000030   Code   RO        11216    i._gtimerInit       gtimer.o
    0x0800f8fc   0x0800f8fc   0x00000074   Code   RO        12522    i._gwidgetCreate    gwin_widget.o
    0x0800f970   0x0800f970   0x0000002a   Code   RO        12524    i._gwidgetDestroy   gwin_widget.o
    0x0800f99a   0x0800f99a   0x00000002   PAD
    0x0800f99c   0x0800f99c   0x00000030   Code   RO        12525    i._gwidgetInit      gwin_widget.o
    0x0800f9cc   0x0800f9cc   0x0000001a   Code   RO        12526    i._gwidgetRedraw    gwin_widget.o
    0x0800f9e6   0x0800f9e6   0x00000002   PAD
    0x0800f9e8   0x0800f9e8   0x00000068   Code   RO        11636    i._gwinDestroy      gwin.o
    0x0800fa50   0x0800fa50   0x00000038   Code   RO        12693    i._gwinDrawEnd      gwin_wm.o
    0x0800fa88   0x0800fa88   0x0000004c   Code   RO        12694    i._gwinDrawStart    gwin_wm.o
    0x0800fad4   0x0800fad4   0x0000014c   Code   RO        12695    i._gwinFlushRedraws  gwin_wm.o
    0x0800fc20   0x0800fc20   0x00000010   Code   RO        11637    i._gwinInit         gwin.o
    0x0800fc30   0x0800fc30   0x000000a4   Code   RO        12696    i._gwinRippleVisibility  gwin_wm.o
    0x0800fcd4   0x0800fcd4   0x00000048   Code   RO        12527    i._gwinSendEvent    gwin_widget.o
    0x0800fd1c   0x0800fd1c   0x00000034   Code   RO        12697    i._gwinUpdate       gwin_wm.o
    0x0800fd50   0x0800fd50   0x00000058   Code   RO        12698    i._gwinWMAdd        gwin_wm.o
    0x0800fda8   0x0800fda8   0x00000084   Code   RO        11638    i._gwindowCreate    gwin.o
    0x0800fe2c   0x0800fe2c   0x00000054   Code   RO        12700    i._gwmInit          gwin_wm.o
    0x0800fe80   0x0800fe80   0x0000000e   Code   RO        12919    i._is_digit         c_w.l(__printf_wp.o)
    0x0800fe8e   0x0800fe8e   0x00000002   PAD
    0x0800fe90   0x0800fe90   0x00000138   Code   RO         6886    i._ltdc_init        gdisp_lld_stm32ltdc.o
    0x0800ffc8   0x0800ffc8   0x000000f4   Code   RO         6887    i._ltdc_layer_init  gdisp_lld_stm32ltdc.o
    0x080100bc   0x080100bc   0x00000028   Code   RO         6888    i._ltdc_reload      gdisp_lld_stm32ltdc.o
    0x080100e4   0x080100e4   0x00000016   Code   RO         2360    i._mutex_acquire    rtx_lib.o
    0x080100fa   0x080100fa   0x0000000c   Code   RO         2361    i._mutex_free       rtx_lib.o
    0x08010106   0x08010106   0x00000022   Code   RO         2362    i._mutex_initialize  rtx_lib.o
    0x08010128   0x08010128   0x00000012   Code   RO         2363    i._mutex_release    rtx_lib.o
    0x0801013a   0x0801013a   0x00000008   Code   RO         2364    i._platform_post_stackheap_init  rtx_lib.o
    0x08010142   0x08010142   0x00000026   Code   RO         4244    i._sys_close        retarget_io.o
    0x08010168   0x08010168   0x00000024   Code   RO         4245    i._sys_flen         retarget_io.o
    0x0801018c   0x0801018c   0x00000024   Code   RO         4246    i._sys_istty        retarget_io.o
    0x080101b0   0x080101b0   0x00000068   Code   RO         4247    i._sys_open         retarget_io.o
    0x08010218   0x08010218   0x0000002c   Code   RO         4249    i._sys_seek         retarget_io.o
    0x08010244   0x08010244   0x00000046   Code   RO         4250    i._sys_write        retarget_io.o
    0x0801028a   0x0801028a   0x00000048   Code   RO         8868    i.append_char       mf_wordwrap.o
    0x080102d2   0x080102d2   0x0000006e   Code   RO         8869    i.append_word       mf_wordwrap.o
    0x08010340   0x08010340   0x0000000e   Code   RO         8736    i.avg16             mf_kerning.o
    0x0801034e   0x0801034e   0x00000040   Code   RO          880    i.background_Display_Background  gui.o
    0x0801038e   0x0801038e   0x00000040   Code   RO          881    i.background_gray   gui.o
    0x080103ce   0x080103ce   0x00000002   PAD
    0x080103d0   0x080103d0   0x000001f4   Code   RO         6889    i.configureLcdPins  gdisp_lld_stm32ltdc.o
    0x080105c4   0x080105c4   0x00000042   Code   RO         4136    i.crc16_ccitt       eventrecorder.o
    0x08010606   0x08010606   0x00000002   PAD
    0x08010608   0x08010608   0x00000038   Code   RO         9148    i.deleteAssignments  gevent.o
    0x08010640   0x08010640   0x00000020   Code   RO         6890    i.dma2d_init        gdisp_lld_stm32ltdc.o
    0x08010660   0x08010660   0x0000001a   Code   RO            9    i.doChecksum        main.o
    0x0801067a   0x0801067a   0x0000001a   Code   RO         9149    i.doExitEvent       gevent.o
    0x08010694   0x08010694   0x00000026   Code   RO         8737    i.do_kerning        mf_kerning.o
    0x080106ba   0x080106ba   0x00000002   PAD
    0x080106bc   0x080106bc   0x00000028   Code   RO         7446    i.drawcharglyph     gdisp.o
    0x080106e4   0x080106e4   0x000000b0   Code   RO         7447    i.drawcharline      gdisp.o
    0x08010794   0x08010794   0x0000005c   Code   RO         7448    i.drawpixel         gdisp.o
    0x080107f0   0x080107f0   0x00000046   Code   RO         7449    i.drawpixel_clip    gdisp.o
    0x08010836   0x08010836   0x000000d4   Code   RO         7450    i.fillarea          gdisp.o
    0x0801090a   0x0801090a   0x00000002   PAD
    0x0801090c   0x0801090c   0x00000028   Code   RO         7451    i.fillcharglyph     gdisp.o
    0x08010934   0x08010934   0x00000090   Code   RO         7452    i.fillcharline      gdisp.o
    0x080109c4   0x080109c4   0x0000002e   Code   RO         8773    i.fillentry_bitcount  mf_rlefont.o
    0x080109f2   0x080109f2   0x0000003c   Code   RO         8774    i.find_glyph        mf_rlefont.o
    0x08010a2e   0x08010a2e   0x00000022   Code   RO         8738    i.fit_leftedge      mf_kerning.o
    0x08010a50   0x08010a50   0x00000026   Code   RO         8739    i.fit_rightedge     mf_kerning.o
    0x08010a76   0x08010a76   0x0000001a   Code   RO        12982    i.fputc             c_w.l(fputc.o)
    0x08010a90   0x08010a90   0x00000038   Code   RO         7021    i.ft5336Init        gmouse_lld_ft5336.o
    0x08010ac8   0x08010ac8   0x0000003c   Code   RO         7022    i.ft5336ReadXYZ     gmouse_lld_ft5336.o
    0x08010b04   0x08010b04   0x0000006c   Code   RO         7453    i.gdispBlendColor   gdisp.o
    0x08010b70   0x08010b70   0x00000294   Code   RO         7455    i.gdispGBlitArea    gdisp.o
    0x08010e04   0x08010e04   0x000000ea   Code   RO         7456    i.gdispGClear       gdisp.o
    0x08010eee   0x08010eee   0x000000a6   Code   RO         7457    i.gdispGControl     gdisp.o
    0x08010f94   0x08010f94   0x000000ca   Code   RO         7458    i.gdispGDrawBox     gdisp.o
    0x0801105e   0x0801105e   0x00000002   PAD
    0x08011060   0x08011060   0x00000088   Code   RO         7459    i.gdispGDrawChar    gdisp.o
    0x080110e8   0x080110e8   0x000001b0   Code   RO         7460    i.gdispGDrawCircle  gdisp.o
    0x08011298   0x08011298   0x00000050   Code   RO         7461    i.gdispGDrawLine    gdisp.o
    0x080112e8   0x080112e8   0x00000044   Code   RO         7462    i.gdispGDrawPixel   gdisp.o
    0x0801132c   0x0801132c   0x00000174   Code   RO         7464    i.gdispGDrawStringBox  gdisp.o
    0x080114a0   0x080114a0   0x000000c4   Code   RO         7465    i.gdispGFillArea    gdisp.o
    0x08011564   0x08011564   0x00000154   Code   RO         7467    i.gdispGFillCircle  gdisp.o
    0x080116b8   0x080116b8   0x00000214   Code   RO         7469    i.gdispGFillStringBox  gdisp.o
    0x080118cc   0x080118cc   0x00000024   Code   RO         7470    i.gdispGFlush       gdisp.o
    0x080118f0   0x080118f0   0x00000008   Code   RO         7473    i.gdispGGetHeight   gdisp.o
    0x080118f8   0x080118f8   0x00000006   Code   RO         7474    i.gdispGGetOrientation  gdisp.o
    0x080118fe   0x080118fe   0x00000008   Code   RO         7477    i.gdispGGetWidth    gdisp.o
    0x08011906   0x08011906   0x00000096   Code   RO         8040    i.gdispGImageDraw   gdisp_image.o
    0x0801199c   0x0801199c   0x00000262   Code   RO         8170    i.gdispGImageDraw_BMP  gdisp_image_bmp.o
    0x08011bfe   0x08011bfe   0x000000ac   Code   RO         7478    i.gdispGSetClip     gdisp.o
    0x08011caa   0x08011caa   0x00000016   Code   RO         7479    i.gdispGetCharWidth  gdisp.o
    0x08011cc0   0x08011cc0   0x00000042   Code   RO         7482    i.gdispGetFontMetric  gdisp.o
    0x08011d02   0x08011d02   0x00000012   Code   RO         7483    i.gdispGetStringWidth  gdisp.o
    0x08011d14   0x08011d14   0x0000001e   Code   RO         7484    i.gdispGetStringWidthCount  gdisp.o
    0x08011d32   0x08011d32   0x00000006   Code   RO         8171    i.gdispImageAdjustPalette_BMP  gdisp_image_bmp.o
    0x08011d38   0x08011d38   0x0000000e   Code   RO         8042    i.gdispImageAlloc   gdisp_image.o
    0x08011d46   0x08011d46   0x0000011a   Code   RO         8172    i.gdispImageCache_BMP  gdisp_image_bmp.o
    0x08011e60   0x08011e60   0x00000028   Code   RO         8044    i.gdispImageClose   gdisp_image.o
    0x08011e88   0x08011e88   0x0000003e   Code   RO         8173    i.gdispImageClose_BMP  gdisp_image_bmp.o
    0x08011ec6   0x08011ec6   0x00000010   Code   RO         8045    i.gdispImageFree    gdisp_image.o
    0x08011ed6   0x08011ed6   0x00000006   Code   RO         8174    i.gdispImageGetPaletteSize_BMP  gdisp_image_bmp.o
    0x08011edc   0x08011edc   0x00000006   Code   RO         8175    i.gdispImageGetPalette_BMP  gdisp_image_bmp.o
    0x08011ee2   0x08011ee2   0x00000006   Code   RO         8048    i.gdispImageInit    gdisp_image.o
    0x08011ee8   0x08011ee8   0x00000014   Code   RO         8049    i.gdispImageIsOpen  gdisp_image.o
    0x08011efc   0x08011efc   0x00000008   Code   RO         8176    i.gdispImageNext_BMP  gdisp_image_bmp.o
    0x08011f04   0x08011f04   0x0000007c   Code   RO         8051    i.gdispImageOpenGFile  gdisp_image.o
    0x08011f80   0x08011f80   0x0000026e   Code   RO         8177    i.gdispImageOpen_BMP  gdisp_image_bmp.o
    0x080121ee   0x080121ee   0x0000000a   Code   RO         8052    i.gdispImageSetBgColor  gdisp_image.o
    0x080121f8   0x080121f8   0x00000058   Code   RO         7959    i.gdispOpenFont     gdisp_fonts.o
    0x08012250   0x08012250   0x0000009c   Code   RO         6891    i.gdisp_lld_control  gdisp_lld_stm32ltdc.o
    0x080122ec   0x080122ec   0x000000cc   Code   RO         6892    i.gdisp_lld_draw_pixel  gdisp_lld_stm32ltdc.o
    0x080123b8   0x080123b8   0x0000017c   Code   RO         6893    i.gdisp_lld_fill_area  gdisp_lld_stm32ltdc.o
    0x08012534   0x08012534   0x000000c4   Code   RO         6894    i.gdisp_lld_get_pixel_color  gdisp_lld_stm32ltdc.o
    0x080125f8   0x080125f8   0x0000010c   Code   RO         6895    i.gdisp_lld_init    gdisp_lld_stm32ltdc.o
    0x08012704   0x08012704   0x00000030   Code   RO         8916    i.gdriverGetInstance  gdriver.o
    0x08012734   0x08012734   0x00000024   Code   RO         8917    i.gdriverGetNext    gdriver.o
    0x08012758   0x08012758   0x00000094   Code   RO         8919    i.gdriverRegister   gdriver.o
    0x080127ec   0x080127ec   0x00000024   Code   RO        12023    i.getButtonColors   gwin_button.o
    0x08012810   0x08012810   0x00000024   Code   RO        12071    i.getCheckboxColors  gwin_checkbox.o
    0x08012834   0x08012834   0x00000024   Code   RO        12440    i.getDrawColors     gwin_radio.o
    0x08012858   0x08012858   0x0000036c   Code   RO         8178    i.getPixels         gdisp_image_bmp.o
    0x08012bc4   0x08012bc4   0x000000c2   Code   RO         8870    i.get_wordlen       mf_wordwrap.o
    0x08012c86   0x08012c86   0x00000012   Code   RO        12372    i.getheight         gwin_label.o
    0x08012c98   0x08012c98   0x00000016   Code   RO        12373    i.getwidth          gwin_label.o
    0x08012cae   0x08012cae   0x00000002   PAD
    0x08012cb0   0x08012cb0   0x00000080   Code   RO         9150    i.geventAttachSource  gevent.o
    0x08012d30   0x08012d30   0x00000028   Code   RO         9152    i.geventDetachSourceListeners  gevent.o
    0x08012d58   0x08012d58   0x0000002a   Code   RO         9154    i.geventEventWait   gevent.o
    0x08012d82   0x08012d82   0x00000002   PAD
    0x08012d84   0x08012d84   0x00000044   Code   RO         9155    i.geventGetEventBuffer  gevent.o
    0x08012dc8   0x08012dc8   0x00000074   Code   RO         9156    i.geventGetSourceListener  gevent.o
    0x08012e3c   0x08012e3c   0x0000001a   Code   RO         9157    i.geventListenerInit  gevent.o
    0x08012e56   0x08012e56   0x00000002   PAD
    0x08012e58   0x08012e58   0x00000038   Code   RO         9158    i.geventRegisterCallback  gevent.o
    0x08012e90   0x08012e90   0x00000050   Code   RO         9159    i.geventSendEvent   gevent.o
    0x08012ee0   0x08012ee0   0x00000026   Code   RO         9414    i.gfileClose        gfile.o
    0x08012f06   0x08012f06   0x00000014   Code   RO         9419    i.gfileGetPos       gfile.o
    0x08012f1a   0x08012f1a   0x00000002   PAD
    0x08012f1c   0x08012f1c   0x0000003c   Code   RO         9422    i.gfileOpen         gfile.o
    0x08012f58   0x08012f58   0x00000042   Code   RO         9423    i.gfileRead         gfile.o
    0x08012f9a   0x08012f9a   0x00000030   Code   RO         9425    i.gfileSetPos       gfile.o
    0x08012fca   0x08012fca   0x00000018   Code   RO        10894    i.gfxAddHeapBlock   gos_x_heap.o
    0x08012fe2   0x08012fe2   0x00000002   PAD
    0x08012fe4   0x08012fe4   0x00000060   Code   RO        10895    i.gfxAlloc          gos_x_heap.o
    0x08013044   0x08013044   0x00000084   Code   RO        10896    i.gfxFree           gos_x_heap.o
    0x080130c8   0x080130c8   0x00000040   Code   RO         9884    i.gfxInit           gfx.o
    0x08013108   0x08013108   0x0000000e   Code   RO        10794    i.gfxMutexInit      gos_cmsis2.o
    0x08013116   0x08013116   0x00000008   Code   RO        10948    i.gfxQueueASyncInit  gqueue.o
    0x0801311e   0x0801311e   0x00000018   Code   RO        10955    i.gfxQueueASyncPut  gqueue.o
    0x08013136   0x08013136   0x0000001c   Code   RO        10956    i.gfxQueueASyncPutI  gqueue.o
    0x08013152   0x08013152   0x00000018   Code   RO        10957    i.gfxQueueASyncRemove  gqueue.o
    0x0801316a   0x0801316a   0x00000042   Code   RO        10958    i.gfxQueueASyncRemoveI  gqueue.o
    0x080131ac   0x080131ac   0x00000016   Code   RO        10795    i.gfxSemInit        gos_cmsis2.o
    0x080131c2   0x080131c2   0x00000026   Code   RO        10796    i.gfxSemWait        gos_cmsis2.o
    0x080131e8   0x080131e8   0x00000040   Code   RO        10797    i.gfxThreadCreate   gos_cmsis2.o
    0x08013228   0x08013228   0x0000001c   Code   RO        10297    i.ginputGetMouse    ginput_mouse.o
    0x08013244   0x08013244   0x00000010   Code   RO         1011    i.gstudioGetFont    resources_manager.o
    0x08013254   0x08013254   0x00000010   Code   RO         1006    i.gstudioGetImage   resources_manager.o
    0x08013264   0x08013264   0x00000010   Code   RO         1001    i.gstudioGetImageFilePath  resources_manager.o
    0x08013274   0x08013274   0x00000006   Code   RO        11218    i.gtimerInit        gtimer.o
    0x0801327a   0x0801327a   0x0000001c   Code   RO        11219    i.gtimerIsActive    gtimer.o
    0x08013296   0x08013296   0x00000002   PAD
    0x08013298   0x08013298   0x00000034   Code   RO        11220    i.gtimerJab         gtimer.o
    0x080132cc   0x080132cc   0x00000108   Code   RO        11222    i.gtimerStart       gtimer.o
    0x080133d4   0x080133d4   0x0000002c   Code   RO          882    i.guiInit           gui.o
    0x08013400   0x08013400   0x000000b4   Code   RO          988    i.guiResourcesManagerInit  resources_manager.o
    0x080134b4   0x080134b4   0x00000084   Code   RO          883    i.guiShowPage       gui.o
    0x08013538   0x08013538   0x0000014a   Code   RO        12528    i.gwidgetEvent      gwin_widget.o
    0x08013682   0x08013682   0x00000002   PAD
    0x08013684   0x08013684   0x00000014   Code   RO        12529    i.gwinAttachListener  gwin_widget.o
    0x08013698   0x08013698   0x00000148   Code   RO        12025    i.gwinButtonDraw_Normal  gwin_button.o
    0x080137e0   0x080137e0   0x0000004c   Code   RO        12072    i.gwinCheckboxCheck  gwin_checkbox.o
    0x0801382c   0x0801382c   0x00000104   Code   RO        12074    i.gwinCheckboxDraw_CheckOnLeft  gwin_checkbox.o
    0x08013930   0x08013930   0x0000002c   Code   RO        12076    i.gwinCheckboxIsChecked  gwin_checkbox.o
    0x0801395c   0x0801395c   0x00000040   Code   RO        12197    i.gwinContainerDraw_Std  gwin_container.o
    0x0801399c   0x0801399c   0x0000004c   Code   RO        12198    i.gwinContainerDraw_Transparent  gwin_container.o
    0x080139e8   0x080139e8   0x0000000e   Code   RO        11642    i.gwinDestroy       gwin.o
    0x080139f6   0x080139f6   0x00000002   PAD
    0x080139f8   0x080139f8   0x0000002c   Code   RO        12027    i.gwinGButtonCreate  gwin_button.o
    0x08013a24   0x08013a24   0x0000002c   Code   RO        12077    i.gwinGCheckboxCreate  gwin_checkbox.o
    0x08013a50   0x08013a50   0x00000044   Code   RO        12133    i.gwinGConsoleCreate  gwin_console.o
    0x08013a94   0x08013a94   0x0000003c   Code   RO        12199    i.gwinGContainerCreate  gwin_container.o
    0x08013ad0   0x08013ad0   0x00000038   Code   RO        12325    i.gwinGImageCreate  gwin_image.o
    0x08013b08   0x08013b08   0x00000090   Code   RO        12374    i.gwinGLabelCreate  gwin_label.o
    0x08013b98   0x08013b98   0x00000034   Code   RO        12441    i.gwinGRadioCreate  gwin_radio.o
    0x08013bcc   0x08013bcc   0x0000000c   Code   RO        11658    i.gwinGetDefaultBgColor  gwin.o
    0x08013bd8   0x08013bd8   0x0000000c   Code   RO        11660    i.gwinGetDefaultFont  gwin.o
    0x08013be4   0x08013be4   0x00000028   Code   RO        12200    i.gwinGetFirstChild  gwin_container.o
    0x08013c0c   0x08013c0c   0x00000014   Code   RO        12702    i.gwinGetNextWindow  gwin_wm.o
    0x08013c20   0x08013c20   0x0000002a   Code   RO        12203    i.gwinGetSibling    gwin_container.o
    0x08013c4a   0x08013c4a   0x00000012   Code   RO        12533    i.gwinGetTag        gwin_widget.o
    0x08013c5c   0x08013c5c   0x00000048   Code   RO        12327    i.gwinImageOpenGFile  gwin_image.o
    0x08013ca4   0x08013ca4   0x0000012c   Code   RO        12375    i.gwinLabelDraw     gwin_label.o
    0x08013dd0   0x08013dd0   0x00000010   Code   RO        12377    i.gwinLabelDrawJustifiedLeft  gwin_label.o
    0x08013de0   0x08013de0   0x000002cc   Code   RO        12135    i.gwinPutChar       gwin_console.o
    0x080140ac   0x080140ac   0x0000001a   Code   RO        12137    i.gwinPutString     gwin_console.o
    0x080140c6   0x080140c6   0x00000002   PAD
    0x080140c8   0x080140c8   0x000000f8   Code   RO        12443    i.gwinRadioDraw_Radio  gwin_radio.o
    0x080141c0   0x080141c0   0x0000003c   Code   RO        12445    i.gwinRadioGetActive  gwin_radio.o
    0x080141fc   0x080141fc   0x0000004c   Code   RO        12447    i.gwinRadioPress    gwin_radio.o
    0x08014248   0x08014248   0x00000030   Code   RO        12705    i.gwinRedraw        gwin_wm.o
    0x08014278   0x08014278   0x00000020   Code   RO        12707    i.gwinResize        gwin_wm.o
    0x08014298   0x08014298   0x0000000c   Code   RO        11664    i.gwinSetDefaultBgColor  gwin.o
    0x080142a4   0x080142a4   0x0000000c   Code   RO        11666    i.gwinSetDefaultFont  gwin.o
    0x080142b0   0x080142b0   0x0000005c   Code   RO        12537    i.gwinSetDefaultStyle  gwin_widget.o
    0x0801430c   0x0801430c   0x00000004   Code   RO        11667    i.gwinSetFont       gwin.o
    0x08014310   0x08014310   0x00000038   Code   RO        12538    i.gwinSetStyle      gwin_widget.o
    0x08014348   0x08014348   0x0000007c   Code   RO        12540    i.gwinSetText       gwin_widget.o
    0x080143c4   0x080143c4   0x00000034   Code   RO        12710    i.gwinSetVisible    gwin_wm.o
    0x080143f8   0x080143f8   0x00000014   Code   RO        12541    i.gwinWidgetClearInit  gwin_widget.o
    0x0801440c   0x0801440c   0x00000142   Code   RO         7486    i.hline_clip        gdisp.o
    0x0801454e   0x0801454e   0x00000002   PAD
    0x08014550   0x08014550   0x00000048   Code   RO         6833    i.i2cInit           stm32f7_i2c.o
    0x08014598   0x08014598   0x0000008c   Code   RO         6834    i.i2cReadByte       stm32f7_i2c.o
    0x08014624   0x08014624   0x00000098   Code   RO         6835    i.i2cReadWord       stm32f7_i2c.o
    0x080146bc   0x080146bc   0x0000006c   Code   RO         6836    i.i2cWriteReg       stm32f7_i2c.o
    0x08014728   0x08014728   0x000000a0   Code   RO         7023    i.init_board        gmouse_lld_ft5336.o
    0x080147c8   0x080147c8   0x0000001e   Code   RO         8871    i.is_wrap_space     mf_wordwrap.o
    0x080147e6   0x080147e6   0x00000066   Code   RO         1124    i.isrRtxEventFlagsWait  rtx_evflags.o
    0x0801484c   0x0801484c   0x00000058   Code   RO         2488    i.isrRtxMemoryPoolFree  rtx_mempool.o
    0x080148a4   0x080148a4   0x00000082   Code   RO         2653    i.isrRtxMessageQueueGet  rtx_msgqueue.o
    0x08014926   0x08014926   0x00000086   Code   RO         2654    i.isrRtxMessageQueuePut  rtx_msgqueue.o
    0x080149ac   0x080149ac   0x00000034   Code   RO         3049    i.isr_queue_get     rtx_system.o
    0x080149e0   0x080149e0   0x0000003c   Code   RO         3050    i.isr_queue_put     rtx_system.o
    0x08014a1c   0x08014a1c   0x00000014   Code   RO         6473    i.lightness_to_pwm  ext_led.o
    0x08014a30   0x08014a30   0x00000122   Code   RO         7487    i.line_clip         gdisp.o
    0x08014b52   0x08014b52   0x00000002   PAD
    0x08014b54   0x08014b54   0x0000026c   Code   RO           10    i.main              main.o
    0x08014dc0   0x08014dc0   0x0000004e   Code   RO         7961    i.matchfont         gdisp_fonts.o
    0x08014e0e   0x08014e0e   0x0000000e   Code   RO         8740    i.max16             mf_kerning.o
    0x08014e1c   0x08014e1c   0x00000020   Code   RO         8543    i.mf_character_width  mf_font.o
    0x08014e3c   0x08014e3c   0x00000124   Code   RO         8741    i.mf_compute_kerning  mf_kerning.o
    0x08014f60   0x08014f60   0x0000000e   Code   RO         7488    i.mf_countline_callback  gdisp.o
    0x08014f6e   0x08014f6e   0x00000002   PAD
    0x08014f70   0x08014f70   0x00000044   Code   RO         7489    i.mf_drawline_callback  gdisp.o
    0x08014fb4   0x08014fb4   0x00000044   Code   RO         7490    i.mf_fillline_callback  gdisp.o
    0x08014ff8   0x08014ff8   0x00000008   Code   RO         8545    i.mf_get_font_list  mf_font.o
    0x08015000   0x08015000   0x00000074   Code   RO         8678    i.mf_get_string_width  mf_justify.o
    0x08015074   0x08015074   0x00000088   Code   RO         8484    i.mf_getchar        mf_encoding.o
    0x080150fc   0x080150fc   0x0000007e   Code   RO         8679    i.mf_render_aligned  mf_justify.o
    0x0801517a   0x0801517a   0x00000040   Code   RO         8546    i.mf_render_character  mf_font.o
    0x080151ba   0x080151ba   0x00000026   Code   RO         8485    i.mf_rewind         mf_encoding.o
    0x080151e0   0x080151e0   0x0000001a   Code   RO         8775    i.mf_rlefont_character_width  mf_rlefont.o
    0x080151fa   0x080151fa   0x00000070   Code   RO         8776    i.mf_rlefont_render_character  mf_rlefont.o
    0x0801526a   0x0801526a   0x00000040   Code   RO         8681    i.mf_round_to_prev_tab  mf_justify.o
    0x080152aa   0x080152aa   0x00000040   Code   RO         8682    i.mf_round_to_tab   mf_justify.o
    0x080152ea   0x080152ea   0x00000020   Code   RO         8837    i.mf_scaled_character_width  mf_scaledfont.o
    0x0801530a   0x0801530a   0x00000002   PAD
    0x0801530c   0x0801530c   0x00000060   Code   RO         8838    i.mf_scaled_render_character  mf_scaledfont.o
    0x0801536c   0x0801536c   0x000000ec   Code   RO         8872    i.mf_wordwrap       mf_wordwrap.o
    0x08015458   0x08015458   0x0000003c   Code   RO         1037    i.osDelay           rtx_delay.o
    0x08015494   0x08015494   0x00000040   Code   RO         1125    i.osEventFlagsClear  rtx_evflags.o
    0x080154d4   0x080154d4   0x0000003c   Code   RO         1129    i.osEventFlagsNew   rtx_evflags.o
    0x08015510   0x08015510   0x00000084   Code   RO         1130    i.osEventFlagsSet   rtx_evflags.o
    0x08015594   0x08015594   0x00000054   Code   RO         1131    i.osEventFlagsWait  rtx_evflags.o
    0x080155e8   0x080155e8   0x00000030   Code   RO         2147    i.osKernelGetState  rtx_kernel.o
    0x08015618   0x08015618   0x0000002c   Code   RO         2150    i.osKernelGetTickCount  rtx_kernel.o
    0x08015644   0x08015644   0x0000002c   Code   RO         2151    i.osKernelGetTickFreq  rtx_kernel.o
    0x08015670   0x08015670   0x00000038   Code   RO         2152    i.osKernelInitialize  rtx_kernel.o
    0x080156a8   0x080156a8   0x00000034   Code   RO         2153    i.osKernelLock      rtx_kernel.o
    0x080156dc   0x080156dc   0x00000034   Code   RO         2156    i.osKernelStart     rtx_kernel.o
    0x08015710   0x08015710   0x00000034   Code   RO         2158    i.osKernelUnlock    rtx_kernel.o
    0x08015744   0x08015744   0x00000084   Code   RO         2489    i.osMemoryPoolAlloc  rtx_mempool.o
    0x080157c8   0x080157c8   0x00000040   Code   RO         2491    i.osMemoryPoolFree  rtx_mempool.o
    0x08015808   0x08015808   0x0000004c   Code   RO         2497    i.osMemoryPoolNew   rtx_mempool.o
    0x08015854   0x08015854   0x00000054   Code   RO         2656    i.osMessageQueueGet  rtx_msgqueue.o
    0x080158a8   0x080158a8   0x0000004c   Code   RO         2662    i.osMessageQueueNew  rtx_msgqueue.o
    0x080158f4   0x080158f4   0x00000054   Code   RO         2663    i.osMessageQueuePut  rtx_msgqueue.o
    0x08015948   0x08015948   0x00000030   Code   RO         2828    i.osMutexAcquire    rtx_mutex.o
    0x08015978   0x08015978   0x0000002c   Code   RO         2829    i.osMutexDelete     rtx_mutex.o
    0x080159a4   0x080159a4   0x0000002c   Code   RO         2832    i.osMutexNew        rtx_mutex.o
    0x080159d0   0x080159d0   0x0000002c   Code   RO         2833    i.osMutexRelease    rtx_mutex.o
    0x080159fc   0x080159fc   0x00000020   Code   RO         3722    i.osRtxErrorNotify  rtx_config.o
    0x08015a1c   0x08015a1c   0x00000044   Code   RO         1132    i.osRtxEventFlagsPostProcess  rtx_evflags.o
    0x08015a60   0x08015a60   0x00000004   Code   RO         3723    i.osRtxIdleThread   rtx_config.o
    0x08015a64   0x08015a64   0x0000000c   Code   RO         3111    i.osRtxKernelGetState  rtx_thread.o
    0x08015a70   0x08015a70   0x00000002   Code   RO         2159    i.osRtxKernelPreInit  rtx_kernel.o
    0x08015a72   0x08015a72   0x000000ee   Code   RO         2436    i.osRtxMemoryAlloc  rtx_memory.o
    0x08015b60   0x08015b60   0x0000007c   Code   RO         2437    i.osRtxMemoryFree   rtx_memory.o
    0x08015bdc   0x08015bdc   0x0000006a   Code   RO         2438    i.osRtxMemoryInit   rtx_memory.o
    0x08015c46   0x08015c46   0x00000030   Code   RO         2498    i.osRtxMemoryPoolAlloc  rtx_mempool.o
    0x08015c76   0x08015c76   0x00000044   Code   RO         2499    i.osRtxMemoryPoolFree  rtx_mempool.o
    0x08015cba   0x08015cba   0x00000058   Code   RO         2500    i.osRtxMemoryPoolInit  rtx_mempool.o
    0x08015d12   0x08015d12   0x0000003a   Code   RO         2501    i.osRtxMemoryPoolPostProcess  rtx_mempool.o
    0x08015d4c   0x08015d4c   0x00000108   Code   RO         2665    i.osRtxMessageQueuePostProcess  rtx_msgqueue.o
    0x08015e54   0x08015e54   0x0000004e   Code   RO         2834    i.osRtxMutexOwnerRelease  rtx_mutex.o
    0x08015ea2   0x08015ea2   0x00000002   PAD
    0x08015ea4   0x08015ea4   0x00000088   Code   RO         3051    i.osRtxPendSV_Handler  rtx_system.o
    0x08015f2c   0x08015f2c   0x0000003c   Code   RO         3052    i.osRtxPostProcess  rtx_system.o
    0x08015f68   0x08015f68   0x0000002a   Code   RO         2937    i.osRtxSemaphorePostProcess  rtx_semaphore.o
    0x08015f92   0x08015f92   0x00000002   PAD
    0x08015f94   0x08015f94   0x00000040   Code   RO         3112    i.osRtxThreadBlock  rtx_thread.o
    0x08015fd4   0x08015fd4   0x00000068   Code   RO         3113    i.osRtxThreadDelayInsert  rtx_thread.o
    0x0801603c   0x0801603c   0x0000005c   Code   RO         3114    i.osRtxThreadDelayRemove  rtx_thread.o
    0x08016098   0x08016098   0x000000c8   Code   RO         3115    i.osRtxThreadDelayTick  rtx_thread.o
    0x08016160   0x08016160   0x0000006c   Code   RO         3116    i.osRtxThreadDispatch  rtx_thread.o
    0x080161cc   0x080161cc   0x00000064   Code   RO         3117    i.osRtxThreadFree   rtx_thread.o
    0x08016230   0x08016230   0x0000000c   Code   RO         3118    i.osRtxThreadGetRunning  rtx_thread.o
    0x0801623c   0x0801623c   0x0000001a   Code   RO         3119    i.osRtxThreadListGet  rtx_thread.o
    0x08016256   0x08016256   0x0000002c   Code   RO         3120    i.osRtxThreadListPut  rtx_thread.o
    0x08016282   0x08016282   0x0000001a   Code   RO         3121    i.osRtxThreadListRemove  rtx_thread.o
    0x0801629c   0x0801629c   0x00000010   Code   RO         3122    i.osRtxThreadListRoot  rtx_thread.o
    0x080162ac   0x080162ac   0x0000002a   Code   RO         3123    i.osRtxThreadListSort  rtx_thread.o
    0x080162d6   0x080162d6   0x00000034   Code   RO         3125    i.osRtxThreadPostProcess  rtx_thread.o
    0x0801630a   0x0801630a   0x00000002   PAD
    0x0801630c   0x0801630c   0x00000018   Code   RO         3126    i.osRtxThreadReadyPut  rtx_thread.o
    0x08016324   0x08016324   0x00000018   Code   RO         3127    i.osRtxThreadRegPtr  rtx_thread.o
    0x0801633c   0x0801633c   0x0000000c   Code   RO         3128    i.osRtxThreadSetRunning  rtx_thread.o
    0x08016348   0x08016348   0x0000002c   Code   RO         3129    i.osRtxThreadStackCheck  rtx_thread.o
    0x08016374   0x08016374   0x0000004c   Code   RO         3130    i.osRtxThreadStartup  rtx_thread.o
    0x080163c0   0x080163c0   0x0000001c   Code   RO         3131    i.osRtxThreadSwitch  rtx_thread.o
    0x080163dc   0x080163dc   0x0000004c   Code   RO         3132    i.osRtxThreadWaitEnter  rtx_thread.o
    0x08016428   0x08016428   0x00000036   Code   RO         3133    i.osRtxThreadWaitExit  rtx_thread.o
    0x0801645e   0x0801645e   0x00000002   PAD
    0x08016460   0x08016460   0x000000a0   Code   RO         3053    i.osRtxTick_Handler  rtx_system.o
    0x08016500   0x08016500   0x00000050   Code   RO         3527    i.osRtxTimerThread  rtx_timer.o
    0x08016550   0x08016550   0x0000005c   Code   RO         3528    i.osRtxTimerTick    rtx_timer.o
    0x080165ac   0x080165ac   0x0000006c   Code   RO         2938    i.osSemaphoreAcquire  rtx_semaphore.o
    0x08016618   0x08016618   0x00000038   Code   RO         2942    i.osSemaphoreNew    rtx_semaphore.o
    0x08016650   0x08016650   0x00000064   Code   RO         2943    i.osSemaphoreRelease  rtx_semaphore.o
    0x080166b4   0x080166b4   0x00000020   Code   RO         3136    i.osThreadExit      rtx_thread.o
    0x080166d4   0x080166d4   0x0000002c   Code   RO         3142    i.osThreadGetId     rtx_thread.o
    0x08016700   0x08016700   0x0000004c   Code   RO         3149    i.osThreadNew       rtx_thread.o
    0x0801674c   0x0801674c   0x00000038   Code   RO         3154    i.osThreadYield     rtx_thread.o
    0x08016784   0x08016784   0x00000020   Code   RO         2365    i.os_kernel_is_active  rtx_lib.o
    0x080167a4   0x080167a4   0x00000018   Code   RO         7024    i.read_byte         gmouse_lld_ft5336.o
    0x080167bc   0x080167bc   0x00000018   Code   RO         7025    i.read_word         gmouse_lld_ft5336.o
    0x080167d4   0x080167d4   0x00000072   Code   RO         8683    i.render_left       mf_justify.o
    0x08016846   0x08016846   0x0000009a   Code   RO         8684    i.render_right      mf_justify.o
    0x080168e0   0x080168e0   0x0000005a   Code   RO         8839    i.scaled_pixel_callback  mf_scaledfont.o
    0x0801693a   0x0801693a   0x00000002   PAD
    0x0801693c   0x0801693c   0x00000024   Code   RO         6896    i.set_backlight     gdisp_lld_stm32ltdc.o
    0x08016960   0x08016960   0x00000030   Code   RO         7491    i.setglobalwindow   gdisp.o
    0x08016990   0x08016990   0x0000002e   Code   RO         8777    i.skip_pixels       mf_rlefont.o
    0x080169be   0x080169be   0x00000008   Code   RO         8873    i.sq16              mf_wordwrap.o
    0x080169c6   0x080169c6   0x0000000c   Code   RO         4251    i.stdout_putchar    retarget_io.o
    0x080169d2   0x080169d2   0x00000060   Code   RO         8685    i.strip_spaces      mf_justify.o
    0x08016a32   0x08016a32   0x00000002   PAD
    0x08016a34   0x08016a34   0x0000002c   Code   RO         1039    i.svcRtxDelay       rtx_delay.o
    0x08016a60   0x08016a60   0x00000044   Code   RO         1133    i.svcRtxEventFlagsClear  rtx_evflags.o
    0x08016aa4   0x08016aa4   0x000000a4   Code   RO         1137    i.svcRtxEventFlagsNew  rtx_evflags.o
    0x08016b48   0x08016b48   0x0000009a   Code   RO         1138    i.svcRtxEventFlagsSet  rtx_evflags.o
    0x08016be2   0x08016be2   0x00000002   PAD
    0x08016be4   0x08016be4   0x000000ac   Code   RO         1139    i.svcRtxEventFlagsWait  rtx_evflags.o
    0x08016c90   0x08016c90   0x00000018   Code   RO         2161    i.svcRtxKernelGetState  rtx_kernel.o
    0x08016ca8   0x08016ca8   0x00000014   Code   RO         2164    i.svcRtxKernelGetTickCount  rtx_kernel.o
    0x08016cbc   0x08016cbc   0x00000014   Code   RO         2165    i.svcRtxKernelGetTickFreq  rtx_kernel.o
    0x08016cd0   0x08016cd0   0x00000224   Code   RO         2166    i.svcRtxKernelInitialize  rtx_kernel.o
    0x08016ef4   0x08016ef4   0x00000044   Code   RO         2167    i.svcRtxKernelLock  rtx_kernel.o
    0x08016f38   0x08016f38   0x000000d8   Code   RO         2170    i.svcRtxKernelStart  rtx_kernel.o
    0x08017010   0x08017010   0x00000044   Code   RO         2172    i.svcRtxKernelUnlock  rtx_kernel.o
    0x08017054   0x08017054   0x0000007c   Code   RO         2502    i.svcRtxMemoryPoolAlloc  rtx_mempool.o
    0x080170d0   0x080170d0   0x0000007c   Code   RO         2504    i.svcRtxMemoryPoolFree  rtx_mempool.o
    0x0801714c   0x0801714c   0x00000188   Code   RO         2510    i.svcRtxMemoryPoolNew  rtx_mempool.o
    0x080172d4   0x080172d4   0x00000138   Code   RO         2667    i.svcRtxMessageQueueGet  rtx_msgqueue.o
    0x0801740c   0x0801740c   0x00000194   Code   RO         2673    i.svcRtxMessageQueueNew  rtx_msgqueue.o
    0x080175a0   0x080175a0   0x00000128   Code   RO         2674    i.svcRtxMessageQueuePut  rtx_msgqueue.o
    0x080176c8   0x080176c8   0x000000c8   Code   RO         2835    i.svcRtxMutexAcquire  rtx_mutex.o
    0x08017790   0x08017790   0x000000d4   Code   RO         2836    i.svcRtxMutexDelete  rtx_mutex.o
    0x08017864   0x08017864   0x00000084   Code   RO         2839    i.svcRtxMutexNew    rtx_mutex.o
    0x080178e8   0x080178e8   0x000000d0   Code   RO         2840    i.svcRtxMutexRelease  rtx_mutex.o
    0x080179b8   0x080179b8   0x0000005c   Code   RO         2944    i.svcRtxSemaphoreAcquire  rtx_semaphore.o
    0x08017a14   0x08017a14   0x000000a0   Code   RO         2948    i.svcRtxSemaphoreNew  rtx_semaphore.o
    0x08017ab4   0x08017ab4   0x00000050   Code   RO         2949    i.svcRtxSemaphoreRelease  rtx_semaphore.o
    0x08017b04   0x08017b04   0x00000090   Code   RO         3157    i.svcRtxThreadExit  rtx_thread.o
    0x08017b94   0x08017b94   0x00000012   Code   RO         3163    i.svcRtxThreadGetId  rtx_thread.o
    0x08017ba6   0x08017ba6   0x00000002   PAD
    0x08017ba8   0x08017ba8   0x00000278   Code   RO         3170    i.svcRtxThreadNew   rtx_thread.o
    0x08017e20   0x08017e20   0x00000044   Code   RO         3175    i.svcRtxThreadYield  rtx_thread.o
    0x08017e64   0x08017e64   0x00000050   Code   RO         9429    i.testopen          gfile.o
    0x08017eb4   0x08017eb4   0x000000c6   Code   RO         8874    i.tune_lines        mf_wordwrap.o
    0x08017f7a   0x08017f7a   0x00000142   Code   RO         7492    i.vline_clip        gdisp.o
    0x080180bc   0x080180bc   0x0000005c   Code   RO         8778    i.write_bin_codeword  mf_rlefont.o
    0x08018118   0x08018118   0x00000038   Code   RO         8779    i.write_glyph_codeword  mf_rlefont.o
    0x08018150   0x08018150   0x00000068   Code   RO         8780    i.write_pixels      mf_rlefont.o
    0x080181b8   0x080181b8   0x00000050   Code   RO         8781    i.write_ref_codeword  mf_rlefont.o
    0x08018208   0x08018208   0x00000040   Code   RO         8782    i.write_ref_dictentry  mf_rlefont.o
    0x08018248   0x08018248   0x0000001c   Code   RO         7026    i.write_reg         gmouse_lld_ft5336.o
    0x08018264   0x08018264   0x000000a4   Code   RO         8783    i.write_rle_dictentry  mf_rlefont.o
    0x08018308   0x08018308   0x0000000a   Code   RO        13214    x$fpl$fpinit        fz_wm.l(fpinit.o)
    0x08018312   0x08018312   0x00000002   PAD
    0x08018314   0x08018314   0x000002dc   Data   RO           12    .constdata          main.o
    0x080185f0   0x080185f0   0x00000038   Data   RO          884    .constdata          gui.o
    0x08018628   0x08018628   0x00000001   Data   RO         1026    .constdata          irq_cm4f.o
    0x08018629   0x08018629   0x00000003   PAD
    0x0801862c   0x0801862c   0x00000064   Data   RO         2372    .constdata          rtx_lib.o
    0x08018690   0x08018690   0x000000cc   Data   RO         3782    .constdata          i2c_stm32f7xx.o
    0x0801875c   0x0801875c   0x000000f8   Data   RO         3960    .constdata          sai_stm32f7xx.o
    0x08018854   0x08018854   0x00000018   Data   RO         4138    .constdata          eventrecorder.o
    0x0801886c   0x0801886c   0x00000017   Data   RO         4252    .constdata          retarget_io.o
    0x08018883   0x08018883   0x00000008   Data   RO         4680    .constdata          stm32f7xx_hal_dma.o
    0x0801888b   0x0801888b   0x00000018   Data   RO         6351    .constdata          system_stm32f7xx.o
    0x080188a3   0x080188a3   0x00000065   Data   RO         6474    .constdata          ext_led.o
    0x08018908   0x08018908   0x000000f8   Data   RO         6897    .constdata          gdisp_lld_stm32ltdc.o
    0x08018a00   0x08018a00   0x0000003c   Data   RO         7027    .constdata          gmouse_lld_ft5336.o
    0x08018a3c   0x08018a3c   0x00000004   Data   RO         7493    .constdata          gdisp.o
    0x08018a40   0x08018a40   0x00003c50   Data   RO         8548    .constdata          mf_font.o
    0x0801c690   0x0801c690   0x00006f68   Data   RO         9778    .constdata          gfile_fs_rom.o
    0x080235f8   0x080235f8   0x00000024   Data   RO        12028    .constdata          gwin_button.o
    0x0802361c   0x0802361c   0x00000024   Data   RO        12078    .constdata          gwin_checkbox.o
    0x08023640   0x08023640   0x00000014   Data   RO        12138    .constdata          gwin_console.o
    0x08023654   0x08023654   0x0000003c   Data   RO        12204    .constdata          gwin_container.o
    0x08023690   0x08023690   0x00000014   Data   RO        12328    .constdata          gwin_image.o
    0x080236a4   0x080236a4   0x00000024   Data   RO        12380    .constdata          gwin_label.o
    0x080236c8   0x080236c8   0x00000024   Data   RO        12448    .constdata          gwin_radio.o
    0x080236ec   0x080236ec   0x00000038   Data   RO        12543    .constdata          gwin_widget.o
    0x08023724   0x08023724   0x00000028   Data   RO        12713    .constdata          gwin_wm.o
    0x0802374c   0x0802374c   0x00000011   Data   RO        12922    .constdata          c_w.l(__printf_flags_wp.o)
    0x0802375d   0x0802375d   0x0000000c   Data   RO        12991    .constdata          c_w.l(_monlen.o)
    0x08023769   0x08023769   0x00000003   PAD
    0x0802376c   0x0802376c   0x000000b1   Data   RO           13    .conststring        main.o
    0x0802381d   0x0802381d   0x00000003   PAD
    0x08023820   0x08023820   0x000000b7   Data   RO         8549    .conststring        mf_font.o
    0x080238d7   0x080238d7   0x00000001   PAD
    0x080238d8   0x080238d8   0x00000018   Data   RO         9779    .conststring        gfile_fs_rom.o
    0x080238f0   0x080238f0   0x00000007   Data   RO        12029    .conststring        gwin_button.o
    0x080238f7   0x080238f7   0x00000001   PAD
    0x080238f8   0x080238f8   0x00000009   Data   RO        12079    .conststring        gwin_checkbox.o
    0x08023901   0x08023901   0x00000003   PAD
    0x08023904   0x08023904   0x00000008   Data   RO        12139    .conststring        gwin_console.o
    0x0802390c   0x0802390c   0x0000000a   Data   RO        12205    .conststring        gwin_container.o
    0x08023916   0x08023916   0x00000002   PAD
    0x08023918   0x08023918   0x00000006   Data   RO        12329    .conststring        gwin_image.o
    0x0802391e   0x0802391e   0x00000002   PAD
    0x08023920   0x08023920   0x00000006   Data   RO        12381    .conststring        gwin_label.o
    0x08023926   0x08023926   0x00000002   PAD
    0x08023928   0x08023928   0x00000006   Data   RO        12449    .conststring        gwin_radio.o
    0x0802392e   0x0802392e   0x00000002   PAD
    0x08023930   0x08023930   0x0000000b   Data   RO         2173    .conststrlit        rtx_kernel.o
    0x0802393b   0x0802393b   0x00000001   PAD
    0x0802393c   0x0802393c   0x00000038   Data   RO         2358    .rodata             rtx_lib.o
    0x08023974   0x08023974   0x00000068   Data   RO         2374    .rodata             rtx_lib.o
    0x080239dc   0x080239dc   0x00000020   Data   RO        13310    Region$$Table       anon$$obj.o


    Execution Region RW_IRAM2 (Exec base: 0x20000000, Load base: 0x08023d68, Size: 0x00000000, Max: 0x00010000, ABSOLUTE)

    **** No section assigned to this execution region ****


    Execution Region RW_IRAM1 (Exec base: 0x20010000, Load base: 0x080239fc, Size: 0x0002c8a8, Max: 0x00040000, ABSOLUTE, COMPRESSED[0x0000036c])

    Exec Addr    Load Addr    Size         Type   Attr      Idx    E Section Name        Object

    0x20010000   COMPRESSED   0x000186e0   Data   RW         2366    .bss.os             rtx_lib.o
    0x200286e0   COMPRESSED   0x000001f0   Data   RW         2367    .bss.os.libspace    rtx_lib.o
    0x200288d0   COMPRESSED   0x00000034   Data   RW         2368    .bss.os.msgqueue.cb  rtx_lib.o
    0x20028904   COMPRESSED   0x00000050   Data   RW         2369    .bss.os.msgqueue.mem  rtx_lib.o
    0x20028954   COMPRESSED   0x00000088   Data   RW         2370    .bss.os.thread.cb   rtx_lib.o
    0x200289dc   COMPRESSED   0x00000004   PAD
    0x200289e0   COMPRESSED   0x00000190   Data   RW         2371    .bss.os.thread.stack  rtx_lib.o
    0x20028b70   COMPRESSED   0x00000068   Data   RW           14    .data               main.o
    0x20028bd8   COMPRESSED   0x00000003   Data   RW          605    .data               phy_receiver.o
    0x20028bdb   COMPRESSED   0x00000001   PAD
    0x20028bdc   COMPRESSED   0x000000e0   Data   RW          885    .data               gui.o
    0x20028cbc   COMPRESSED   0x00000008   Data   RW          990    .data               resources_manager.o
    0x20028cc4   COMPRESSED   0x00000005   Data   RW         2373    .data               rtx_lib.o
    0x20028cc9   COMPRESSED   0x00000001   Data   RW         3657    .data               os_systick.o
    0x20028cca   COMPRESSED   0x00000002   PAD
    0x20028ccc   COMPRESSED   0x00000009   Data   RW         4356    .data               stm32f7xx_hal.o
    0x20028cd5   COMPRESSED   0x00000003   PAD
    0x20028cd8   COMPRESSED   0x00000004   Data   RW         6352    .data               system_stm32f7xx.o
    0x20028cdc   COMPRESSED   0x0000000a   Data   RW         6424    .data               ext_keyboard.o
    0x20028ce6   COMPRESSED   0x00000002   PAD
    0x20028ce8   COMPRESSED   0x00000005   Data   RW         6838    .data               stm32f7_i2c.o
    0x20028ced   COMPRESSED   0x00000003   PAD
    0x20028cf0   COMPRESSED   0x00000004   Data   RW         7494    .data               gdisp.o
    0x20028cf4   COMPRESSED   0x00000004   Data   RW         7962    .data               gdisp_fonts.o
    0x20028cf8   COMPRESSED   0x00000020   Data   RW         8053    .data               gdisp_image.o
    0x20028d18   COMPRESSED   0x00000008   Data   RW         8921    .data               gdriver.o
    0x20028d20   COMPRESSED   0x00000004   Data   RW         9161    .data               gevent.o
    0x20028d24   COMPRESSED   0x00000010   Data   RW         9431    .data               gfile.o
    0x20028d34   COMPRESSED   0x00000004   Data   RW         9780    .data               gfile_fs_rom.o
    0x20028d38   COMPRESSED   0x00000001   Data   RW         9885    .data               gfx.o
    0x20028d39   COMPRESSED   0x00000003   PAD
    0x20028d3c   COMPRESSED   0x00000004   Data   RW        10899    .data               gos_x_heap.o
    0x20028d40   COMPRESSED   0x00000015   Data   RW        11224    .data               gtimer.o
    0x20028d55   COMPRESSED   0x00000003   PAD
    0x20028d58   COMPRESSED   0x00000008   Data   RW        11670    .data               gwin.o
    0x20028d60   COMPRESSED   0x00000004   Data   RW        12544    .data               gwin_widget.o
    0x20028d64   COMPRESSED   0x00000015   Data   RW        12714    .data               gwin_wm.o
    0x20028d79   COMPRESSED   0x00000003   PAD
    0x20028d7c   COMPRESSED   0x00000004   Data   RW        12937    .data               c_w.l(stdio_streams.o)
    0x20028d80   COMPRESSED   0x00000004   Data   RW        12938    .data               c_w.l(stdio_streams.o)
    0x20028d84   COMPRESSED   0x00000004   Data   RW        12939    .data               c_w.l(stdio_streams.o)
    0x20028d88   COMPRESSED   0x00000004   Data   RW        13075    .data               c_w.l(streamlock.o)
    0x20028d8c   COMPRESSED   0x000000a4   Data   RW         2174    .data.os            rtx_kernel.o
    0x20028e30        -       0x00000028   Zero   RW           11    .bss                main.o
    0x20028e58        -       0x00000030   Zero   RW          380    .bss                lcd.o
    0x20028e88        -       0x00000100   Zero   RW          604    .bss                phy_receiver.o
    0x20028f88        -       0x00000040   Zero   RW          989    .bss                resources_manager.o
    0x20028fc8        -       0x0000001c   Zero   RW         3781    .bss                i2c_stm32f7xx.o
    0x20028fe4        -       0x000000f4   Zero   RW         3959    .bss                sai_stm32f7xx.o
    0x200290d8        -       0x00000064   Zero   RW         6423    .bss                ext_keyboard.o
    0x2002913c        -       0x00000080   Zero   RW         6530    .bss                ext_uart.o
    0x200291bc        -       0x00000060   Zero   RW         6581    .bss                stm32f746g_discovery_sdram.o
    0x2002921c        -       0x00000100   Zero   RW         6837    .bss                stm32f7_i2c.o
    0x2002931c        -       0x00000200   Zero   RW         9160    .bss                gevent.o
    0x2002951c        -       0x00000060   Zero   RW         9430    .bss                gfile.o
    0x2002957c        -       0x0000001c   Zero   RW        10302    .bss                ginput_mouse.o
    0x20029598        -       0x0000ea60   Zero   RW        10898    .bss                gos_x_heap.o
    0x20037ff8        -       0x00000030   Zero   RW        12542    .bss                gwin_widget.o
    0x20038028        -       0x0000001c   Zero   RW        12712    .bss                gwin_wm.o
    0x20038044        -       0x00000054   Zero   RW        12934    .bss                c_w.l(stdio_streams.o)
    0x20038098        -       0x00000054   Zero   RW        12935    .bss                c_w.l(stdio_streams.o)
    0x200380ec        -       0x00000054   Zero   RW        12936    .bss                c_w.l(stdio_streams.o)
    0x20038140        -       0x0000002c   Zero   RW        12957    .bss                c_w.l(localtime.o)
    0x2003816c        -       0x00000060   Zero   RW        13219    .bss                c_w.l(libspace.o)
    0x200381cc   COMPRESSED   0x00000034   PAD
    0x20038200        -       0x000040a4   Zero   RW         4137    .bss.noinit         eventrecorder.o
    0x2003c2a4   COMPRESSED   0x00000004   PAD
    0x2003c2a8        -       0x00000200   Zero   RW         6340    HEAP                startup_stm32f746xx.o
    0x2003c4a8        -       0x00000400   Zero   RW         6339    STACK               startup_stm32f746xx.o


==============================================================================

Image component sizes


      Code (inc. data)   RO Data    RW Data    ZI Data      Debug   Object Name

         0          0          0          0          0       9208   audio_746g_discovery.o
        96         24          0          0          0        571   chat_receiver.o
       412         64          0          0          0       2298   chat_sender.o
      1104        276          0          0          0       1855   debug.o
      1290         88         24          0      16548      21297   eventrecorder.o
      2556        600          0         10        100       4351   ext_keyboard.o
       800         62        101          0          0       3630   ext_led.o
       208         28          0          0        128       2422   ext_uart.o
      6036         78          4          4          0      52020   gdisp.o
       166          6          0          4          0       5940   gdisp_fonts.o
       380          4          0         32          0      12904   gdisp_image.o
      2478          4          0          0          0      11548   gdisp_image_bmp.o
      2368        160        248          0          0      22325   gdisp_lld_stm32ltdc.o
       234         20          0          8          0       6371   gdriver.o
       654         60          0          4        512      11244   gevent.o
       562          8          0         16         96      10383   gfile.o
       218          4      28544          4          0       9764   gfile_fs_rom.o
        64          4          0          1          0       2546   gfx.o
         8          0          0          0          0      15934   ginput.o
      1574         36          0          0         28      10757   ginput_mouse.o
       352         32         60          0          0       8096   gmouse_lld_ft5336.o
         0          0          0          0          0       1780   gos_arduino.o
       148         10          0          0          0       4457   gos_cmsis2.o
       272         18          0          4      60000       3934   gos_x_heap.o
       152          0          0          0          0       8334   gqueue.o
       690         64          0         21          0       7698   gtimer.o
      6376       1086         56        224          0      23795   gui.o
       318         42          0          8          0      34997   gwin.o
       494         10         43          0          0       4556   gwin_button.o
       574         24         45          0          0       5921   gwin_checkbox.o
      1050         22         28          0          0       5975   gwin_console.o
       376         16         70          0          0       7159   gwin_container.o
       490         12         26          0          0       3748   gwin_image.o
       500         12         42          0          0       4644   gwin_label.o
       552         28         42          0          0       5923   gwin_radio.o
       964         48         56          4         48      15057   gwin_widget.o
      2576        118         40         21         28      21014   gwin_wm.o
      5172        204        204          0         28      29264   i2c_stm32f7xx.o
       196         12          1          0          0        672   irq_cm4f.o
      1796        320          0          0         48       3924   lcd.o
       512         40          0          0          0       1434   mac_receiver.o
      1068        114          0          0          0       1876   mac_sender.o
      1166        284        909        104         40     843142   main.o
         0          0          0          0          0       1348   mf_bwfont.o
       174          0          0          0          0       1961   mf_encoding.o
       104          4      15623          0          0       9907   mf_font.o
       734          0          0          0          0       8018   mf_justify.o
       430          8          0          0          0       5537   mf_kerning.o
       850          0          0          0          0       9863   mf_rlefont.o
       218          6          0          0          0       3705   mf_scaledfont.o
       848          0          0          0          0       7306   mf_wordwrap.o
       142         24          0          1          0       2668   os_systick.o
       536         90          0          3        256       2322   phy_receiver.o
       132         28          0          0          0       1629   phy_sender.o
       228        106          0          8         64       3409   resources_manager.o
       388         30         23          0          0       7142   retarget_io.o
        36          6          0          0          0       1077   rtx_config.o
       144         10          0          0          0      13458   rtx_delay.o
      1566         36          0          0          0      17827   rtx_evflags.o
      1784        360          0          0          0      63760   rtx_evr.o
      1370         82         11        164          0      30731   rtx_kernel.o
       214         12        260     101233          0      13171   rtx_lib.o
       478          0          0          0          0       4395   rtx_memory.o
      1630         30          0          0          0      16880   rtx_mempool.o
      2314         34          0          0          0      24456   rtx_msgqueue.o
      1050         34          0          0          0      12544   rtx_mutex.o
      1060         30          0          0          0      14327   rtx_semaphore.o
       796         42          0          0          0      10237   rtx_system.o
      2760        142          0          0          0      32042   rtx_thread.o
       260         30          0          0          0       3531   rtx_timer.o
      6100        178        248          0        244      66551   sai_stm32f7xx.o
        64         26        456          0       1536        872   startup_stm32f746xx.o
      5430         92          0          0         96      51868   stm32f746g_discovery_sdram.o
       472         40          0          5        256       6415   stm32f7_i2c.o
       116         16          0          9          0       7834   stm32f7xx_hal.o
       368         26          0          0          0      41445   stm32f7xx_hal_cortex.o
      1556         16          8          0          0       8635   stm32f7xx_hal_dma.o
       976        104          0          0          0       5152   stm32f7xx_hal_gpio.o
       144          8          0          0          0       1492   stm32f7xx_hal_pwr_ex.o
      1940         76          0          0          0       6208   stm32f7xx_hal_rcc.o
      2640         46          0          0          0       4316   stm32f7xx_hal_rcc_ex.o
      2438          0          0          0          0       9321   stm32f7xx_hal_spi.o
      2492         86          0          0          0      11782   stm32f7xx_hal_uart.o
       100         18         24          4          0       1395   system_stm32f7xx.o
        96         24          0          0          0        571   time_receiver.o
       212         48          0          0          0       8560   time_sender.o
       388         60          0          0          0       2764   touch.o

    ----------------------------------------------------------------------
     92880       6050      47248     101920      80060    1823200   Object Totals
         0          0         32          0          0          0   (incl. Generated)
       100          0         20         24          4          0   (incl. Padding)

    ----------------------------------------------------------------------

      Code (inc. data)   RO Data    RW Data    ZI Data      Debug   Library Member Name

        90          0          0          0          0          0   __dczerorl2.o
         8          0          0          0          0         68   __main.o
       312          4         17          0          0         92   __printf_flags_wp.o
        14          0          0          0          0         68   __printf_wp.o
         0          0          0          0          0          0   __rtentry.o
        20          0          0          0          0          0   __rtentry2.o
         6          0          0          0          0          0   __rtentry4.o
        52          8          0          0          0          0   __scatter.o
        28          0          0          0          0          0   __scatter_zi.o
         0          0         12          0          0          0   _monlen.o
        44          0          0          0          0        108   _printf_char.o
        48          6          0          0          0         96   _printf_char_common.o
        64          6          0          0          0         84   _printf_char_file_locked.o
         6          0          0          0          0          0   _printf_d.o
       120         16          0          0          0         92   _printf_dec.o
       178          0          0          0          0         88   _printf_intcommon.o
        78          0          0          0          0        108   _printf_pad.o
         0          0          0          0          0          0   _printf_percent.o
         4          0          0          0          0          0   _printf_percent_end.o
         6          0          0          0          0          0   _printf_s.o
        82          0          0          0          0         80   _printf_str.o
        10          0          0          0          0         68   _sputc.o
        10          0          0          0          0         68   defsig_exit.o
        50          0          0          0          0         88   defsig_general.o
        80         58          0          0          0         76   defsig_rtmem_inner.o
        14          0          0          0          0         80   defsig_rtmem_outer.o
        52         38          0          0          0         76   defsig_rtred_inner.o
        14          0          0          0          0         80   defsig_rtred_outer.o
        18          0          0          0          0         80   exit.o
        76          0          0          0          0         88   fclose.o
       470          0          0          0          0         88   flsbuf.o
       324          8          0          0          0        152   fopen_locked.o
        26          0          0          0          0         68   fputc.o
        36          0          0          0          0         80   fputc_locked.o
       248          6          0          0          0         84   fseek.o
        66          0          0          0          0         76   ftell.o
       158          0          0          0          0        128   h1_alloc_mt.o
        62          0          0          0          0         80   h1_extend_mt.o
        10          0          0          0          0         76   h1_final_mt.o
       118          0          0          0          0        108   h1_free_mt.o
        18          0          0          0          0         84   h1_init_mt.o
         6          0          0          0          0        152   heapauxi.o
         4          0          0          0          0        136   hguard.o
         0          0          0          0          0          0   indicate_semi.o
       138          0          0          0          0        168   init_alloc.o
       456         48          0          0          0        116   initio_locked.o
         2          0          0          0          0          0   libinit.o
        18          0          0          0          0          0   libinit2.o
         2          0          0          0          0          0   libshutdown.o
        10          0          0          0          0          0   libshutdown2.o
         8          4          0          0         96         68   libspace.o
       238          0          0          0          0        100   lludivv7m.o
        12          6          0          0         44         68   localtime.o
       184          6          0          0          0         80   localtime_internal.o
         0          0          0          0          0          0   maybetermalloc2.o
       428         10          0          0          0        116   mktime.o
        24          4          0          0          0         84   noretval__2printf.o
        40          6          0          0          0         84   noretval__2sprintf.o
         4          0          0          0          0         68   putc.o
         4          0          0          0          0         68   rt_errno_addr_twolibspace.o
        10          0          0          0          0         76   rt_heap_descriptor_twolibspace.o
        68          0          0          0          0         68   rt_memclr.o
        78          0          0          0          0         80   rt_memclr_w.o
       138          0          0          0          0         68   rt_memcpy_v6.o
       100          0          0          0          0         80   rt_memcpy_w.o
         2          0          0          0          0          0   rtexit.o
        10          0          0          0          0          0   rtexit2.o
       104          0          0          0          0         88   setvbuf_locked.o
       240          6          0          0          0        156   stdio.o
         0          0          0         12        252          0   stdio_streams.o
        24          0          0          0          0         68   strcat.o
       104          0          0          0          0         68   strcmpv7m_pel.o
        72          0          0          0          0         80   strcpy.o
         0          0          0          4          0          0   streamlock.o
        62          0          0          0          0         76   strlen.o
        12          4          0          0          0         68   sys_exit.o
        74          0          0          0          0         80   sys_stackheap_outer.o
        14          0          0          0          0         76   sys_wrch.o
        16          0          0          0          0         80   term_alloc.o
         2          0          0          0          0         68   use_no_semi.o
        10          0          0          0          0        116   fpinit.o

    ----------------------------------------------------------------------
      5756        244         32         16        444       5316   Library Totals
        18          0          3          0         52          0   (incl. Padding)

    ----------------------------------------------------------------------

      Code (inc. data)   RO Data    RW Data    ZI Data      Debug   Library Name

      5728        244         29         16        392       5200   c_w.l
        10          0          0          0          0        116   fz_wm.l

    ----------------------------------------------------------------------
      5756        244         32         16        444       5316   Library Totals

    ----------------------------------------------------------------------

==============================================================================


      Code (inc. data)   RO Data    RW Data    ZI Data      Debug   

     98636       6294      47280     101936      80504    1757404   Grand Totals
     98636       6294      47280        876      80504    1757404   ELF Image Totals (compressed)
     98636       6294      47280        876          0          0   ROM Totals

==============================================================================

    Total RO  Size (Code + RO Data)               145916 ( 142.50kB)
    Total RW  Size (RW Data + ZI Data)            182440 ( 178.16kB)
    Total ROM Size (Code + RO Data + RW Data)     146792 ( 143.35kB)

==============================================================================

