Component: ARM Compiler 5.06 update 6 (build 750) Tool: armlink [4d35ed]

==============================================================================

Section Cross References

    main.o(i.CheckRetCode) refers to _printf_percent.o(.ARM.Collect$$_printf_percent$$00000000) for _printf_percent
    main.o(i.CheckRetCode) refers to _printf_d.o(.ARM.Collect$$_printf_percent$$00000009) for _printf_d
    main.o(i.CheckRetCode) refers to _printf_dec.o(.text) for _printf_int_dec
    main.o(i.CheckRetCode) refers to _printf_s.o(.ARM.Collect$$_printf_percent$$00000014) for _printf_s
    main.o(i.CheckRetCode) refers to _printf_str.o(.text) for _printf_str
    main.o(i.CheckRetCode) refers to noretval__2printf.o(.text) for __2printf
    main.o(i.DebugFrame) refers to putc.o(.text) for putc
    main.o(i.DebugFrame) refers to stdio_streams.o(.bss) for __stdout
    main.o(i.DebugMacFrame) refers to putc.o(.text) for putc
    main.o(i.DebugMacFrame) refers to stdio_streams.o(.bss) for __stdout
    main.o(i.HAL_GetTick) refers to rtx_kernel.o(i.osKernelGetTickCount) for osKernelGetTickCount
    main.o(i.SystemClock_Config) refers to stm32f7xx_hal_rcc.o(i.HAL_RCC_OscConfig) for HAL_RCC_OscConfig
    main.o(i.SystemClock_Config) refers to stm32f7xx_hal_pwr_ex.o(i.HAL_PWREx_EnableOverDrive) for HAL_PWREx_EnableOverDrive
    main.o(i.SystemClock_Config) refers to stm32f7xx_hal_rcc.o(i.HAL_RCC_ClockConfig) for HAL_RCC_ClockConfig
    main.o(i.SystemClock_Config) refers to stm32f7xx_hal_rcc_ex.o(i.HAL_RCCEx_GetPeriphCLKConfig) for HAL_RCCEx_GetPeriphCLKConfig
    main.o(i.SystemClock_Config) refers to stm32f7xx_hal_rcc_ex.o(i.HAL_RCCEx_PeriphCLKConfig) for HAL_RCCEx_PeriphCLKConfig
    main.o(i.main) refers to main.o(i.SystemClock_Config) for SystemClock_Config
    main.o(i.main) refers to eventrecorder.o(i.EventRecorderInitialize) for EventRecorderInitialize
    main.o(i.main) refers to eventrecorder.o(i.EventRecorderDisable) for EventRecorderDisable
    main.o(i.main) refers to eventrecorder.o(i.EventRecorderStart) for EventRecorderStart
    main.o(i.main) refers to rtx_kernel.o(i.osKernelInitialize) for osKernelInitialize
    main.o(i.main) refers to ext_led.o(i.Ext_LED_Init) for Ext_LED_Init
    main.o(i.main) refers to ext_uart.o(i.Ext_UART_Init) for Ext_UART_Init
    main.o(i.main) refers to ext_led.o(i.Ext_LED_PWM) for Ext_LED_PWM
    main.o(i.main) refers to rtx_mempool.o(i.osMemoryPoolNew) for osMemoryPoolNew
    main.o(i.main) refers to rtx_evflags.o(i.osEventFlagsNew) for osEventFlagsNew
    main.o(i.main) refers to rtx_msgqueue.o(i.osMessageQueueNew) for osMessageQueueNew
    main.o(i.main) refers to rtx_thread.o(i.osThreadNew) for osThreadNew
    main.o(i.main) refers to rtx_kernel.o(i.osKernelStart) for osKernelStart
    main.o(i.main) refers to main.o(.bss) for gTokenInterface
    main.o(i.main) refers to main.o(.data) for memPool
    main.o(i.main) refers to main.o(.constdata) for queue_macSBuffer_attr
    main.o(i.main) refers to debug.o(i.DebugStation) for DebugStation
    main.o(i.main) refers to phy_receiver.o(i.PhReceiver) for PhReceiver
    main.o(i.main) refers to phy_sender.o(i.PhSender) for PhSender
    main.o(i.main) refers to mac_receiver.o(i.MacReceiver) for MacReceiver
    main.o(i.main) refers to mac_sender.o(i.MacSender) for MacSender
    main.o(i.main) refers to time_receiver.o(i.TimeReceiver) for TimeReceiver
    main.o(i.main) refers to time_sender.o(i.TimeSender) for TimeSender
    main.o(i.main) refers to chat_receiver.o(i.ChatReceiver) for ChatReceiver
    main.o(i.main) refers to chat_sender.o(i.ChatSender) for ChatSender
    main.o(i.main) refers to touch.o(i.Touch) for Touch
    main.o(i.main) refers to lcd.o(i.LCD) for LCD
    main.o(.constdata) refers to main.o(.conststring) for .conststring
    lcd.o(i.LCD) refers to _printf_percent.o(.ARM.Collect$$_printf_percent$$00000000) for _printf_percent
    lcd.o(i.LCD) refers to _printf_d.o(.ARM.Collect$$_printf_percent$$00000009) for _printf_d
    lcd.o(i.LCD) refers to _printf_dec.o(.text) for _printf_int_dec
    lcd.o(i.LCD) refers to _printf_s.o(.ARM.Collect$$_printf_percent$$00000014) for _printf_s
    lcd.o(i.LCD) refers to _printf_str.o(.text) for _printf_str
    lcd.o(i.LCD) refers to gfx.o(i.gfxInit) for gfxInit
    lcd.o(i.LCD) refers to gdisp.o(i.gdispGClear) for gdispGClear
    lcd.o(i.LCD) refers to gdisp_fonts.o(i.gdispOpenFont) for gdispOpenFont
    lcd.o(i.LCD) refers to gwin.o(i.gwinSetDefaultFont) for gwinSetDefaultFont
    lcd.o(i.LCD) refers to gwin_widget.o(i.gwinSetDefaultStyle) for gwinSetDefaultStyle
    lcd.o(i.LCD) refers to gui.o(i.guiInit) for guiInit
    lcd.o(i.LCD) refers to gevent.o(i.geventListenerInit) for geventListenerInit
    lcd.o(i.LCD) refers to gwin_widget.o(i.gwinAttachListener) for gwinAttachListener
    lcd.o(i.LCD) refers to gui.o(i.guiShowPage) for guiShowPage
    lcd.o(i.LCD) refers to noretval__2sprintf.o(.text) for __2sprintf
[...]
    0x080039c8   0x080039c8   0x00000020   Code   RO         1295    i.EvrRtxMemoryBlockFree  rtx_evr.o
    0x080039e8   0x080039e8   0x00000020   Code   RO         1296    i.EvrRtxMemoryBlockInit  rtx_evr.o
    0x08003a08   0x08003a08   0x00000020   Code   RO         1297    i.EvrRtxMemoryFree  rtx_evr.o
    0x08003a28   0x08003a28   0x0000001c   Code   RO         1298    i.EvrRtxMemoryInit  rtx_evr.o
    0x08003a44   0x08003a44   0x00000018   Code   RO         1299    i.EvrRtxMemoryPoolAlloc  rtx_evr.o
    0x08003a5c   0x08003a5c   0x00000014   Code   RO         1300    i.EvrRtxMemoryPoolAllocFailed  rtx_evr.o
    0x08003a70   0x08003a70   0x00000018   Code   RO         1301    i.EvrRtxMemoryPoolAllocPending  rtx_evr.o
    0x08003a88   0x08003a88   0x00000014   Code   RO         1302    i.EvrRtxMemoryPoolAllocTimeout  rtx_evr.o
    0x08003a9c   0x08003a9c   0x00000018   Code   RO         1303    i.EvrRtxMemoryPoolAllocated  rtx_evr.o
    0x08003ab4   0x08003ab4   0x00000018   Code   RO         1304    i.EvrRtxMemoryPoolCreated  rtx_evr.o
    0x08003acc   0x08003acc   0x00000018   Code   RO         1305    i.EvrRtxMemoryPoolDeallocated  rtx_evr.o
    0x08003ae4   0x08003ae4   0x00000014   Code   RO         1308    i.EvrRtxMemoryPoolError  rtx_evr.o
    0x08003af8   0x08003af8   0x00000018   Code   RO         1309    i.EvrRtxMemoryPoolFree  rtx_evr.o
    0x08003b10   0x08003b10   0x00000018   Code   RO         1310    i.EvrRtxMemoryPoolFreeFailed  rtx_evr.o
    0x08003b28   0x08003b28   0x00000020   Code   RO         1316    i.EvrRtxMemoryPoolNew  rtx_evr.o
    0x08003b48   0x08003b48   0x00000018   Code   RO         1317    i.EvrRtxMessageQueueCreated  rtx_evr.o
    0x08003b60   0x08003b60   0x00000014   Code   RO         1320    i.EvrRtxMessageQueueError  rtx_evr.o
    0x08003b74   0x08003b74   0x00000020   Code   RO         1321    i.EvrRtxMessageQueueGet  rtx_evr.o
    0x08003b94   0x08003b94   0x00000020   Code   RO         1326    i.EvrRtxMessageQueueGetPending  rtx_evr.o
    0x08003bb4   0x08003bb4   0x00000014   Code   RO         1328    i.EvrRtxMessageQueueGetTimeout  rtx_evr.o
    0x08003bc8   0x08003bc8   0x00000018   Code   RO         1329    i.EvrRtxMessageQueueInsertPending  rtx_evr.o
    0x08003be0   0x08003be0   0x00000018   Code   RO         1330    i.EvrRtxMessageQueueInserted  rtx_evr.o
    0x08003bf8   0x08003bf8   0x00000020   Code   RO         1331    i.EvrRtxMessageQueueNew  rtx_evr.o
    0x08003c18   0x08003c18   0x00000018   Code   RO         1332    i.EvrRtxMessageQueueNotInserted  rtx_evr.o
    0x08003c30   0x08003c30   0x00000018   Code   RO         1333    i.EvrRtxMessageQueueNotRetrieved  rtx_evr.o
    0x08003c48   0x08003c48   0x00000020   Code   RO         1334    i.EvrRtxMessageQueuePut  rtx_evr.o
    0x08003c68   0x08003c68   0x00000020   Code   RO         1335    i.EvrRtxMessageQueuePutPending  rtx_evr.o
    0x08003c88   0x08003c88   0x00000014   Code   RO         1336    i.EvrRtxMessageQueuePutTimeout  rtx_evr.o
    0x08003c9c   0x08003c9c   0x00000018   Code   RO         1339    i.EvrRtxMessageQueueRetrieved  rtx_evr.o
    0x08003cb4   0x08003cb4   0x00000018   Code   RO         1340    i.EvrRtxThreadBlocked  rtx_evr.o
    0x08003ccc   0x08003ccc   0x00000028   Code   RO         1341    i.EvrRtxThreadCreated  rtx_evr.o
    0x08003cf4   0x08003cf4   0x00000014   Code   RO         1342    i.EvrRtxThreadDestroyed  rtx_evr.o
    0x08003d08   0x08003d08   0x00000014   Code   RO         1346    i.EvrRtxThreadError  rtx_evr.o
    0x08003d1c   0x08003d1c   0x00000014   Code   RO         1347    i.EvrRtxThreadExit  rtx_evr.o
    0x08003d30   0x08003d30   0x00000020   Code   RO         1355    i.EvrRtxThreadFlagsWaitCompleted  rtx_evr.o
    0x08003d50   0x08003d50   0x00000014   Code   RO         1358    i.EvrRtxThreadFlagsWaitTimeout  rtx_evr.o
    0x08003d64   0x08003d64   0x00000014   Code   RO         1360    i.EvrRtxThreadGetId  rtx_evr.o
    0x08003d78   0x08003d78   0x00000014   Code   RO         1368    i.EvrRtxThreadJoined  rtx_evr.o
    0x08003d8c   0x08003d8c   0x00000020   Code   RO         1369    i.EvrRtxThreadNew   rtx_evr.o
    0x08003dac   0x08003dac   0x00000014   Code   RO         1370    i.EvrRtxThreadPreempted  rtx_evr.o
    0x08003dc0   0x08003dc0   0x00000014   Code   RO         1377    i.EvrRtxThreadSwitched  rtx_evr.o
    0x08003dd4   0x08003dd4   0x00000018   Code   RO         1379    i.EvrRtxThreadUnblocked  rtx_evr.o
    0x08003dec   0x08003dec   0x00000014   Code   RO         1380    i.EvrRtxThreadYield  rtx_evr.o
    0x08003e00   0x08003e00   0x00000018   Code   RO         1381    i.EvrRtxTimerCallback  rtx_evr.o
    0x08003e18   0x08003e18   0x0000016c   Code   RO         6414    i.Ext_Keyboard_Init  ext_keyboard.o
    0x08003f84   0x08003f84   0x0000025c   Code   RO         6456    i.Ext_LED_Init      ext_led.o
    0x080041e0   0x080041e0   0x00000058   Code   RO         6457    i.Ext_LED_Off       ext_led.o
    0x08004238   0x08004238   0x00000058   Code   RO         6459    i.Ext_LED_PWM       ext_led.o
    0x08004290   0x08004290   0x00000048   Code   RO         6515    i.Ext_UART_Init     ext_uart.o
    0x080042d8   0x080042d8   0x00000124   Code   RO        11202    i.GTimerThreadHandler  gtimer.o
    0x080043fc   0x080043fc   0x00000010   Code   RO         4129    i.GetContext        eventrecorder.o
    0x0800440c   0x0800440c   0x0000044c   Code   RO        10275    i.GetMouseReading   ginput_mouse.o
    0x08004858   0x08004858   0x000000aa   Code   RO         4662    i.HAL_DMA_Abort     stm32f7xx_hal_dma.o
    0x08004902   0x08004902   0x00000028   Code   RO         4663    i.HAL_DMA_Abort_IT  stm32f7xx_hal_dma.o
    0x0800492a   0x0800492a   0x0000006e   Code   RO         4664    i.HAL_DMA_DeInit    stm32f7xx_hal_dma.o
    0x08004998   0x08004998   0x00000240   Code   RO         4667    i.HAL_DMA_IRQHandler  stm32f7xx_hal_dma.o
    0x08004bd8   0x08004bd8   0x000000ec   Code   RO         4668    i.HAL_DMA_Init      stm32f7xx_hal_dma.o
    0x08004cc4   0x08004cc4   0x0000009e   Code   RO         4672    i.HAL_DMA_Start_IT  stm32f7xx_hal_dma.o
    0x08004d62   0x08004d62   0x00000002   PAD
    0x08004d64   0x08004d64   0x00000028   Code   RO         4328    i.HAL_Delay         stm32f7xx_hal.o
    0x08004d8c   0x08004d8c   0x00000180   Code   RO         4806    i.HAL_GPIO_DeInit   stm32f7xx_hal_gpio.o
    0x08004f0c   0x08004f0c   0x00000048   Code   RO          436    i.HAL_GPIO_EXTI_Callback  chat_sender.o
    0x08004f54   0x08004f54   0x0000001c   Code   RO         4808    i.HAL_GPIO_EXTI_IRQHandler  stm32f7xx_hal_gpio.o
    0x08004f70   0x08004f70   0x00000218   Code   RO         4809    i.HAL_GPIO_Init     stm32f7xx_hal_gpio.o
    0x08005188   0x08005188   0x00000010   Code   RO         4811    i.HAL_GPIO_ReadPin  stm32f7xx_hal_gpio.o
    0x08005198   0x08005198   0x0000000c   Code   RO         4813    i.HAL_GPIO_WritePin  stm32f7xx_hal_gpio.o
    0x080051a4   0x080051a4   0x00000008   Code   RO            7    i.HAL_GetTick       main.o
    0x080051ac   0x080051ac   0x0000004c   Code   RO         4344    i.HAL_InitTick      stm32f7xx_hal.o
    0x080051f8   0x080051f8   0x00000024   Code   RO         4522    i.HAL_NVIC_ClearPendingIRQ  stm32f7xx_hal_cortex.o
    0x0800521c   0x0800521c   0x00000044   Code   RO         4523    i.HAL_NVIC_DisableIRQ  stm32f7xx_hal_cortex.o
    0x08005260   0x08005260   0x00000020   Code   RO         4524    i.HAL_NVIC_EnableIRQ  stm32f7xx_hal_cortex.o
    0x08005280   0x08005280   0x0000007c   Code   RO         4530    i.HAL_NVIC_SetPriority  stm32f7xx_hal_cortex.o
    0x080052fc   0x080052fc   0x00000090   Code   RO         5002    i.HAL_PWREx_EnableOverDrive  stm32f7xx_hal_pwr_ex.o
    0x0800538c   0x0800538c   0x000001a4   Code   RO         5194    i.HAL_RCCEx_GetPeriphCLKConfig  stm32f7xx_hal_rcc_ex.o
    0x08005530   0x08005530   0x000001cc   Code   RO         5195    i.HAL_RCCEx_GetPeriphCLKFreq  stm32f7xx_hal_rcc_ex.o
    0x080056fc   0x080056fc   0x000006e0   Code   RO         5196    i.HAL_RCCEx_PeriphCLKConfig  stm32f7xx_hal_rcc_ex.o
    0x08005ddc   0x08005ddc   0x00000194   Code   RO         5089    i.HAL_RCC_ClockConfig  stm32f7xx_hal_rcc.o
    0x08005f70   0x08005f70   0x0000000c   Code   RO         5094    i.HAL_RCC_GetHCLKFreq  stm32f7xx_hal_rcc.o
    0x08005f7c   0x08005f7c   0x00000020   Code   RO         5096    i.HAL_RCC_GetPCLK1Freq  stm32f7xx_hal_rcc.o
    0x08005f9c   0x08005f9c   0x00000020   Code   RO         5097    i.HAL_RCC_GetPCLK2Freq  stm32f7xx_hal_rcc.o
    0x08005fbc   0x08005fbc   0x000000b0   Code   RO         5098    i.HAL_RCC_GetSysClockFreq  stm32f7xx_hal_rcc.o
    0x0800606c   0x0800606c   0x00000504   Code   RO         5101    i.HAL_RCC_OscConfig  stm32f7xx_hal_rcc.o
    0x08006570   0x08006570   0x000000f2   Code   RO         5417    i.HAL_SPI_Init      stm32f7xx_hal_spi.o
    0x08006662   0x08006662   0x00000002   Code   RO         5419    i.HAL_SPI_MspInit   stm32f7xx_hal_spi.o
    0x08006664   0x08006664   0x00000288   Code   RO         5420    i.HAL_SPI_Receive   stm32f7xx_hal_spi.o
    0x080068ec   0x080068ec   0x000003d2   Code   RO         5426    i.HAL_SPI_TransmitReceive  stm32f7xx_hal_spi.o
    0x08006cbe   0x08006cbe   0x00000034   Code   RO         4535    i.HAL_SYSTICK_Config  stm32f7xx_hal_cortex.o
    0x08006cf2   0x08006cf2   0x00000002   Code   RO         5801    i.HAL_UART_ErrorCallback  stm32f7xx_hal_uart.o
    0x08006cf4   0x08006cf4   0x00000198   Code   RO         5804    i.HAL_UART_IRQHandler  stm32f7xx_hal_uart.o
    0x08006e8c   0x08006e8c   0x00000074   Code   RO         5805    i.HAL_UART_Init     stm32f7xx_hal_uart.o
    0x08006f00   0x08006f00   0x00000078   Code   RO         6516    i.HAL_UART_MspInit  ext_uart.o
    0x08006f78   0x08006f78   0x000000e4   Code   RO         5810    i.HAL_UART_Receive_IT  stm32f7xx_hal_uart.o
    0x0800705c   0x0800705c   0x00000104   Code   RO          596    i.HAL_UART_RxCpltCallback  phy_receiver.o
    0x08007160   0x08007160   0x00000014   Code   RO          630    i.HAL_UART_TxCpltCallback  phy_sender.o
    0x08007174   0x08007174   0x00000018   Code   RO         3747    i.I2C3_Control      i2c_stm32f7xx.o
    0x0800718c   0x0800718c   0x00000010   Code   RO         3748    i.I2C3_ER_IRQHandler  i2c_stm32f7xx.o
    0x0800719c   0x0800719c   0x00000010   Code   RO         3749    i.I2C3_EV_IRQHandler  i2c_stm32f7xx.o
    0x080071ac   0x080071ac   0x00000010   Code   RO         3750    i.I2C3_GetDataCount  i2c_stm32f7xx.o
    0x080071bc   0x080071bc   0x00000010   Code   RO         3751    i.I2C3_GetStatus    i2c_stm32f7xx.o
    0x080071cc   0x080071cc   0x00000014   Code   RO         3752    i.I2C3_Initialize   i2c_stm32f7xx.o
    0x080071e0   0x080071e0   0x00000020   Code   RO         3753    i.I2C3_MasterReceive  i2c_stm32f7xx.o
    0x08007200   0x08007200   0x00000020   Code   RO         3754    i.I2C3_MasterTransmit  i2c_stm32f7xx.o
    0x08007220   0x08007220   0x00000014   Code   RO         3755    i.I2C3_PowerControl  i2c_stm32f7xx.o
    0x08007234   0x08007234   0x00000018   Code   RO         3756    i.I2C3_SlaveReceive  i2c_stm32f7xx.o
    0x0800724c   0x0800724c   0x00000018   Code   RO         3757    i.I2C3_SlaveTransmit  i2c_stm32f7xx.o
    0x08007264   0x08007264   0x00000010   Code   RO         3758    i.I2C3_Uninitialize  i2c_stm32f7xx.o
    0x08007274   0x08007274   0x0000000c   Code   RO         3759    i.I2CX_GetCapabilities  i2c_stm32f7xx.o
    0x08007280   0x08007280   0x00000010   Code   RO         3760    i.I2CX_GetVersion   i2c_stm32f7xx.o
    0x08007290   0x08007290   0x00000304   Code   RO         3761    i.I2C_Control       i2c_stm32f7xx.o
    0x08007594   0x08007594   0x00000096   Code   RO         3762    i.I2C_ER_IRQHandler  i2c_stm32f7xx.o
    0x0800762a   0x0800762a   0x00000002   PAD
    0x0800762c   0x0800762c   0x00000278   Code   RO         3763    i.I2C_EV_IRQHandler  i2c_stm32f7xx.o
    0x080078a4   0x080078a4   0x00000008   Code   RO         3764    i.I2C_GetDataCount  i2c_stm32f7xx.o
    0x080078ac   0x080078ac   0x000000cc   Code   RO         3765    i.I2C_GetSCLRatio   i2c_stm32f7xx.o
    0x08007978   0x08007978   0x00000008   Code   RO         3766    i.I2C_GetStatus     i2c_stm32f7xx.o
    0x08007980   0x08007980   0x00000130   Code   RO         3767    i.I2C_GetTimingValue  i2c_stm32f7xx.o
    0x08007ab0   0x08007ab0   0x000001e4   Code   RO         3768    i.I2C_Initialize    i2c_stm32f7xx.o
    0x08007c94   0x08007c94   0x0000015c   Code   RO         3769    i.I2C_MasterReceive  i2c_stm32f7xx.o
    0x08007df0   0x08007df0   0x00000152   Code   RO         3770    i.I2C_MasterTransmit  i2c_stm32f7xx.o
    0x08007f42   0x08007f42   0x00000002   PAD
    0x08007f44   0x08007f44   0x000003a4   Code   RO         3771    i.I2C_PowerControl  i2c_stm32f7xx.o
    0x080082e8   0x080082e8   0x0000005c   Code   RO         3772    i.I2C_SlaveReceive  i2c_stm32f7xx.o
    0x08008344   0x08008344   0x00000088   Code   RO         3773    i.I2C_SlaveTransmit  i2c_stm32f7xx.o
    0x080083cc   0x080083cc   0x00000034   Code   RO         3774    i.I2C_Uninitialize  i2c_stm32f7xx.o
    0x08008400   0x08008400   0x00000030   Code   RO         4237    i.ITM_SendChar      retarget_io.o
    0x08008430   0x08008430   0x00000018   Code   RO        12311    i.ImageDestroy      gwin_image.o
    0x08008448   0x08008448   0x00000152   Code   RO        12312    i.ImageRedraw       gwin_image.o
    0x0800859a   0x0800859a   0x00000018   Code   RO         1029    i.IsIrqMasked       rtx_delay.o
    0x080085b2   0x080085b2   0x00000018   Code   RO         1116    i.IsIrqMasked       rtx_evflags.o
    0x080085ca   0x080085ca   0x00000018   Code   RO         2135    i.IsIrqMasked       rtx_kernel.o
    0x080085e2   0x080085e2   0x00000018   Code   RO         2480    i.IsIrqMasked       rtx_mempool.o
    0x080085fa   0x080085fa   0x00000018   Code   RO         2642    i.IsIrqMasked       rtx_msgqueue.o
    0x08008612   0x08008612   0x00000018   Code   RO         2820    i.IsIrqMasked       rtx_mutex.o
    0x0800862a   0x0800862a   0x00000018   Code   RO         2927    i.IsIrqMasked       rtx_semaphore.o
    0x08008642   0x08008642   0x00000018   Code   RO         3099    i.IsIrqMasked       rtx_thread.o
    0x0800865a   0x0800865a   0x00000010   Code   RO         1030    i.IsIrqMode         rtx_delay.o
    0x0800866a   0x0800866a   0x00000010   Code   RO         1117    i.IsIrqMode         rtx_evflags.o
    0x0800867a   0x0800867a   0x00000010   Code   RO         2136    i.IsIrqMode         rtx_kernel.o
    0x0800868a   0x0800868a   0x00000010   Code   RO         2481    i.IsIrqMode         rtx_mempool.o
    0x0800869a   0x0800869a   0x00000010   Code   RO         2643    i.IsIrqMode         rtx_msgqueue.o
    0x080086aa   0x080086aa   0x00000010   Code   RO         2821    i.IsIrqMode         rtx_mutex.o
    0x080086ba   0x080086ba   0x00000010   Code   RO         2928    i.IsIrqMode         rtx_semaphore.o
    0x080086ca   0x080086ca   0x00000010   Code   RO         3100    i.IsIrqMode         rtx_thread.o
    0x080086da   0x080086da   0x00000010   Code   RO         2137    i.IsPrivileged      rtx_kernel.o
    0x080086ea   0x080086ea   0x00000002   PAD
    0x080086ec   0x080086ec   0x00000704   Code   RO          373    i.LCD               lcd.o
    0x08008df0   0x08008df0   0x000000f0   Code   RO          572    i.MacReceiver       mac_receiver.o
    0x08008ee0   0x08008ee0   0x000001ec   Code   RO          548    i.MacSender         mac_sender.o
    0x080090cc   0x080090cc   0x0000000a   Code   RO         2429    i.MemBlockPtr       rtx_memory.o
    0x080090d6   0x080090d6   0x00000034   Code   RO         2644    i.MessageQueueGet   rtx_msgqueue.o
    0x0800910a   0x0800910a   0x0000004c   Code   RO         2645    i.MessageQueuePut   rtx_msgqueue.o
    0x08009156   0x08009156   0x00000022   Code   RO         2646    i.MessageQueueRemove  rtx_msgqueue.o
    0x08009178   0x08009178   0x00000038   Code   RO        10276    i.MousePoll         ginput_mouse.o
    0x080091b0   0x080091b0   0x00000008   Code   RO         3642    i.OS_Tick_AcknowledgeIRQ  os_systick.o
    0x080091b8   0x080091b8   0x00000030   Code   RO         3644    i.OS_Tick_Enable    os_systick.o
    0x080091e8   0x080091e8   0x00000006   Code   RO         3647    i.OS_Tick_GetIRQn   os_systick.o
    0x080091ee   0x080091ee   0x00000002   PAD
    0x080091f0   0x080091f0   0x00000050   Code   RO         3650    i.OS_Tick_Setup     os_systick.o
    0x08009240   0x08009240   0x00000114   Code   RO          597    i.PhReceiver        phy_receiver.o
    0x08009354   0x08009354   0x00000070   Code   RO          631    i.PhSender          phy_sender.o
    0x080093c4   0x080093c4   0x00000002   Code   RO         9757    i.ROMClose          gfile_fs_rom.o
    0x080093c6   0x080093c6   0x00000014   Code   RO         9758    i.ROMEof            gfile_fs_rom.o
    0x080093da   0x080093da   0x00000014   Code   RO         9759    i.ROMExists         gfile_fs_rom.o
    0x080093ee   0x080093ee   0x00000016   Code   RO         9760    i.ROMFilesize       gfile_fs_rom.o
    0x08009404   0x08009404   0x00000030   Code   RO         9761    i.ROMFindFile       gfile_fs_rom.o
    0x08009434   0x08009434   0x00000008   Code   RO         9762    i.ROMGetsize        gfile_fs_rom.o
    0x0800943c   0x0800943c   0x00000018   Code   RO         9763    i.ROMOpen           gfile_fs_rom.o
    0x08009454   0x08009454   0x00000038   Code   RO         9764    i.ROMRead           gfile_fs_rom.o
    0x0800948c   0x0800948c   0x00000012   Code   RO         9765    i.ROMSetpos         gfile_fs_rom.o
    0x0800949e   0x0800949e   0x00000010   Code   RO        12426    i.RadioMouseDown    gwin_radio.o
    0x080094ae   0x080094ae   0x0000000c   Code   RO        12671    i.RedrawTimerFn     gwin_wm.o
    0x080094ba   0x080094ba   0x00000002   PAD
    0x080094bc   0x080094bc   0x00000010   Code   RO         3924    i.SAI2_A_DMA_Complete  sai_stm32f7xx.o
    0x080094cc   0x080094cc   0x00000010   Code   RO         3925    i.SAI2_B_DMA_Complete  sai_stm32f7xx.o
    0x080094dc   0x080094dc   0x0000001c   Code   RO         3926    i.SAI2_Control      sai_stm32f7xx.o
    0x080094f8   0x080094f8   0x00000010   Code   RO         3927    i.SAI2_GetCapabilities  sai_stm32f7xx.o
    0x08009508   0x08009508   0x00000010   Code   RO         3928    i.SAI2_GetRxCount   sai_stm32f7xx.o
    0x08009518   0x08009518   0x00000010   Code   RO         3929    i.SAI2_GetStatus    sai_stm32f7xx.o
    0x08009528   0x08009528   0x00000010   Code   RO         3930    i.SAI2_GetTxCount   sai_stm32f7xx.o
    0x08009538   0x08009538   0x00000010   Code   RO         3931    i.SAI2_IRQHandler   sai_stm32f7xx.o
    0x08009548   0x08009548   0x00000014   Code   RO         3932    i.SAI2_Initialize   sai_stm32f7xx.o
    0x0800955c   0x0800955c   0x00000014   Code   RO         3933    i.SAI2_PowerControl  sai_stm32f7xx.o
    0x08009570   0x08009570   0x00000018   Code   RO         3934    i.SAI2_Receive      sai_stm32f7xx.o
    0x08009588   0x08009588   0x00000018   Code   RO         3935    i.SAI2_Send         sai_stm32f7xx.o
    0x080095a0   0x080095a0   0x00000010   Code   RO         3936    i.SAI2_Uninitialize  sai_stm32f7xx.o
    0x080095b0   0x080095b0   0x000007f2   Code   RO         3937    i.SAI_Control       sai_stm32f7xx.o
    0x08009da2   0x08009da2   0x00000006   Code   RO         3938    i.SAI_GetCapabilities  sai_stm32f7xx.o
    0x08009da8   0x08009da8   0x00000024   Code   RO         3939    i.SAI_GetRxCount    sai_stm32f7xx.o
    0x08009dcc   0x08009dcc   0x0000008a   Code   RO         3940    i.SAI_GetStatus     sai_stm32f7xx.o
    0x08009e56   0x08009e56   0x00000024   Code   RO         3941    i.SAI_GetTxCount    sai_stm32f7xx.o
    0x08009e7a   0x08009e7a   0x00000002   PAD
    0x08009e7c   0x08009e7c   0x00000010   Code   RO         3942    i.SAI_GetVersion    sai_stm32f7xx.o
    0x08009e8c   0x08009e8c   0x00000208   Code   RO         3943    i.SAI_IRQHandler    sai_stm32f7xx.o
    0x0800a094   0x0800a094   0x000003b8   Code   RO         3944    i.SAI_Initialize    sai_stm32f7xx.o
    0x0800a44c   0x0800a44c   0x000002c0   Code   RO         3945    i.SAI_PowerControl  sai_stm32f7xx.o
    0x0800a70c   0x0800a70c   0x0000003e   Code   RO         3946    i.SAI_RX_DMA_Complete  sai_stm32f7xx.o
    0x0800a74a   0x0800a74a   0x00000112   Code   RO         3947    i.SAI_Receive       sai_stm32f7xx.o
    0x0800a85c   0x0800a85c   0x00000112   Code   RO         3948    i.SAI_Send          sai_stm32f7xx.o
    0x0800a96e   0x0800a96e   0x0000003e   Code   RO         3949    i.SAI_TX_DMA_Complete  sai_stm32f7xx.o
    0x0800a9ac   0x0800a9ac   0x000000dc   Code   RO         3950    i.SAI_Uninitialize  sai_stm32f7xx.o
    0x0800aa88   0x0800aa88   0x00000082   Code   RO         5456    i.SPI_EndRxTransaction  stm32f7xx_hal_spi.o
    0x0800ab0a   0x0800ab0a   0x00000064   Code   RO         5457    i.SPI_EndRxTxTransaction  stm32f7xx_hal_spi.o
    0x0800ab6e   0x0800ab6e   0x000000aa   Code   RO         5464    i.SPI_WaitFifoStateUntilTimeout  stm32f7xx_hal_spi.o
    0x0800ac18   0x0800ac18   0x000000a8   Code   RO         5465    i.SPI_WaitFlagStateUntilTimeout  stm32f7xx_hal_spi.o
    0x0800acc0   0x0800acc0   0x00000018   Code   RO         2929    i.SemaphoreTokenDecrement  rtx_semaphore.o
    0x0800acd8   0x0800acd8   0x0000001e   Code   RO         2930    i.SemaphoreTokenIncrement  rtx_semaphore.o
    0x0800acf6   0x0800acf6   0x00000002   PAD
    0x0800acf8   0x0800acf8   0x00000054   Code   RO        12058    i.SendCheckboxEvent  gwin_checkbox.o
    0x0800ad4c   0x0800ad4c   0x000000d4   Code   RO        10277    i.SendMouseEvent    ginput_mouse.o
    0x0800ae20   0x0800ae20   0x00000040   Code   RO        12427    i.SendRadioEvent    gwin_radio.o
    0x0800ae60   0x0800ae60   0x00000080   Code   RO            8    i.SystemClock_Config  main.o
    0x0800aee0   0x0800aee0   0x00000064   Code   RO         6344    i.SystemInit        system_stm32f7xx.o
    0x0800af44   0x0800af44   0x00000056   Code   RO         3101    i.ThreadFlagsCheck  rtx_thread.o
    0x0800af9a   0x0800af9a   0x00000002   PAD
    0x0800af9c   0x0800af9c   0x00000060   Code   RO          524    i.TimeReceiver      time_receiver.o
    0x0800affc   0x0800affc   0x000000d4   Code   RO          496    i.TimeSender        time_sender.o
    0x0800b0d0   0x0800b0d0   0x00000040   Code   RO         3518    i.TimerInsert       rtx_timer.o
    0x0800b110   0x0800b110   0x00000018   Code   RO         3520    i.TimerUnlink       rtx_timer.o
    0x0800b128   0x0800b128   0x00000184   Code   RO          407    i.Touch             touch.o
    0x0800b2ac   0x0800b2ac   0x000000f8   Code   RO         5819    i.UART_AdvFeatureConfig  stm32f7xx_hal_uart.o
    0x0800b3a4   0x0800b3a4   0x00000048   Code   RO         5820    i.UART_CheckIdleState  stm32f7xx_hal_uart.o
    0x0800b3ec   0x0800b3ec   0x00000018   Code   RO         5821    i.UART_DMAAbortOnError  stm32f7xx_hal_uart.o
    0x0800b404   0x0800b404   0x00000022   Code   RO         5831    i.UART_EndRxTransfer  stm32f7xx_hal_uart.o
    0x0800b426   0x0800b426   0x00000020   Code   RO         5832    i.UART_EndTransmit_IT  stm32f7xx_hal_uart.o
    0x0800b446   0x0800b446   0x0000006c   Code   RO         5834    i.UART_RxISR_16BIT  stm32f7xx_hal_uart.o
    0x0800b4b2   0x0800b4b2   0x00000068   Code   RO         5835    i.UART_RxISR_8BIT   stm32f7xx_hal_uart.o
    0x0800b51a   0x0800b51a   0x00000002   PAD
    0x0800b51c   0x0800b51c   0x000003a8   Code   RO         5836    i.UART_SetConfig    stm32f7xx_hal_uart.o
    0x0800b8c4   0x0800b8c4   0x000000b4   Code   RO         5839    i.UART_WaitOnFlagUntilTimeout  stm32f7xx_hal_uart.o
    0x0800b978   0x0800b978   0x00000010   Code   RO         6517    i.USART6_IRQHandler  ext_uart.o
    0x0800b988   0x0800b988   0x00000040   Code   RO        12672    i.WM_Add            gwin_wm.o
    0x0800b9c8   0x0800b9c8   0x00000002   Code   RO        12673    i.WM_DeInit         gwin_wm.o
    0x0800b9ca   0x0800b9ca   0x00000002   PAD
    0x0800b9cc   0x0800b9cc   0x00000028   Code   RO        12674    i.WM_Delete         gwin_wm.o
    0x0800b9f4   0x0800b9f4   0x00000002   Code   RO        12675    i.WM_Init           gwin_wm.o
    0x0800b9f6   0x0800b9f6   0x00000002   Code   RO        12676    i.WM_MinMax         gwin_wm.o
    0x0800b9f8   0x0800b9f8   0x000001f2   Code   RO        12677    i.WM_Move           gwin_wm.o
    0x0800bbea   0x0800bbea   0x00000002   PAD
    0x0800bbec   0x0800bbec   0x0000009c   Code   RO        12678    i.WM_Raise          gwin_wm.o
    0x0800bc88   0x0800bc88   0x00000178   Code   RO        12679    i.WM_Redraw         gwin_wm.o
    0x0800be00   0x0800be00   0x000001a4   Code   RO        12680    i.WM_Size           gwin_wm.o
    0x0800bfa4   0x0800bfa4   0x00000074   Code   RO         6560    i._FMC_SDRAM_Init   stm32f746g_discovery_sdram.o
    0x0800c018   0x0800c018   0x0000000e   Code   RO         6561    i._FMC_SDRAM_ProgramRefreshRate  stm32f746g_discovery_sdram.o
    0x0800c026   0x0800c026   0x00000056   Code   RO         6562    i._FMC_SDRAM_SendCommand  stm32f746g_discovery_sdram.o
    0x0800c07c   0x0800c07c   0x00000098   Code   RO         6563    i._FMC_SDRAM_Timing_Init  stm32f746g_discovery_sdram.o
    0x0800c114   0x0800c114   0x00000f5c   Code   RO         6564    i._HAL_DMA_DeInit   stm32f746g_discovery_sdram.o
    0x0800d070   0x0800d070   0x00000078   Code   RO         6565    i._HAL_DMA_Init     stm32f746g_discovery_sdram.o
    0x0800d0e8   0x0800d0e8   0x00000038   Code   RO         6566    i._HAL_SDRAM_Init   stm32f746g_discovery_sdram.o
    0x0800d120   0x0800d120   0x00000028   Code   RO         6567    i._HAL_SDRAM_ProgramRefreshRate  stm32f746g_discovery_sdram.o
    0x0800d148   0x0800d148   0x0000003a   Code   RO         6568    i._HAL_SDRAM_SendCommand  stm32f746g_discovery_sdram.o
    0x0800d182   0x0800d182   0x00000002   PAD
    0x0800d184   0x0800d184   0x0000001c   Code   RO         3951    i.__NVIC_ClearPendingIRQ  sai_stm32f7xx.o
    0x0800d1a0   0x0800d1a0   0x0000001a   Code   RO         3952    i.__NVIC_EnableIRQ  sai_stm32f7xx.o
    0x0800d1ba   0x0800d1ba   0x00000002   PAD
    0x0800d1bc   0x0800d1bc   0x00000010   Code   RO         4537    i.__NVIC_GetPriorityGrouping  stm32f7xx_hal_cortex.o
    0x0800d1cc   0x0800d1cc   0x00000028   Code   RO         4538    i.__NVIC_SetPriority  stm32f7xx_hal_cortex.o
    0x0800d1f4   0x0800d1f4   0x00000058   Code   RO         2353    i.__user_perthread_libspace  rtx_lib.o
    0x0800d24c   0x0800d24c   0x00000828   Code   RO          870    i._createPageaddressSelectDisplay  gui.o
    0x0800da74   0x0800da74   0x000008e4   Code   RO          871    i._createPageconfigDisplay  gui.o
    0x0800e358   0x0800e358   0x00000400   Code   RO          872    i._createPagemainDisplay  gui.o
    0x0800e758   0x0800e758   0x000002ac   Code   RO          873    i._createPagestartup  gui.o
    0x0800ea04   0x0800ea04   0x0000002c   Code   RO        12180    i._gcontainerCreate  gwin_container.o
    0x0800ea30   0x0800ea30   0x0000001e   Code   RO        12182    i._gcontainerDestroy  gwin_container.o
    0x0800ea4e   0x0800ea4e   0x00000002   Code   RO        12183    i._gcontainerInit   gwin_container.o
    0x0800ea50   0x0800ea50   0x00000044   Code   RO         7429    i._gdispDeInitDriver  gdisp.o
    0x0800ea94   0x0800ea94   0x0000002c   Code   RO         7431    i._gdispInit        gdisp.o
    0x0800eac0   0x0800eac0   0x0000003e   Code   RO         7432    i._gdispInitDriver  gdisp.o
    0x0800eafe   0x0800eafe   0x00000002   PAD
    0x0800eb00   0x0800eb00   0x00000040   Code   RO         7433    i._gdispPostInitDriver  gdisp.o
    0x0800eb40   0x0800eb40   0x00000002   Code   RO         8902    i._gdriverInit      gdriver.o
    0x0800eb42   0x0800eb42   0x00000002   PAD
    0x0800eb44   0x0800eb44   0x00000010   Code   RO         9135    i._geventInit       gevent.o
    0x0800eb54   0x0800eb54   0x000000f8   Code   RO         9400    i._gfileFindSlot    gfile.o
    0x0800ec4c   0x0800ec4c   0x00000002   Code   RO         9401    i._gfileInit        gfile.o
    0x0800ec4e   0x0800ec4e   0x00000008   Code   RO        10066    i._ginputInit       ginput.o
    0x0800ec56   0x0800ec56   0x00000002   Code   RO        10278    i._gmouseDeInitDriver  ginput_mouse.o
    0x0800ec58   0x0800ec58   0x00000020   Code   RO        10280    i._gmouseInit       ginput_mouse.o
    0x0800ec78   0x0800ec78   0x00000054   Code   RO        10281    i._gmouseInitDriver  ginput_mouse.o
    0x0800eccc   0x0800eccc   0x0000003c   Code   RO        10282    i._gmousePostInitDriver  ginput_mouse.o
    0x0800ed08   0x0800ed08   0x00000014   Code   RO        10881    i._gosHeapInit      gos_x_heap.o
    0x0800ed1c   0x0800ed1c   0x00000008   Code   RO        10780    i._gosInit          gos_cmsis2.o
    0x0800ed24   0x0800ed24   0x00000002   Code   RO        10781    i._gosPostInit      gos_cmsis2.o
    0x0800ed26   0x0800ed26   0x00000002   Code   RO        10933    i._gqueueInit       gqueue.o
    0x0800ed28   0x0800ed28   0x00000030   Code   RO        11204    i._gtimerInit       gtimer.o
    0x0800ed58   0x0800ed58   0x00000074   Code   RO        12510    i._gwidgetCreate    gwin_widget.o
    0x0800edcc   0x0800edcc   0x0000002a   Code   RO        12512    i._gwidgetDestroy   gwin_widget.o
    0x0800edf6   0x0800edf6   0x00000002   PAD
    0x0800edf8   0x0800edf8   0x00000030   Code   RO        12513    i._gwidgetInit      gwin_widget.o
    0x0800ee28   0x0800ee28   0x0000001a   Code   RO        12514    i._gwidgetRedraw    gwin_widget.o
    0x0800ee42   0x0800ee42   0x00000002   PAD
    0x0800ee44   0x0800ee44   0x00000068   Code   RO        11624    i._gwinDestroy      gwin.o
    0x0800eeac   0x0800eeac   0x00000038   Code   RO        12681    i._gwinDrawEnd      gwin_wm.o
    0x0800eee4   0x0800eee4   0x0000004c   Code   RO        12682    i._gwinDrawStart    gwin_wm.o
    0x0800ef30   0x0800ef30   0x0000014c   Code   RO        12683    i._gwinFlushRedraws  gwin_wm.o
    0x0800f07c   0x0800f07c   0x00000010   Code   RO        11625    i._gwinInit         gwin.o
    0x0800f08c   0x0800f08c   0x000000a4   Code   RO        12684    i._gwinRippleVisibility  gwin_wm.o
    0x0800f130   0x0800f130   0x00000048   Code   RO        12515    i._gwinSendEvent    gwin_widget.o
    0x0800f178   0x0800f178   0x00000034   Code   RO        12685    i._gwinUpdate       gwin_wm.o
    0x0800f1ac   0x0800f1ac   0x00000058   Code   RO        12686    i._gwinWMAdd        gwin_wm.o
    0x0800f204   0x0800f204   0x00000084   Code   RO        11626    i._gwindowCreate    gwin.o
    0x0800f288   0x0800f288   0x00000054   Code   RO        12688    i._gwmInit          gwin_wm.o
    0x0800f2dc   0x0800f2dc   0x0000000e   Code   RO        12907    i._is_digit         c_w.l(__printf_wp.o)
    0x0800f2ea   0x0800f2ea   0x00000002   PAD
    0x0800f2ec   0x0800f2ec   0x00000138   Code   RO         6874    i._ltdc_init        gdisp_lld_stm32ltdc.o
    0x0800f424   0x0800f424   0x000000f4   Code   RO         6875    i._ltdc_layer_init  gdisp_lld_stm32ltdc.o
    0x0800f518   0x0800f518   0x00000028   Code   RO         6876    i._ltdc_reload      gdisp_lld_stm32ltdc.o
    0x0800f540   0x0800f540   0x00000016   Code   RO         2354    i._mutex_acquire    rtx_lib.o
    0x0800f556   0x0800f556   0x0000000c   Code   RO         2355    i._mutex_free       rtx_lib.o
    0x0800f562   0x0800f562   0x00000022   Code   RO         2356    i._mutex_initialize  rtx_lib.o
    0x0800f584   0x0800f584   0x00000012   Code   RO         2357    i._mutex_release    rtx_lib.o
    0x0800f596   0x0800f596   0x00000008   Code   RO         2358    i._platform_post_stackheap_init  rtx_lib.o
    0x0800f59e   0x0800f59e   0x00000026   Code   RO         4238    i._sys_close        retarget_io.o
    0x0800f5c4   0x0800f5c4   0x00000024   Code   RO         4239    i._sys_flen         retarget_io.o
    0x0800f5e8   0x0800f5e8   0x00000024   Code   RO         4240    i._sys_istty        retarget_io.o
    0x0800f60c   0x0800f60c   0x00000068   Code   RO         4241    i._sys_open         retarget_io.o
    0x0800f674   0x0800f674   0x0000002c   Code   RO         4243    i._sys_seek         retarget_io.o
    0x0800f6a0   0x0800f6a0   0x00000046   Code   RO         4244    i._sys_write        retarget_io.o
    0x0800f6e6   0x0800f6e6   0x00000048   Code   RO         8856    i.append_char       mf_wordwrap.o
    0x0800f72e   0x0800f72e   0x0000006e   Code   RO         8857    i.append_word       mf_wordwrap.o
    0x0800f79c   0x0800f79c   0x0000000e   Code   RO         8724    i.avg16             mf_kerning.o
    0x0800f7aa   0x0800f7aa   0x00000040   Code   RO          874    i.background_Display_Background  gui.o
    0x0800f7ea   0x0800f7ea   0x00000040   Code   RO          875    i.background_gray   gui.o
    0x0800f82a   0x0800f82a   0x00000002   PAD
    0x0800f82c   0x0800f82c   0x000001f4   Code   RO         6877    i.configureLcdPins  gdisp_lld_stm32ltdc.o
    0x0800fa20   0x0800fa20   0x00000042   Code   RO         4130    i.crc16_ccitt       eventrecorder.o
    0x0800fa62   0x0800fa62   0x00000002   PAD
    0x0800fa64   0x0800fa64   0x00000038   Code   RO         9136    i.deleteAssignments  gevent.o
    0x0800fa9c   0x0800fa9c   0x00000020   Code   RO         6878    i.dma2d_init        gdisp_lld_stm32ltdc.o
    0x0800fabc   0x0800fabc   0x0000001a   Code   RO         9137    i.doExitEvent       gevent.o
    0x0800fad6   0x0800fad6   0x00000026   Code   RO         8725    i.do_kerning        mf_kerning.o
    0x0800fafc   0x0800fafc   0x00000028   Code   RO         7434    i.drawcharglyph     gdisp.o
    0x0800fb24   0x0800fb24   0x000000b0   Code   RO         7435    i.drawcharline      gdisp.o
    0x0800fbd4   0x0800fbd4   0x0000005c   Code   RO         7436    i.drawpixel         gdisp.o
    0x0800fc30   0x0800fc30   0x00000046   Code   RO         7437    i.drawpixel_clip    gdisp.o
    0x0800fc76   0x0800fc76   0x000000d4   Code   RO         7438    i.fillarea          gdisp.o
    0x0800fd4a   0x0800fd4a   0x00000002   PAD
    0x0800fd4c   0x0800fd4c   0x00000028   Code   RO         7439    i.fillcharglyph     gdisp.o
    0x0800fd74   0x0800fd74   0x00000090   Code   RO         7440    i.fillcharline      gdisp.o
    0x0800fe04   0x0800fe04   0x0000002e   Code   RO         8761    i.fillentry_bitcount  mf_rlefont.o
    0x0800fe32   0x0800fe32   0x0000003c   Code   RO         8762    i.find_glyph        mf_rlefont.o
    0x0800fe6e   0x0800fe6e   0x00000022   Code   RO         8726    i.fit_leftedge      mf_kerning.o
    0x0800fe90   0x0800fe90   0x00000026   Code   RO         8727    i.fit_rightedge     mf_kerning.o
    0x0800feb6   0x0800feb6   0x0000001a   Code   RO        12970    i.fputc             c_w.l(fputc.o)
    0x0800fed0   0x0800fed0   0x00000038   Code   RO         7009    i.ft5336Init        gmouse_lld_ft5336.o
    0x0800ff08   0x0800ff08   0x0000003c   Code   RO         7010    i.ft5336ReadXYZ     gmouse_lld_ft5336.o
    0x0800ff44   0x0800ff44   0x0000006c   Code   RO         7441    i.gdispBlendColor   gdisp.o
    0x0800ffb0   0x0800ffb0   0x00000294   Code   RO         7443    i.gdispGBlitArea    gdisp.o
    0x08010244   0x08010244   0x000000ea   Code   RO         7444    i.gdispGClear       gdisp.o
    0x0801032e   0x0801032e   0x000000a6   Code   RO         7445    i.gdispGControl     gdisp.o
    0x080103d4   0x080103d4   0x000000ca   Code   RO         7446    i.gdispGDrawBox     gdisp.o
    0x0801049e   0x0801049e   0x00000002   PAD
    0x080104a0   0x080104a0   0x00000088   Code   RO         7447    i.gdispGDrawChar    gdisp.o
    0x08010528   0x08010528   0x000001b0   Code   RO         7448    i.gdispGDrawCircle  gdisp.o
    0x080106d8   0x080106d8   0x00000050   Code   RO         7449    i.gdispGDrawLine    gdisp.o
    0x08010728   0x08010728   0x00000044   Code   RO         7450    i.gdispGDrawPixel   gdisp.o
    0x0801076c   0x0801076c   0x00000174   Code   RO         7452    i.gdispGDrawStringBox  gdisp.o
    0x080108e0   0x080108e0   0x000000c4   Code   RO         7453    i.gdispGFillArea    gdisp.o
    0x080109a4   0x080109a4   0x00000154   Code   RO         7455    i.gdispGFillCircle  gdisp.o
    0x08010af8   0x08010af8   0x00000214   Code   RO         7457    i.gdispGFillStringBox  gdisp.o
    0x08010d0c   0x08010d0c   0x00000024   Code   RO         7458    i.gdispGFlush       gdisp.o
    0x08010d30   0x08010d30   0x00000008   Code   RO         7461    i.gdispGGetHeight   gdisp.o
    0x08010d38   0x08010d38   0x00000006   Code   RO         7462    i.gdispGGetOrientation  gdisp.o
    0x08010d3e   0x08010d3e   0x00000008   Code   RO         7465    i.gdispGGetWidth    gdisp.o
    0x08010d46   0x08010d46   0x00000096   Code   RO         8028    i.gdispGImageDraw   gdisp_image.o
    0x08010ddc   0x08010ddc   0x00000262   Code   RO         8158    i.gdispGImageDraw_BMP  gdisp_image_bmp.o
    0x0801103e   0x0801103e   0x000000ac   Code   RO         7466    i.gdispGSetClip     gdisp.o
    0x080110ea   0x080110ea   0x00000016   Code   RO         7467    i.gdispGetCharWidth  gdisp.o
    0x08011100   0x08011100   0x00000042   Code   RO         7470    i.gdispGetFontMetric  gdisp.o
    0x08011142   0x08011142   0x00000012   Code   RO         7471    i.gdispGetStringWidth  gdisp.o
    0x08011154   0x08011154   0x0000001e   Code   RO         7472    i.gdispGetStringWidthCount  gdisp.o
    0x08011172   0x08011172   0x00000006   Code   RO         8159    i.gdispImageAdjustPalette_BMP  gdisp_image_bmp.o
    0x08011178   0x08011178   0x0000000e   Code   RO         8030    i.gdispImageAlloc   gdisp_image.o
    0x08011186   0x08011186   0x0000011a   Code   RO         8160    i.gdispImageCache_BMP  gdisp_image_bmp.o
    0x080112a0   0x080112a0   0x00000028   Code   RO         8032    i.gdispImageClose   gdisp_image.o
    0x080112c8   0x080112c8   0x0000003e   Code   RO         8161    i.gdispImageClose_BMP  gdisp_image_bmp.o
    0x08011306   0x08011306   0x00000010   Code   RO         8033    i.gdispImageFree    gdisp_image.o
    0x08011316   0x08011316   0x00000006   Code   RO         8162    i.gdispImageGetPaletteSize_BMP  gdisp_image_bmp.o
    0x0801131c   0x0801131c   0x00000006   Code   RO         8163    i.gdispImageGetPalette_BMP  gdisp_image_bmp.o
    0x08011322   0x08011322   0x00000006   Code   RO         8036    i.gdispImageInit    gdisp_image.o
    0x08011328   0x08011328   0x00000014   Code   RO         8037    i.gdispImageIsOpen  gdisp_image.o
    0x0801133c   0x0801133c   0x00000008   Code   RO         8164    i.gdispImageNext_BMP  gdisp_image_bmp.o
    0x08011344   0x08011344   0x0000007c   Code   RO         8039    i.gdispImageOpenGFile  gdisp_image.o
    0x080113c0   0x080113c0   0x0000026e   Code   RO         8165    i.gdispImageOpen_BMP  gdisp_image_bmp.o
    0x0801162e   0x0801162e   0x0000000a   Code   RO         8040    i.gdispImageSetBgColor  gdisp_image.o
    0x08011638   0x08011638   0x00000058   Code   RO         7947    i.gdispOpenFont     gdisp_fonts.o
    0x08011690   0x08011690   0x0000009c   Code   RO         6879    i.gdisp_lld_control  gdisp_lld_stm32ltdc.o
    0x0801172c   0x0801172c   0x000000cc   Code   RO         6880    i.gdisp_lld_draw_pixel  gdisp_lld_stm32ltdc.o
    0x080117f8   0x080117f8   0x0000017c   Code   RO         6881    i.gdisp_lld_fill_area  gdisp_lld_stm32ltdc.o
    0x08011974   0x08011974   0x000000c4   Code   RO         6882    i.gdisp_lld_get_pixel_color  gdisp_lld_stm32ltdc.o
    0x08011a38   0x08011a38   0x0000010c   Code   RO         6883    i.gdisp_lld_init    gdisp_lld_stm32ltdc.o
    0x08011b44   0x08011b44   0x00000030   Code   RO         8904    i.gdriverGetInstance  gdriver.o
    0x08011b74   0x08011b74   0x00000024   Code   RO         8905    i.gdriverGetNext    gdriver.o
    0x08011b98   0x08011b98   0x00000094   Code   RO         8907    i.gdriverRegister   gdriver.o
    0x08011c2c   0x08011c2c   0x00000024   Code   RO        12011    i.getButtonColors   gwin_button.o
    0x08011c50   0x08011c50   0x00000024   Code   RO        12059    i.getCheckboxColors  gwin_checkbox.o
    0x08011c74   0x08011c74   0x00000024   Code   RO        12428    i.getDrawColors     gwin_radio.o
    0x08011c98   0x08011c98   0x0000036c   Code   RO         8166    i.getPixels         gdisp_image_bmp.o
    0x08012004   0x08012004   0x000000c2   Code   RO         8858    i.get_wordlen       mf_wordwrap.o
    0x080120c6   0x080120c6   0x00000012   Code   RO        12360    i.getheight         gwin_label.o
    0x080120d8   0x080120d8   0x00000016   Code   RO        12361    i.getwidth          gwin_label.o
    0x080120ee   0x080120ee   0x00000002   PAD
    0x080120f0   0x080120f0   0x00000080   Code   RO         9138    i.geventAttachSource  gevent.o
    0x08012170   0x08012170   0x00000028   Code   RO         9140    i.geventDetachSourceListeners  gevent.o
    0x08012198   0x08012198   0x0000002a   Code   RO         9142    i.geventEventWait   gevent.o
    0x080121c2   0x080121c2   0x00000002   PAD
    0x080121c4   0x080121c4   0x00000044   Code   RO         9143    i.geventGetEventBuffer  gevent.o
    0x08012208   0x08012208   0x00000074   Code   RO         9144    i.geventGetSourceListener  gevent.o
    0x0801227c   0x0801227c   0x0000001a   Code   RO         9145    i.geventListenerInit  gevent.o
    0x08012296   0x08012296   0x00000002   PAD
    0x08012298   0x08012298   0x00000038   Code   RO         9146    i.geventRegisterCallback  gevent.o
    0x080122d0   0x080122d0   0x00000050   Code   RO         9147    i.geventSendEvent   gevent.o
    0x08012320   0x08012320   0x00000026   Code   RO         9402    i.gfileClose        gfile.o
    0x08012346   0x08012346   0x00000014   Code   RO         9407    i.gfileGetPos       gfile.o
    0x0801235a   0x0801235a   0x00000002   PAD
    0x0801235c   0x0801235c   0x0000003c   Code   RO         9410    i.gfileOpen         gfile.o
    0x08012398   0x08012398   0x00000042   Code   RO         9411    i.gfileRead         gfile.o
    0x080123da   0x080123da   0x00000030   Code   RO         9413    i.gfileSetPos       gfile.o
    0x0801240a   0x0801240a   0x00000018   Code   RO        10882    i.gfxAddHeapBlock   gos_x_heap.o
    0x08012422   0x08012422   0x00000002   PAD
    0x08012424   0x08012424   0x00000060   Code   RO        10883    i.gfxAlloc          gos_x_heap.o
    0x08012484   0x08012484   0x00000084   Code   RO        10884    i.gfxFree           gos_x_heap.o
    0x08012508   0x08012508   0x00000040   Code   RO         9872    i.gfxInit           gfx.o
    0x08012548   0x08012548   0x0000000e   Code   RO        10782    i.gfxMutexInit      gos_cmsis2.o
    0x08012556   0x08012556   0x00000008   Code   RO        10936    i.gfxQueueASyncInit  gqueue.o
    0x0801255e   0x0801255e   0x00000018   Code   RO        10943    i.gfxQueueASyncPut  gqueue.o
    0x08012576   0x08012576   0x0000001c   Code   RO        10944    i.gfxQueueASyncPutI  gqueue.o
    0x08012592   0x08012592   0x00000018   Code   RO        10945    i.gfxQueueASyncRemove  gqueue.o
    0x080125aa   0x080125aa   0x00000042   Code   RO        10946    i.gfxQueueASyncRemoveI  gqueue.o
    0x080125ec   0x080125ec   0x00000016   Code   RO        10783    i.gfxSemInit        gos_cmsis2.o
    0x08012602   0x08012602   0x00000026   Code   RO        10784    i.gfxSemWait        gos_cmsis2.o
    0x08012628   0x08012628   0x00000040   Code   RO        10785    i.gfxThreadCreate   gos_cmsis2.o
    0x08012668   0x08012668   0x0000001c   Code   RO        10285    i.ginputGetMouse    ginput_mouse.o
    0x08012684   0x08012684   0x00000010   Code   RO         1005    i.gstudioGetFont    resources_manager.o
    0x08012694   0x08012694   0x00000010   Code   RO         1000    i.gstudioGetImage   resources_manager.o
    0x080126a4   0x080126a4   0x00000010   Code   RO          995    i.gstudioGetImageFilePath  resources_manager.o
    0x080126b4   0x080126b4   0x00000006   Code   RO        11206    i.gtimerInit        gtimer.o
    0x080126ba   0x080126ba   0x0000001c   Code   RO        11207    i.gtimerIsActive    gtimer.o
    0x080126d6   0x080126d6   0x00000002   PAD
    0x080126d8   0x080126d8   0x00000034   Code   RO        11208    i.gtimerJab         gtimer.o
    0x0801270c   0x0801270c   0x00000108   Code   RO        11210    i.gtimerStart       gtimer.o
    0x08012814   0x08012814   0x0000002c   Code   RO          876    i.guiInit           gui.o
    0x08012840   0x08012840   0x000000b4   Code   RO          982    i.guiResourcesManagerInit  resources_manager.o
    0x080128f4   0x080128f4   0x00000084   Code   RO          877    i.guiShowPage       gui.o
    0x08012978   0x08012978   0x0000014a   Code   RO        12516    i.gwidgetEvent      gwin_widget.o
    0x08012ac2   0x08012ac2   0x00000002   PAD
    0x08012ac4   0x08012ac4   0x00000014   Code   RO        12517    i.gwinAttachListener  gwin_widget.o
    0x08012ad8   0x08012ad8   0x00000148   Code   RO        12013    i.gwinButtonDraw_Normal  gwin_button.o
    0x08012c20   0x08012c20   0x0000004c   Code   RO        12060    i.gwinCheckboxCheck  gwin_checkbox.o
    0x08012c6c   0x08012c6c   0x00000104   Code   RO        12062    i.gwinCheckboxDraw_CheckOnLeft  gwin_checkbox.o
    0x08012d70   0x08012d70   0x0000002c   Code   RO        12064    i.gwinCheckboxIsChecked  gwin_checkbox.o
    0x08012d9c   0x08012d9c   0x00000040   Code   RO        12185    i.gwinContainerDraw_Std  gwin_container.o
    0x08012ddc   0x08012ddc   0x0000004c   Code   RO        12186    i.gwinContainerDraw_Transparent  gwin_container.o
    0x08012e28   0x08012e28   0x0000000e   Code   RO        11630    i.gwinDestroy       gwin.o
    0x08012e36   0x08012e36   0x00000002   PAD
    0x08012e38   0x08012e38   0x0000002c   Code   RO        12015    i.gwinGButtonCreate  gwin_button.o
    0x08012e64   0x08012e64   0x0000002c   Code   RO        12065    i.gwinGCheckboxCreate  gwin_checkbox.o
    0x08012e90   0x08012e90   0x00000044   Code   RO        12121    i.gwinGConsoleCreate  gwin_console.o
    0x08012ed4   0x08012ed4   0x0000003c   Code   RO        12187    i.gwinGContainerCreate  gwin_container.o
    0x08012f10   0x08012f10   0x00000038   Code   RO        12313    i.gwinGImageCreate  gwin_image.o
    0x08012f48   0x08012f48   0x00000090   Code   RO        12362    i.gwinGLabelCreate  gwin_label.o
    0x08012fd8   0x08012fd8   0x00000034   Code   RO        12429    i.gwinGRadioCreate  gwin_radio.o
    0x0801300c   0x0801300c   0x0000000c   Code   RO        11646    i.gwinGetDefaultBgColor  gwin.o
    0x08013018   0x08013018   0x0000000c   Code   RO        11648    i.gwinGetDefaultFont  gwin.o
    0x08013024   0x08013024   0x00000028   Code   RO        12188    i.gwinGetFirstChild  gwin_container.o
    0x0801304c   0x0801304c   0x00000014   Code   RO        12690    i.gwinGetNextWindow  gwin_wm.o
    0x08013060   0x08013060   0x0000002a   Code   RO        12191    i.gwinGetSibling    gwin_container.o
    0x0801308a   0x0801308a   0x00000012   Code   RO        12521    i.gwinGetTag        gwin_widget.o
    0x0801309c   0x0801309c   0x00000048   Code   RO        12315    i.gwinImageOpenGFile  gwin_image.o
    0x080130e4   0x080130e4   0x0000012c   Code   RO        12363    i.gwinLabelDraw     gwin_label.o
    0x08013210   0x08013210   0x00000010   Code   RO        12365    i.gwinLabelDrawJustifiedLeft  gwin_label.o
    0x08013220   0x08013220   0x000002cc   Code   RO        12123    i.gwinPutChar       gwin_console.o
    0x080134ec   0x080134ec   0x0000001a   Code   RO        12125    i.gwinPutString     gwin_console.o
    0x08013506   0x08013506   0x00000002   PAD
    0x08013508   0x08013508   0x000000f8   Code   RO        12431    i.gwinRadioDraw_Radio  gwin_radio.o
    0x08013600   0x08013600   0x0000003c   Code   RO        12433    i.gwinRadioGetActive  gwin_radio.o
    0x0801363c   0x0801363c   0x0000004c   Code   RO        12435    i.gwinRadioPress    gwin_radio.o
    0x08013688   0x08013688   0x00000030   Code   RO        12693    i.gwinRedraw        gwin_wm.o
    0x080136b8   0x080136b8   0x00000020   Code   RO        12695    i.gwinResize        gwin_wm.o
    0x080136d8   0x080136d8   0x0000000c   Code   RO        11652    i.gwinSetDefaultBgColor  gwin.o
    0x080136e4   0x080136e4   0x0000000c   Code   RO        11654    i.gwinSetDefaultFont  gwin.o
    0x080136f0   0x080136f0   0x0000005c   Code   RO        12525    i.gwinSetDefaultStyle  gwin_widget.o
    0x0801374c   0x0801374c   0x00000004   Code   RO        11655    i.gwinSetFont       gwin.o
    0x08013750   0x08013750   0x00000038   Code   RO        12526    i.gwinSetStyle      gwin_widget.o
    0x08013788   0x08013788   0x0000007c   Code   RO        12528    i.gwinSetText       gwin_widget.o
    0x08013804   0x08013804   0x00000034   Code   RO        12698    i.gwinSetVisible    gwin_wm.o
    0x08013838   0x08013838   0x00000014   Code   RO        12529    i.gwinWidgetClearInit  gwin_widget.o
    0x0801384c   0x0801384c   0x00000142   Code   RO         7474    i.hline_clip        gdisp.o
    0x0801398e   0x0801398e   0x00000002   PAD
    0x08013990   0x08013990   0x00000048   Code   RO         6821    i.i2cInit           stm32f7_i2c.o
    0x080139d8   0x080139d8   0x0000008c   Code   RO         6822    i.i2cReadByte       stm32f7_i2c.o
    0x08013a64   0x08013a64   0x00000098   Code   RO         6823    i.i2cReadWord       stm32f7_i2c.o
    0x08013afc   0x08013afc   0x0000006c   Code   RO         6824    i.i2cWriteReg       stm32f7_i2c.o
    0x08013b68   0x08013b68   0x000000a0   Code   RO         7011    i.init_board        gmouse_lld_ft5336.o
    0x08013c08   0x08013c08   0x0000001e   Code   RO         8859    i.is_wrap_space     mf_wordwrap.o
    0x08013c26   0x08013c26   0x00000066   Code   RO         1118    i.isrRtxEventFlagsWait  rtx_evflags.o
    0x08013c8c   0x08013c8c   0x00000058   Code   RO         2482    i.isrRtxMemoryPoolFree  rtx_mempool.o
    0x08013ce4   0x08013ce4   0x00000082   Code   RO         2647    i.isrRtxMessageQueueGet  rtx_msgqueue.o
    0x08013d66   0x08013d66   0x00000086   Code   RO         2648    i.isrRtxMessageQueuePut  rtx_msgqueue.o
    0x08013dec   0x08013dec   0x00000034   Code   RO         3043    i.isr_queue_get     rtx_system.o
    0x08013e20   0x08013e20   0x0000003c   Code   RO         3044    i.isr_queue_put     rtx_system.o
    0x08013e5c   0x08013e5c   0x00000014   Code   RO         6461    i.lightness_to_pwm  ext_led.o
    0x08013e70   0x08013e70   0x00000122   Code   RO         7475    i.line_clip         gdisp.o
    0x08013f92   0x08013f92   0x00000002   PAD
    0x08013f94   0x08013f94   0x0000026c   Code   RO            9    i.main              main.o
    0x08014200   0x08014200   0x0000004e   Code   RO         7949    i.matchfont         gdisp_fonts.o
    0x0801424e   0x0801424e   0x0000000e   Code   RO         8728    i.max16             mf_kerning.o
    0x0801425c   0x0801425c   0x00000020   Code   RO         8531    i.mf_character_width  mf_font.o
    0x0801427c   0x0801427c   0x00000124   Code   RO         8729    i.mf_compute_kerning  mf_kerning.o
    0x080143a0   0x080143a0   0x0000000e   Code   RO         7476    i.mf_countline_callback  gdisp.o
    0x080143ae   0x080143ae   0x00000002   PAD
    0x080143b0   0x080143b0   0x00000044   Code   RO         7477    i.mf_drawline_callback  gdisp.o
    0x080143f4   0x080143f4   0x00000044   Code   RO         7478    i.mf_fillline_callback  gdisp.o
    0x08014438   0x08014438   0x00000008   Code   RO         8533    i.mf_get_font_list  mf_font.o
    0x08014440   0x08014440   0x00000074   Code   RO         8666    i.mf_get_string_width  mf_justify.o
    0x080144b4   0x080144b4   0x00000088   Code   RO         8472    i.mf_getchar        mf_encoding.o
    0x0801453c   0x0801453c   0x0000007e   Code   RO         8667    i.mf_render_aligned  mf_justify.o
    0x080145ba   0x080145ba   0x00000040   Code   RO         8534    i.mf_render_character  mf_font.o
    0x080145fa   0x080145fa   0x00000026   Code   RO         8473    i.mf_rewind         mf_encoding.o
    0x08014620   0x08014620   0x0000001a   Code   RO         8763    i.mf_rlefont_character_width  mf_rlefont.o
    0x0801463a   0x0801463a   0x00000070   Code   RO         8764    i.mf_rlefont_render_character  mf_rlefont.o
    0x080146aa   0x080146aa   0x00000040   Code   RO         8669    i.mf_round_to_prev_tab  mf_justify.o
    0x080146ea   0x080146ea   0x00000040   Code   RO         8670    i.mf_round_to_tab   mf_justify.o
    0x0801472a   0x0801472a   0x00000020   Code   RO         8825    i.mf_scaled_character_width  mf_scaledfont.o
    0x0801474a   0x0801474a   0x00000002   PAD
    0x0801474c   0x0801474c   0x00000060   Code   RO         8826    i.mf_scaled_render_character  mf_scaledfont.o
    0x080147ac   0x080147ac   0x000000ec   Code   RO         8860    i.mf_wordwrap       mf_wordwrap.o
    0x08014898   0x08014898   0x0000003c   Code   RO         1031    i.osDelay           rtx_delay.o
    0x080148d4   0x080148d4   0x00000040   Code   RO         1119    i.osEventFlagsClear  rtx_evflags.o
    0x08014914   0x08014914   0x0000003c   Code   RO         1123    i.osEventFlagsNew   rtx_evflags.o
    0x08014950   0x08014950   0x00000084   Code   RO         1124    i.osEventFlagsSet   rtx_evflags.o
    0x080149d4   0x080149d4   0x00000054   Code   RO         1125    i.osEventFlagsWait  rtx_evflags.o
    0x08014a28   0x08014a28   0x00000030   Code   RO         2141    i.osKernelGetState  rtx_kernel.o
    0x08014a58   0x08014a58   0x0000002c   Code   RO         2144    i.osKernelGetTickCount  rtx_kernel.o
    0x08014a84   0x08014a84   0x0000002c   Code   RO         2145    i.osKernelGetTickFreq  rtx_kernel.o
    0x08014ab0   0x08014ab0   0x00000038   Code   RO         2146    i.osKernelInitialize  rtx_kernel.o
    0x08014ae8   0x08014ae8   0x00000034   Code   RO         2147    i.osKernelLock      rtx_kernel.o
    0x08014b1c   0x08014b1c   0x00000034   Code   RO         2150    i.osKernelStart     rtx_kernel.o
    0x08014b50   0x08014b50   0x00000034   Code   RO         2152    i.osKernelUnlock    rtx_kernel.o
    0x08014b84   0x08014b84   0x00000084   Code   RO         2483    i.osMemoryPoolAlloc  rtx_mempool.o
    0x08014c08   0x08014c08   0x00000040   Code   RO         2485    i.osMemoryPoolFree  rtx_mempool.o
    0x08014c48   0x08014c48   0x0000004c   Code   RO         2491    i.osMemoryPoolNew   rtx_mempool.o
    0x08014c94   0x08014c94   0x00000054   Code   RO         2650    i.osMessageQueueGet  rtx_msgqueue.o
    0x08014ce8   0x08014ce8   0x0000004c   Code   RO         2656    i.osMessageQueueNew  rtx_msgqueue.o
    0x08014d34   0x08014d34   0x00000054   Code   RO         2657    i.osMessageQueuePut  rtx_msgqueue.o
    0x08014d88   0x08014d88   0x00000030   Code   RO         2822    i.osMutexAcquire    rtx_mutex.o
    0x08014db8   0x08014db8   0x0000002c   Code   RO         2823    i.osMutexDelete     rtx_mutex.o
    0x08014de4   0x08014de4   0x0000002c   Code   RO         2826    i.osMutexNew        rtx_mutex.o
    0x08014e10   0x08014e10   0x0000002c   Code   RO         2827    i.osMutexRelease    rtx_mutex.o
    0x08014e3c   0x08014e3c   0x00000020   Code   RO         3716    i.osRtxErrorNotify  rtx_config.o
    0x08014e5c   0x08014e5c   0x00000044   Code   RO         1126    i.osRtxEventFlagsPostProcess  rtx_evflags.o
    0x08014ea0   0x08014ea0   0x00000004   Code   RO         3717    i.osRtxIdleThread   rtx_config.o
    0x08014ea4   0x08014ea4   0x0000000c   Code   RO         3105    i.osRtxKernelGetState  rtx_thread.o
    0x08014eb0   0x08014eb0   0x00000002   Code   RO         2153    i.osRtxKernelPreInit  rtx_kernel.o
    0x08014eb2   0x08014eb2   0x000000ee   Code   RO         2430    i.osRtxMemoryAlloc  rtx_memory.o
    0x08014fa0   0x08014fa0   0x0000007c   Code   RO         2431    i.osRtxMemoryFree   rtx_memory.o
    0x0801501c   0x0801501c   0x0000006a   Code   RO         2432    i.osRtxMemoryInit   rtx_memory.o
    0x08015086   0x08015086   0x00000030   Code   RO         2492    i.osRtxMemoryPoolAlloc  rtx_mempool.o
    0x080150b6   0x080150b6   0x00000044   Code   RO         2493    i.osRtxMemoryPoolFree  rtx_mempool.o
    0x080150fa   0x080150fa   0x00000058   Code   RO         2494    i.osRtxMemoryPoolInit  rtx_mempool.o
    0x08015152   0x08015152   0x0000003a   Code   RO         2495    i.osRtxMemoryPoolPostProcess  rtx_mempool.o
    0x0801518c   0x0801518c   0x00000108   Code   RO         2659    i.osRtxMessageQueuePostProcess  rtx_msgqueue.o
    0x08015294   0x08015294   0x0000004e   Code   RO         2828    i.osRtxMutexOwnerRelease  rtx_mutex.o
    0x080152e2   0x080152e2   0x00000002   PAD
    0x080152e4   0x080152e4   0x00000088   Code   RO         3045    i.osRtxPendSV_Handler  rtx_system.o
    0x0801536c   0x0801536c   0x0000003c   Code   RO         3046    i.osRtxPostProcess  rtx_system.o
    0x080153a8   0x080153a8   0x0000002a   Code   RO         2931    i.osRtxSemaphorePostProcess  rtx_semaphore.o
    0x080153d2   0x080153d2   0x00000002   PAD
    0x080153d4   0x080153d4   0x00000040   Code   RO         3106    i.osRtxThreadBlock  rtx_thread.o
    0x08015414   0x08015414   0x00000068   Code   RO         3107    i.osRtxThreadDelayInsert  rtx_thread.o
    0x0801547c   0x0801547c   0x0000005c   Code   RO         3108    i.osRtxThreadDelayRemove  rtx_thread.o
    0x080154d8   0x080154d8   0x000000c8   Code   RO         3109    i.osRtxThreadDelayTick  rtx_thread.o
    0x080155a0   0x080155a0   0x0000006c   Code   RO         3110    i.osRtxThreadDispatch  rtx_thread.o
    0x0801560c   0x0801560c   0x00000064   Code   RO         3111    i.osRtxThreadFree   rtx_thread.o
    0x08015670   0x08015670   0x0000000c   Code   RO         3112    i.osRtxThreadGetRunning  rtx_thread.o
    0x0801567c   0x0801567c   0x0000001a   Code   RO         3113    i.osRtxThreadListGet  rtx_thread.o
    0x08015696   0x08015696   0x0000002c   Code   RO         3114    i.osRtxThreadListPut  rtx_thread.o
    0x080156c2   0x080156c2   0x0000001a   Code   RO         3115    i.osRtxThreadListRemove  rtx_thread.o
    0x080156dc   0x080156dc   0x00000010   Code   RO         3116    i.osRtxThreadListRoot  rtx_thread.o
    0x080156ec   0x080156ec   0x0000002a   Code   RO         3117    i.osRtxThreadListSort  rtx_thread.o
    0x08015716   0x08015716   0x00000034   Code   RO         3119    i.osRtxThreadPostProcess  rtx_thread.o
    0x0801574a   0x0801574a   0x00000002   PAD
    0x0801574c   0x0801574c   0x00000018   Code   RO         3120    i.osRtxThreadReadyPut  rtx_thread.o
    0x08015764   0x08015764   0x00000018   Code   RO         3121    i.osRtxThreadRegPtr  rtx_thread.o
    0x0801577c   0x0801577c   0x0000000c   Code   RO         3122    i.osRtxThreadSetRunning  rtx_thread.o
    0x08015788   0x08015788   0x0000002c   Code   RO         3123    i.osRtxThreadStackCheck  rtx_thread.o
    0x080157b4   0x080157b4   0x0000004c   Code   RO         3124    i.osRtxThreadStartup  rtx_thread.o
    0x08015800   0x08015800   0x0000001c   Code   RO         3125    i.osRtxThreadSwitch  rtx_thread.o
    0x0801581c   0x0801581c   0x0000004c   Code   RO         3126    i.osRtxThreadWaitEnter  rtx_thread.o
    0x08015868   0x08015868   0x00000036   Code   RO         3127    i.osRtxThreadWaitExit  rtx_thread.o
    0x0801589e   0x0801589e   0x00000002   PAD
    0x080158a0   0x080158a0   0x000000a0   Code   RO         3047    i.osRtxTick_Handler  rtx_system.o
    0x08015940   0x08015940   0x00000050   Code   RO         3521    i.osRtxTimerThread  rtx_timer.o
    0x08015990   0x08015990   0x0000005c   Code   RO         3522    i.osRtxTimerTick    rtx_timer.o
    0x080159ec   0x080159ec   0x0000006c   Code   RO         2932    i.osSemaphoreAcquire  rtx_semaphore.o
    0x08015a58   0x08015a58   0x00000038   Code   RO         2936    i.osSemaphoreNew    rtx_semaphore.o
    0x08015a90   0x08015a90   0x00000064   Code   RO         2937    i.osSemaphoreRelease  rtx_semaphore.o
    0x08015af4   0x08015af4   0x00000020   Code   RO         3130    i.osThreadExit      rtx_thread.o
    0x08015b14   0x08015b14   0x0000002c   Code   RO         3136    i.osThreadGetId     rtx_thread.o
    0x08015b40   0x08015b40   0x0000004c   Code   RO         3143    i.osThreadNew       rtx_thread.o
    0x08015b8c   0x08015b8c   0x00000038   Code   RO         3148    i.osThreadYield     rtx_thread.o
    0x08015bc4   0x08015bc4   0x00000020   Code   RO         2359    i.os_kernel_is_active  rtx_lib.o
    0x08015be4   0x08015be4   0x00000018   Code   RO         7012    i.read_byte         gmouse_lld_ft5336.o
    0x08015bfc   0x08015bfc   0x00000018   Code   RO         7013    i.read_word         gmouse_lld_ft5336.o
    0x08015c14   0x08015c14   0x00000072   Code   RO         8671    i.render_left       mf_justify.o
    0x08015c86   0x08015c86   0x0000009a   Code   RO         8672    i.render_right      mf_justify.o
    0x08015d20   0x08015d20   0x0000005a   Code   RO         8827    i.scaled_pixel_callback  mf_scaledfont.o
    0x08015d7a   0x08015d7a   0x00000002   PAD
    0x08015d7c   0x08015d7c   0x00000024   Code   RO         6884    i.set_backlight     gdisp_lld_stm32ltdc.o
    0x08015da0   0x08015da0   0x00000030   Code   RO         7479    i.setglobalwindow   gdisp.o
    0x08015dd0   0x08015dd0   0x0000002e   Code   RO         8765    i.skip_pixels       mf_rlefont.o
    0x08015dfe   0x08015dfe   0x00000008   Code   RO         8861    i.sq16              mf_wordwrap.o
    0x08015e06   0x08015e06   0x0000000c   Code   RO         4245    i.stdout_putchar    retarget_io.o
    0x08015e12   0x08015e12   0x00000060   Code   RO         8673    i.strip_spaces      mf_justify.o
    0x08015e72   0x08015e72   0x00000002   PAD
    0x08015e74   0x08015e74   0x0000002c   Code   RO         1033    i.svcRtxDelay       rtx_delay.o
    0x08015ea0   0x08015ea0   0x00000044   Code   RO         1127    i.svcRtxEventFlagsClear  rtx_evflags.o
    0x08015ee4   0x08015ee4   0x000000a4   Code   RO         1131    i.svcRtxEventFlagsNew  rtx_evflags.o
    0x08015f88   0x08015f88   0x0000009a   Code   RO         1132    i.svcRtxEventFlagsSet  rtx_evflags.o
    0x08016022   0x08016022   0x00000002   PAD
    0x08016024   0x08016024   0x000000ac   Code   RO         1133    i.svcRtxEventFlagsWait  rtx_evflags.o
    0x080160d0   0x080160d0   0x00000018   Code   RO         2155    i.svcRtxKernelGetState  rtx_kernel.o
    0x080160e8   0x080160e8   0x00000014   Code   RO         2158    i.svcRtxKernelGetTickCount  rtx_kernel.o
    0x080160fc   0x080160fc   0x00000014   Code   RO         2159    i.svcRtxKernelGetTickFreq  rtx_kernel.o
    0x08016110   0x08016110   0x00000224   Code   RO         2160    i.svcRtxKernelInitialize  rtx_kernel.o
    0x08016334   0x08016334   0x00000044   Code   RO         2161    i.svcRtxKernelLock  rtx_kernel.o
    0x08016378   0x08016378   0x000000d8   Code   RO         2164    i.svcRtxKernelStart  rtx_kernel.o
    0x08016450   0x08016450   0x00000044   Code   RO         2166    i.svcRtxKernelUnlock  rtx_kernel.o
    0x08016494   0x08016494   0x0000007c   Code   RO         2496    i.svcRtxMemoryPoolAlloc  rtx_mempool.o
    0x08016510   0x08016510   0x0000007c   Code   RO         2498    i.svcRtxMemoryPoolFree  rtx_mempool.o
    0x0801658c   0x0801658c   0x00000188   Code   RO         2504    i.svcRtxMemoryPoolNew  rtx_mempool.o
    0x08016714   0x08016714   0x00000138   Code   RO         2661    i.svcRtxMessageQueueGet  rtx_msgqueue.o
    0x0801684c   0x0801684c   0x00000194   Code   RO         2667    i.svcRtxMessageQueueNew  rtx_msgqueue.o
    0x080169e0   0x080169e0   0x00000128   Code   RO         2668    i.svcRtxMessageQueuePut  rtx_msgqueue.o
    0x08016b08   0x08016b08   0x000000c8   Code   RO         2829    i.svcRtxMutexAcquire  rtx_mutex.o
    0x08016bd0   0x08016bd0   0x000000d4   Code   RO         2830    i.svcRtxMutexDelete  rtx_mutex.o
    0x08016ca4   0x08016ca4   0x00000084   Code   RO         2833    i.svcRtxMutexNew    rtx_mutex.o
    0x08016d28   0x08016d28   0x000000d0   Code   RO         2834    i.svcRtxMutexRelease  rtx_mutex.o
    0x08016df8   0x08016df8   0x0000005c   Code   RO         2938    i.svcRtxSemaphoreAcquire  rtx_semaphore.o
    0x08016e54   0x08016e54   0x000000a0   Code   RO         2942    i.svcRtxSemaphoreNew  rtx_semaphore.o
    0x08016ef4   0x08016ef4   0x00000050   Code   RO         2943    i.svcRtxSemaphoreRelease  rtx_semaphore.o
    0x08016f44   0x08016f44   0x00000090   Code   RO         3151    i.svcRtxThreadExit  rtx_thread.o
    0x08016fd4   0x08016fd4   0x00000012   Code   RO         3157    i.svcRtxThreadGetId  rtx_thread.o
    0x08016fe6   0x08016fe6   0x00000002   PAD
    0x08016fe8   0x08016fe8   0x00000278   Code   RO         3164    i.svcRtxThreadNew   rtx_thread.o
    0x08017260   0x08017260   0x00000044   Code   RO         3169    i.svcRtxThreadYield  rtx_thread.o
    0x080172a4   0x080172a4   0x00000050   Code   RO         9417    i.testopen          gfile.o
    0x080172f4   0x080172f4   0x000000c6   Code   RO         8862    i.tune_lines        mf_wordwrap.o
    0x080173ba   0x080173ba   0x00000142   Code   RO         7480    i.vline_clip        gdisp.o
    0x080174fc   0x080174fc   0x0000005c   Code   RO         8766    i.write_bin_codeword  mf_rlefont.o
    0x08017558   0x08017558   0x00000038   Code   RO         8767    i.write_glyph_codeword  mf_rlefont.o
    0x08017590   0x08017590   0x00000068   Code   RO         8768    i.write_pixels      mf_rlefont.o
    0x080175f8   0x080175f8   0x00000050   Code   RO         8769    i.write_ref_codeword  mf_rlefont.o
    0x08017648   0x08017648   0x00000040   Code   RO         8770    i.write_ref_dictentry  mf_rlefont.o
    0x08017688   0x08017688   0x0000001c   Code   RO         7014    i.write_reg         gmouse_lld_ft5336.o
    0x080176a4   0x080176a4   0x000000a4   Code   RO         8771    i.write_rle_dictentry  mf_rlefont.o
    0x08017748   0x08017748   0x0000000a   Code   RO        13202    x$fpl$fpinit        fz_wm.l(fpinit.o)
    0x08017752   0x08017752   0x00000002   PAD
    0x08017754   0x08017754   0x000002dc   Data   RO           11    .constdata          main.o
    0x08017a30   0x08017a30   0x00000038   Data   RO          878    .constdata          gui.o
    0x08017a68   0x08017a68   0x00000001   Data   RO         1020    .constdata          irq_cm4f.o
    0x08017a69   0x08017a69   0x00000003   PAD
    0x08017a6c   0x08017a6c   0x00000064   Data   RO         2366    .constdata          rtx_lib.o
    0x08017ad0   0x08017ad0   0x000000cc   Data   RO         3776    .constdata          i2c_stm32f7xx.o
    0x08017b9c   0x08017b9c   0x000000f8   Data   RO         3954    .constdata          sai_stm32f7xx.o
    0x08017c94   0x08017c94   0x00000018   Data   RO         4132    .constdata          eventrecorder.o
    0x08017cac   0x08017cac   0x00000017   Data   RO         4246    .constdata          retarget_io.o
    0x08017cc3   0x08017cc3   0x00000008   Data   RO         4674    .constdata          stm32f7xx_hal_dma.o
    0x08017ccb   0x08017ccb   0x00000018   Data   RO         6345    .constdata          system_stm32f7xx.o
    0x08017ce3   0x08017ce3   0x00000065   Data   RO         6462    .constdata          ext_led.o
    0x08017d48   0x08017d48   0x000000f8   Data   RO         6885    .constdata          gdisp_lld_stm32ltdc.o
    0x08017e40   0x08017e40   0x0000003c   Data   RO         7015    .constdata          gmouse_lld_ft5336.o
    0x08017e7c   0x08017e7c   0x00000004   Data   RO         7481    .constdata          gdisp.o
    0x08017e80   0x08017e80   0x00003c50   Data   RO         8536    .constdata          mf_font.o
    0x0801bad0   0x0801bad0   0x00006f68   Data   RO         9766    .constdata          gfile_fs_rom.o
    0x08022a38   0x08022a38   0x00000024   Data   RO        12016    .constdata          gwin_button.o
    0x08022a5c   0x08022a5c   0x00000024   Data   RO        12066    .constdata          gwin_checkbox.o
    0x08022a80   0x08022a80   0x00000014   Data   RO        12126    .constdata          gwin_console.o
    0x08022a94   0x08022a94   0x0000003c   Data   RO        12192    .constdata          gwin_container.o
    0x08022ad0   0x08022ad0   0x00000014   Data   RO        12316    .constdata          gwin_image.o
    0x08022ae4   0x08022ae4   0x00000024   Data   RO        12368    .constdata          gwin_label.o
    0x08022b08   0x08022b08   0x00000024   Data   RO        12436    .constdata          gwin_radio.o
    0x08022b2c   0x08022b2c   0x00000038   Data   RO        12531    .constdata          gwin_widget.o
    0x08022b64   0x08022b64   0x00000028   Data   RO        12701    .constdata          gwin_wm.o
    0x08022b8c   0x08022b8c   0x00000011   Data   RO        12910    .constdata          c_w.l(__printf_flags_wp.o)
    0x08022b9d   0x08022b9d   0x0000000c   Data   RO        12979    .constdata          c_w.l(_monlen.o)
    0x08022ba9   0x08022ba9   0x00000003   PAD
    0x08022bac   0x08022bac   0x000000b1   Data   RO           12    .conststring        main.o
    0x08022c5d   0x08022c5d   0x00000003   PAD
    0x08022c60   0x08022c60   0x000000b7   Data   RO         8537    .conststring        mf_font.o
    0x08022d17   0x08022d17   0x00000001   PAD
    0x08022d18   0x08022d18   0x00000018   Data   RO         9767    .conststring        gfile_fs_rom.o
    0x08022d30   0x08022d30   0x00000007   Data   RO        12017    .conststring        gwin_button.o
    0x08022d37   0x08022d37   0x00000001   PAD
    0x08022d38   0x08022d38   0x00000009   Data   RO        12067    .conststring        gwin_checkbox.o
    0x08022d41   0x08022d41   0x00000003   PAD
    0x08022d44   0x08022d44   0x00000008   Data   RO        12127    .conststring        gwin_console.o
    0x08022d4c   0x08022d4c   0x0000000a   Data   RO        12193    .conststring        gwin_container.o
    0x08022d56   0x08022d56   0x00000002   PAD
    0x08022d58   0x08022d58   0x00000006   Data   RO        12317    .conststring        gwin_image.o
    0x08022d5e   0x08022d5e   0x00000002   PAD
    0x08022d60   0x08022d60   0x00000006   Data   RO        12369    .conststring        gwin_label.o
    0x08022d66   0x08022d66   0x00000002   PAD
    0x08022d68   0x08022d68   0x00000006   Data   RO        12437    .conststring        gwin_radio.o
    0x08022d6e   0x08022d6e   0x00000002   PAD
    0x08022d70   0x08022d70   0x0000000b   Data   RO         2167    .conststrlit        rtx_kernel.o
    0x08022d7b   0x08022d7b   0x00000001   PAD
    0x08022d7c   0x08022d7c   0x00000038   Data   RO         2352    .rodata             rtx_lib.o
    0x08022db4   0x08022db4   0x00000068   Data   RO         2368    .rodata             rtx_lib.o
    0x08022e1c   0x08022e1c   0x00000020   Data   RO        13298    Region$$Table       anon$$obj.o


    Execution Region RW_IRAM2 (Exec base: 0x20000000, Load base: 0x080231a8, Size: 0x00000000, Max: 0x00010000, ABSOLUTE)

    **** No section assigned to this execution region ****


    Execution Region RW_IRAM1 (Exec base: 0x20010000, Load base: 0x08022e3c, Size: 0x0002c8a8, Max: 0x00040000, ABSOLUTE, COMPRESSED[0x0000036c])

    Exec Addr    Load Addr    Size         Type   Attr      Idx    E Section Name        Object

    0x20010000   COMPRESSED   0x000186e0   Data   RW         2360    .bss.os             rtx_lib.o
    0x200286e0   COMPRESSED   0x000001f0   Data   RW         2361    .bss.os.libspace    rtx_lib.o
    0x200288d0   COMPRESSED   0x00000034   Data   RW         2362    .bss.os.msgqueue.cb  rtx_lib.o
    0x20028904   COMPRESSED   0x00000050   Data   RW         2363    .bss.os.msgqueue.mem  rtx_lib.o
    0x20028954   COMPRESSED   0x00000088   Data   RW         2364    .bss.os.thread.cb   rtx_lib.o
    0x200289dc   COMPRESSED   0x00000004   PAD
    0x200289e0   COMPRESSED   0x00000190   Data   RW         2365    .bss.os.thread.stack  rtx_lib.o
    0x20028b70   COMPRESSED   0x00000068   Data   RW           13    .data               main.o
    0x20028bd8   COMPRESSED   0x00000003   Data   RW          599    .data               phy_receiver.o
    0x20028bdb   COMPRESSED   0x00000001   PAD
    0x20028bdc   COMPRESSED   0x000000e0   Data   RW          879    .data               gui.o
    0x20028cbc   COMPRESSED   0x00000008   Data   RW          984    .data               resources_manager.o
    0x20028cc4   COMPRESSED   0x00000005   Data   RW         2367    .data               rtx_lib.o
    0x20028cc9   COMPRESSED   0x00000001   Data   RW         3651    .data               os_systick.o
    0x20028cca   COMPRESSED   0x00000002   PAD
    0x20028ccc   COMPRESSED   0x00000009   Data   RW         4350    .data               stm32f7xx_hal.o
    0x20028cd5   COMPRESSED   0x00000003   PAD
    0x20028cd8   COMPRESSED   0x00000004   Data   RW         6346    .data               system_stm32f7xx.o
    0x20028cdc   COMPRESSED   0x00000008   Data   RW         6417    .data               ext_keyboard.o
    0x20028ce4   COMPRESSED   0x00000005   Data   RW         6826    .data               stm32f7_i2c.o
    0x20028ce9   COMPRESSED   0x00000003   PAD
    0x20028cec   COMPRESSED   0x00000004   Data   RW         7482    .data               gdisp.o
    0x20028cf0   COMPRESSED   0x00000004   Data   RW         7950    .data               gdisp_fonts.o
    0x20028cf4   COMPRESSED   0x00000020   Data   RW         8041    .data               gdisp_image.o
    0x20028d14   COMPRESSED   0x00000008   Data   RW         8909    .data               gdriver.o
    0x20028d1c   COMPRESSED   0x00000004   Data   RW         9149    .data               gevent.o
    0x20028d20   COMPRESSED   0x00000010   Data   RW         9419    .data               gfile.o
    0x20028d30   COMPRESSED   0x00000004   Data   RW         9768    .data               gfile_fs_rom.o
    0x20028d34   COMPRESSED   0x00000001   Data   RW         9873    .data               gfx.o
    0x20028d35   COMPRESSED   0x00000003   PAD
    0x20028d38   COMPRESSED   0x00000004   Data   RW        10887    .data               gos_x_heap.o
    0x20028d3c   COMPRESSED   0x00000015   Data   RW        11212    .data               gtimer.o
    0x20028d51   COMPRESSED   0x00000003   PAD
    0x20028d54   COMPRESSED   0x00000008   Data   RW        11658    .data               gwin.o
    0x20028d5c   COMPRESSED   0x00000004   Data   RW        12532    .data               gwin_widget.o
    0x20028d60   COMPRESSED   0x00000015   Data   RW        12702    .data               gwin_wm.o
    0x20028d75   COMPRESSED   0x00000003   PAD
    0x20028d78   COMPRESSED   0x00000004   Data   RW        12925    .data               c_w.l(stdio_streams.o)
    0x20028d7c   COMPRESSED   0x00000004   Data   RW        12926    .data               c_w.l(stdio_streams.o)
    0x20028d80   COMPRESSED   0x00000004   Data   RW        12927    .data               c_w.l(stdio_streams.o)
    0x20028d84   COMPRESSED   0x00000004   Data   RW        13063    .data               c_w.l(streamlock.o)
    0x20028d88   COMPRESSED   0x000000a4   Data   RW         2168    .data.os            rtx_kernel.o
    0x20028e2c        -       0x00000028   Zero   RW           10    .bss                main.o
    0x20028e54        -       0x00000030   Zero   RW          374    .bss                lcd.o
    0x20028e84        -       0x00000100   Zero   RW          598    .bss                phy_receiver.o
    0x20028f84        -       0x00000040   Zero   RW          983    .bss                resources_manager.o
    0x20028fc4        -       0x0000001c   Zero   RW         3775    .bss                i2c_stm32f7xx.o
    0x20028fe0        -       0x000000f4   Zero   RW         3953    .bss                sai_stm32f7xx.o
    0x200290d4        -       0x00000064   Zero   RW         6416    .bss                ext_keyboard.o
    0x20029138        -       0x00000080   Zero   RW         6518    .bss                ext_uart.o
    0x200291b8        -       0x00000060   Zero   RW         6569    .bss                stm32f746g_discovery_sdram.o
    0x20029218        -       0x00000100   Zero   RW         6825    .bss                stm32f7_i2c.o
    0x20029318        -       0x00000200   Zero   RW         9148    .bss                gevent.o
    0x20029518        -       0x00000060   Zero   RW         9418    .bss                gfile.o
    0x20029578        -       0x0000001c   Zero   RW        10290    .bss                ginput_mouse.o
    0x20029594        -       0x0000ea60   Zero   RW        10886    .bss                gos_x_heap.o
    0x20037ff4        -       0x00000030   Zero   RW        12530    .bss                gwin_widget.o
    0x20038024        -       0x0000001c   Zero   RW        12700    .bss                gwin_wm.o
    0x20038040        -       0x00000054   Zero   RW        12922    .bss                c_w.l(stdio_streams.o)
    0x20038094        -       0x00000054   Zero   RW        12923    .bss                c_w.l(stdio_streams.o)
    0x200380e8        -       0x00000054   Zero   RW        12924    .bss                c_w.l(stdio_streams.o)
    0x2003813c        -       0x0000002c   Zero   RW        12945    .bss                c_w.l(localtime.o)
    0x20038168        -       0x00000060   Zero   RW        13207    .bss                c_w.l(libspace.o)
    0x200381c8   COMPRESSED   0x00000038   PAD
    0x20038200        -       0x000040a4   Zero   RW         4131    .bss.noinit         eventrecorder.o
    0x2003c2a4   COMPRESSED   0x00000004   PAD
    0x2003c2a8        -       0x00000200   Zero   RW         6334    HEAP                startup_stm32f746xx.o
    0x2003c4a8        -       0x00000400   Zero   RW         6333    STACK               startup_stm32f746xx.o


==============================================================================

Image component sizes


      Code (inc. data)   RO Data    RW Data    ZI Data      Debug   Object Name

         0          0          0          0          0       9208   audio_746g_discovery.o
        96         24          0          0          0        571   chat_receiver.o
       404         62          0          0          0       2294   chat_sender.o
      1104        276          0          0          0       1855   debug.o
      1290         88         24          0      16548      21297   eventrecorder.o
       432         48          0          8        100       2118   ext_keyboard.o
       800         62        101          0          0       3630   ext_led.o
       208         28          0          0        128       2422   ext_uart.o
      6036         78          4          4          0      52020   gdisp.o
       166          6          0          4          0       5940   gdisp_fonts.o
       380          4          0         32          0      12904   gdisp_image.o
      2478          4          0          0          0      11548   gdisp_image_bmp.o
      2368        160        248          0          0      22325   gdisp_lld_stm32ltdc.o
       234         20          0          8          0       6371   gdriver.o
       654         60          0          4        512      11244   gevent.o
       562          8          0         16         96      10383   gfile.o
       218          4      28544          4          0       9764   gfile_fs_rom.o
        64          4          0          1          0       2546   gfx.o
         8          0          0          0          0      15934   ginput.o
      1574         36          0          0         28      10757   ginput_mouse.o
       352         32         60          0          0       8096   gmouse_lld_ft5336.o
         0          0          0          0          0       1780   gos_arduino.o
       148         10          0          0          0       4457   gos_cmsis2.o
       272         18          0          4      60000       3934   gos_x_heap.o
       152          0          0          0          0       8334   gqueue.o
       690         64          0         21          0       7698   gtimer.o
      6376       1086         56        224          0      23795   gui.o
       318         42          0          8          0      34997   gwin.o
       494         10         43          0          0       4556   gwin_button.o
       574         24         45          0          0       5921   gwin_checkbox.o
      1050         22         28          0          0       5975   gwin_console.o
       376         16         70          0          0       7159   gwin_container.o
       490         12         26          0          0       3748   gwin_image.o
       500         12         42          0          0       4644   gwin_label.o
       552         28         42          0          0       5923   gwin_radio.o
       964         48         56          4         48      15057   gwin_widget.o
      2576        118         40         21         28      21014   gwin_wm.o
      5172        204        204          0         28      29264   i2c_stm32f7xx.o
       196         12          1          0          0        664   irq_cm4f.o
      1796        320          0          0         48       3924   lcd.o
       240         38          0          0          0       1198   mac_receiver.o
       492         48          0          0          0       1556   mac_sender.o
      1140        284        909        104         40     842517   main.o
         0          0          0          0          0       1348   mf_bwfont.o
       174          0          0          0          0       1961   mf_encoding.o
       104          4      15623          0          0       9907   mf_font.o
       734          0          0          0          0       8018   mf_justify.o
       430          8          0          0          0       5537   mf_kerning.o
       850          0          0          0          0       9863   mf_rlefont.o
       218          6          0          0          0       3705   mf_scaledfont.o
       848          0          0          0          0       7306   mf_wordwrap.o
       142         24          0          1          0       2668   os_systick.o
       536         90          0          3        256       2322   phy_receiver.o
       132         28          0          0          0       1629   phy_sender.o
       228        106          0          8         64       3409   resources_manager.o
       388         30         23          0          0       7142   retarget_io.o
        36          6          0          0          0       1077   rtx_config.o
       144         10          0          0          0      13458   rtx_delay.o
      1566         36          0          0          0      17827   rtx_evflags.o
      1784        360          0          0          0      63760   rtx_evr.o
      1370         82         11        164          0      30731   rtx_kernel.o
       214         12        260     101233          0      13171   rtx_lib.o
       478          0          0          0          0       4395   rtx_memory.o
      1630         30          0          0          0      16880   rtx_mempool.o
      2314         34          0          0          0      24456   rtx_msgqueue.o
      1050         34          0          0          0      12544   rtx_mutex.o
      1060         30          0          0          0      14327   rtx_semaphore.o
       796         42          0          0          0      10237   rtx_system.o
      2760        142          0          0          0      32042   rtx_thread.o
       260         30          0          0          0       3531   rtx_timer.o
      6100        178        248          0        244      66551   sai_stm32f7xx.o
        64         26        456          0       1536        864   startup_stm32f746xx.o
      5430         92          0          0         96      51868   stm32f746g_discovery_sdram.o
       472         40          0          5        256       6415   stm32f7_i2c.o
       116         16          0          9          0       7834   stm32f7xx_hal.o
       368         26          0          0          0      41445   stm32f7xx_hal_cortex.o
      1556         16          8          0          0       8635   stm32f7xx_hal_dma.o
       976        104          0          0          0       5152   stm32f7xx_hal_gpio.o
       144          8          0          0          0       1492   stm32f7xx_hal_pwr_ex.o
      1940         76          0          0          0       6208   stm32f7xx_hal_rcc.o
      2640         46          0          0          0       4316   stm32f7xx_hal_rcc_ex.o
      2438          0          0          0          0       9321   stm32f7xx_hal_spi.o
      2492         86          0          0          0      11782   stm32f7xx_hal_uart.o
       100         18         24          4          0       1395   system_stm32f7xx.o
        96         24          0          0          0        571   time_receiver.o
       212         48          0          0          0       8560   time_sender.o
       388         60          0          0          0       2764   touch.o

    ----------------------------------------------------------------------
     89872       5428      47248     101916      80060    1819766   Object Totals
         0          0         32          0          0          0   (incl. Generated)
        98          0         20         22          4          0   (incl. Padding)

    ----------------------------------------------------------------------

      Code (inc. data)   RO Data    RW Data    ZI Data      Debug   Library Member Name

        90          0          0          0          0          0   __dczerorl2.o
         8          0          0          0          0         68   __main.o
       312          4         17          0          0         92   __printf_flags_wp.o
        14          0          0          0          0         68   __printf_wp.o
         0          0          0          0          0          0   __rtentry.o
        20          0          0          0          0          0   __rtentry2.o
         6          0          0          0          0          0   __rtentry4.o
        52          8          0          0          0          0   __scatter.o
        28          0          0          0          0          0   __scatter_zi.o
         0          0         12          0          0          0   _monlen.o
        44          0          0          0          0        108   _printf_char.o
        48          6          0          0          0         96   _printf_char_common.o
        64          6          0          0          0         84   _printf_char_file_locked.o
         6          0          0          0          0          0   _printf_d.o
       120         16          0          0          0         92   _printf_dec.o
       178          0          0          0          0         88   _printf_intcommon.o
        78          0          0          0          0        108   _printf_pad.o
         0          0          0          0          0          0   _printf_percent.o
         4          0          0          0          0          0   _printf_percent_end.o
         6          0          0          0          0          0   _printf_s.o
        82          0          0          0          0         80   _printf_str.o
        10          0          0          0          0         68   _sputc.o
        10          0          0          0          0         68   defsig_exit.o
        50          0          0          0          0         88   defsig_general.o
        80         58          0          0          0         76   defsig_rtmem_inner.o
        14          0          0          0          0         80   defsig_rtmem_outer.o
        52         38          0          0          0         76   defsig_rtred_inner.o
        14          0          0          0          0         80   defsig_rtred_outer.o
        18          0          0          0          0         80   exit.o
        76          0          0          0          0         88   fclose.o
       470          0          0          0          0         88   flsbuf.o
       324          8          0          0          0        152   fopen_locked.o
        26          0          0          0          0         68   fputc.o
        36          0          0          0          0         80   fputc_locked.o
       248          6          0          0          0         84   fseek.o
        66          0          0          0          0         76   ftell.o
       158          0          0          0          0        128   h1_alloc_mt.o
        62          0          0          0          0         80   h1_extend_mt.o
        10          0          0          0          0         76   h1_final_mt.o
       118          0          0          0          0        108   h1_free_mt.o
        18          0          0          0          0         84   h1_init_mt.o
         6          0          0          0          0        152   heapauxi.o
         4          0          0          0          0        136   hguard.o
         0          0          0          0          0          0   indicate_semi.o
       138          0          0          0          0        168   init_alloc.o
       456         48          0          0          0        116   initio_locked.o
         2          0          0          0          0          0   libinit.o
        18          0          0          0          0          0   libinit2.o
         2          0          0          0          0          0   libshutdown.o
        10          0          0          0          0          0   libshutdown2.o
         8          4          0          0         96         68   libspace.o
       238          0          0          0          0        100   lludivv7m.o
        12          6          0          0         44         68   localtime.o
       184          6          0          0          0         80   localtime_internal.o
         0          0          0          0          0          0   maybetermalloc2.o
       428         10          0          0          0        116   mktime.o
        24          4          0          0          0         84   noretval__2printf.o
        40          6          0          0          0         84   noretval__2sprintf.o
         4          0          0          0          0         68   putc.o
         4          0          0          0          0         68   rt_errno_addr_twolibspace.o
        10          0          0          0          0         76   rt_heap_descriptor_twolibspace.o
        68          0          0          0          0         68   rt_memclr.o
        78          0          0          0          0         80   rt_memclr_w.o
       138          0          0          0          0         68   rt_memcpy_v6.o
       100          0          0          0          0         80   rt_memcpy_w.o
         2          0          0          0          0          0   rtexit.o
        10          0          0          0          0          0   rtexit2.o
       104          0          0          0          0         88   setvbuf_locked.o
       240          6          0          0          0        156   stdio.o
         0          0          0         12        252          0   stdio_streams.o
        24          0          0          0          0         68   strcat.o
       104          0          0          0          0         68   strcmpv7m_pel.o
        72          0          0          0          0         80   strcpy.o
         0          0          0          4          0          0   streamlock.o
        62          0          0          0          0         76   strlen.o
        12          4          0          0          0         68   sys_exit.o
        74          0          0          0          0         80   sys_stackheap_outer.o
        14          0          0          0          0         76   sys_wrch.o
        16          0          0          0          0         80   term_alloc.o
         2          0          0          0          0         68   use_no_semi.o
        10          0          0          0          0        116   fpinit.o

    ----------------------------------------------------------------------
      5756        244         32         16        448       5316   Library Totals
        18          0          3          0         56          0   (incl. Padding)

    ----------------------------------------------------------------------

      Code (inc. data)   RO Data    RW Data    ZI Data      Debug   Library Name

      5728        244         29         16        392       5200   c_w.l
        10          0          0          0          0        116   fz_wm.l

    ----------------------------------------------------------------------
      5756        244         32         16        448       5316   Library Totals

    ----------------------------------------------------------------------

==============================================================================


      Code (inc. data)   RO Data    RW Data    ZI Data      Debug   

     95628       5672      47280     101932      80508    1754170   Grand Totals
     95628       5672      47280        876      80508    1754170   ELF Image Totals (compressed)
     95628       5672      47280        876          0          0   ROM Totals

==============================================================================

    Total RO  Size (Code + RO Data)               142908 ( 139.56kB)
    Total RW  Size (RW Data + ZI Data)            182440 ( 178.16kB)
    Total ROM Size (Code + RO Data + RW Data)     143784 ( 140.41kB)

==============================================================================

